Archive member included to satisfy reference by file (symbol)

app/libapp.a(data_buff.c.obj)
                              (--whole-archive)
app/libapp.a(dn_endianness.c.obj)
                              (--whole-archive)
app/libapp.a(dn_hdlc.c.obj)   (--whole-archive)
app/libapp.a(dn_ipmg.c.obj)   (--whole-archive)
app/libapp.a(dn_ipmt.c.obj)   (--whole-archive)
app/libapp.a(dn_lock.c.obj)   (--whole-archive)
app/libapp.a(dn_serial_mg.c.obj)
                              (--whole-archive)
app/libapp.a(dn_serial_mt.c.obj)
                              (--whole-archive)
app/libapp.a(dn_uart.c.obj)   (--whole-archive)
app/libapp.a(main.c.obj)      (--whole-archive)
app/libapp.a(main_completo.c.obj)
                              (--whole-archive)
zephyr/libzephyr.a(cbprintf.c.obj)
                              (--whole-archive)
zephyr/libzephyr.a(crc32_sw.c.obj)
                              (--whole-archive)
zephyr/libzephyr.a(crc16_sw.c.obj)
                              (--whole-archive)
zephyr/libzephyr.a(crc8_sw.c.obj)
                              (--whole-archive)
zephyr/libzephyr.a(crc7_sw.c.obj)
                              (--whole-archive)
zephyr/libzephyr.a(dec.c.obj)
                              (--whole-archive)
zephyr/libzephyr.a(fdtable.c.obj)
                              (--whole-archive)
zephyr/libzephyr.a(hex.c.obj)
                              (--whole-archive)
zephyr/libzephyr.a(notify.c.obj)
                              (--whole-archive)
zephyr/libzephyr.a(printk.c.obj)
                              (--whole-archive)
zephyr/libzephyr.a(onoff.c.obj)
                              (--whole-archive)
zephyr/libzephyr.a(rb.c.obj)  (--whole-archive)
zephyr/libzephyr.a(sem.c.obj)
                              (--whole-archive)
zephyr/libzephyr.a(thread_entry.c.obj)
                              (--whole-archive)
zephyr/libzephyr.a(timeutil.c.obj)
                              (--whole-archive)
zephyr/libzephyr.a(work_q.c.obj)
                              (--whole-archive)
zephyr/libzephyr.a(heap.c.obj)
                              (--whole-archive)
zephyr/libzephyr.a(heap-validate.c.obj)
                              (--whole-archive)
zephyr/libzephyr.a(cbprintf_complete.c.obj)
                              (--whole-archive)
zephyr/libzephyr.a(configs.c.obj)
                              (--whole-archive)
zephyr/libzephyr.a(soc.c.obj)
                              (--whole-archive)
zephyr/libzephyr.a(power.c.obj)
                              (--whole-archive)
zephyr/libzephyr.a(validate_base_addresses.c.obj)
                              (--whole-archive)
zephyr/libzephyr.a(validate_enabled_instances.c.obj)
                              (--whole-archive)
zephyr/libzephyr.a(log_list.c.obj)
                              (--whole-archive)
zephyr/libzephyr.a(log_core.c.obj)
                              (--whole-archive)
zephyr/libzephyr.a(log_msg.c.obj)
                              (--whole-archive)
zephyr/libzephyr.a(log_output.c.obj)
                              (--whole-archive)
zephyr/libzephyr.a(log_backend_uart.c.obj)
                              (--whole-archive)
zephyr/libzephyr.a(addr_utils.c.obj)
                              (--whole-archive)
zephyr/libzephyr.a(sntp.c.obj)
                              (--whole-archive)
zephyr/libzephyr.a(sntp_simple.c.obj)
                              (--whole-archive)
zephyr/libzephyr.a(getaddrinfo.c.obj)
                              (--whole-archive)
zephyr/libzephyr.a(sockets.c.obj)
                              (--whole-archive)
zephyr/libzephyr.a(sockets_select.c.obj)
                              (--whole-archive)
zephyr/libzephyr.a(socket_offload.c.obj)
                              (--whole-archive)
zephyr/libzephyr.a(power.c.obj)
                              (--whole-archive)
zephyr/libzephyr.a(reboot.c.obj)
                              (--whole-archive)
zephyr/libzephyr.a(policy_residency.c.obj)
                              (--whole-archive)
zephyr/libzephyr.a(uart_console.c.obj)
                              (--whole-archive)
zephyr/libzephyr.a(clock_control_nrf.c.obj)
                              (--whole-archive)
zephyr/libzephyr.a(sys_clock_init.c.obj)
                              (--whole-archive)
zephyr/libzephyr.a(nrf_rtc_timer.c.obj)
                              (--whole-archive)
zephyr/libzephyr.a(secure_services_ns.c.obj)
                              (--whole-archive)
zephyr/arch/common/libarch__common.a(sw_isr_common.c.obj)
                              (--whole-archive)
zephyr/arch/arch/arm/core/aarch32/libarch__arm__core__aarch32.a(swap.c.obj)
                              (--whole-archive)
zephyr/arch/arch/arm/core/aarch32/libarch__arm__core__aarch32.a(irq_manage.c.obj)
                              (--whole-archive)
zephyr/arch/arch/arm/core/aarch32/libarch__arm__core__aarch32.a(thread.c.obj)
                              (--whole-archive)
[...]
Memory Configuration

Name             Origin             Length             Attributes
FLASH            0x0000c000         0x000f4000         xr
SRAM             0x200144e8         0x0002bb18         xw
IDT_LIST         0x20040000         0x00000800         xw
*default*        0x00000000         0xffffffff

Linker script and memory map

LOAD zephyr/CMakeFiles/zephyr_prebuilt.dir/misc/empty_file.c.obj
                0x00000020                _region_min_align = 0x20

.rel.plt        0x0000c000        0x0
 *(SORT_BY_ALIGNMENT(.rel.plt))
                [!provide]                PROVIDE (__rel_iplt_start = .)
 *(SORT_BY_ALIGNMENT(.rel.iplt))
 .rel.iplt      0x0000c000        0x0 app/libapp.a(data_buff.c.obj)
                [!provide]                PROVIDE (__rel_iplt_end = .)

.rela.plt       0x00000000        0x0
 *(SORT_BY_ALIGNMENT(.rela.plt))
                [!provide]                PROVIDE (__rela_iplt_start = .)
 *(SORT_BY_ALIGNMENT(.rela.iplt))
                [!provide]                PROVIDE (__rela_iplt_end = .)

.rel.dyn
 *(SORT_BY_ALIGNMENT(.rel.*))

.rela.dyn
 *(SORT_BY_ALIGNMENT(.rela.*))

/DISCARD/
 *(SORT_BY_ALIGNMENT(.plt))
 *(SORT_BY_ALIGNMENT(.iplt))
 *(SORT_BY_ALIGNMENT(.got.plt))
 *(SORT_BY_ALIGNMENT(.igot.plt))
 *(SORT_BY_ALIGNMENT(.got))
 *(SORT_BY_ALIGNMENT(.igot))
 *(SORT_BY_ALIGNMENT(.note.GNU-stack))
                0x0000c000                _image_rom_start = 0xc000

rom_start       0x0000c000      0x23c
                0x00000000                . = 0x0
                0x00000000                . = ALIGN (0x4)
                0x00000000                . = ALIGN (0x80)
                0x00000000                . = ALIGN (0x200)
                0x0000c000                _vector_start = .
 *(SORT_BY_ALIGNMENT(.exc_vector_table))
 *(SORT_BY_ALIGNMENT(.exc_vector_table.*))
 .exc_vector_table._vector_table_section
                0x0000c000       0x40 zephyr/arch/arch/arm/core/aarch32/cortex_m/libarch__arm__core__aarch32__cortex_m.a(vector_table.S.obj)
                0x0000c000                _vector_table
 *(SORT_BY_ALIGNMENT(.gnu.linkonce.irq_vector_table*))
 .gnu.linkonce.irq_vector_table*
                0x0000c040      0x104 zephyr/arch/common/libisr_tables.a(isr_tables.c.obj)
                0x0000c040                _irq_vector_table
 *(SORT_BY_ALIGNMENT(.vectors))
                0x0000c144                _vector_end = .
 *(SORT_BY_ALIGNMENT(.openocd_dbg))
 *(SORT_BY_ALIGNMENT(.openocd_dbg.*))
                0x00000200                . = 0x200
 *fill*         0x0000c144       0xbc 
                0x0000c200                _fw_info_start = .
 *(SORT_BY_NAME(SORT_BY_ALIGNMENT(.firmware_info*)))
 .firmware_info
                0x0000c200       0x3c modules/nrf/subsys/fw_info/lib..__nrf__subsys__fw_info.a(fw_info.c.obj)
                0x0000c200                m_firmware_info
                0x0000003c                _fw_info_size = ABSOLUTE ((. - _fw_info_start))

text            0x0000c240    0x14954
                0x0000c240                _image_text_start = .
 *(SORT_BY_ALIGNMENT(.text))
 .text          0x0000c240      0x378 c:/users/imanol/ncs/v1.5.0/toolchain/opt/bin/../lib/gcc/arm-none-eabi/9.2.1/thumb/v8-m.main+fp/hard\libgcc.a(_arm_addsubdf3.o)
                0x0000c240                __aeabi_drsub
                0x0000c248                __aeabi_dsub
                0x0000c248                __subdf3
                0x0000c24c                __aeabi_dadd
                0x0000c24c                __adddf3
                0x0000c4c4                __floatunsidf
                0x0000c4c4                __aeabi_ui2d
                0x0000c4e4                __floatsidf
                0x0000c4e4                __aeabi_i2d
                0x0000c508                __aeabi_f2d
                0x0000c508                __extendsfdf2
                0x0000c54c                __floatundidf
                0x0000c54c                __aeabi_ul2d
                0x0000c55c                __floatdidf
                0x0000c55c                __aeabi_l2d
 .text          0x0000c5b8      0x424 c:/users/imanol/ncs/v1.5.0/toolchain/opt/bin/../lib/gcc/arm-none-eabi/9.2.1/thumb/v8-m.main+fp/hard\libgcc.a(_arm_muldivdf3.o)
                0x0000c5b8                __aeabi_dmul
                0x0000c5b8                __muldf3
                0x0000c80c                __divdf3
                0x0000c80c                __aeabi_ddiv
 .text          0x0000c9dc      0x110 c:/users/imanol/ncs/v1.5.0/toolchain/opt/bin/../lib/gcc/arm-none-eabi/9.2.1/thumb/v8-m.main+fp/hard\libgcc.a(_arm_cmpdf2.o)
                0x0000c9dc                __gtdf2
                0x0000c9dc                __gedf2
                0x0000c9e4                __ltdf2
                0x0000c9e4                __ledf2
                0x0000c9ec                __nedf2
                0x0000c9ec                __eqdf2
                0x0000c9ec                __cmpdf2
                0x0000ca68                __aeabi_cdrcmple
                0x0000ca78                __aeabi_cdcmpeq
                0x0000ca78                __aeabi_cdcmple
                0x0000ca88                __aeabi_dcmpeq
                0x0000ca9c                __aeabi_dcmplt
                0x0000cab0                __aeabi_dcmple
                0x0000cac4                __aeabi_dcmpge
                0x0000cad8                __aeabi_dcmpgt
 .text          0x0000caec       0xa0 c:/users/imanol/ncs/v1.5.0/toolchain/opt/bin/../lib/gcc/arm-none-eabi/9.2.1/thumb/v8-m.main+fp/hard\libgcc.a(_arm_truncdfsf2.o)
                0x0000caec                __truncdfsf2
                0x0000caec                __aeabi_d2f
 .text          0x0000cb8c       0xa0 c:/users/imanol/ncs/v1.5.0/toolchain/opt/bin/../lib/gcc/arm-none-eabi/9.2.1/thumb/v8-m.main+fp/hard\libgcc.a(_aeabi_ldivmod.o)
                0x0000cb8c                __aeabi_ldivmod
 .text          0x0000cc2c       0x30 c:/users/imanol/ncs/v1.5.0/toolchain/opt/bin/../lib/gcc/arm-none-eabi/9.2.1/thumb/v8-m.main+fp/hard\libgcc.a(_aeabi_uldivmod.o)
                0x0000cc2c                __aeabi_uldivmod
 .text          0x0000cc5c      0x2c0 c:/users/imanol/ncs/v1.5.0/toolchain/opt/bin/../lib/gcc/arm-none-eabi/9.2.1/thumb/v8-m.main+fp/hard\libgcc.a(_udivmoddi4.o)
                0x0000cc5c                __udivmoddi4
 .text          0x0000cf1c        0x4 c:/users/imanol/ncs/v1.5.0/toolchain/opt/bin/../lib/gcc/arm-none-eabi/9.2.1/thumb/v8-m.main+fp/hard\libgcc.a(_dvmd_tls.o)
                0x0000cf1c                __aeabi_idiv0
                0x0000cf1c                __aeabi_ldiv0
 .text          0x0000cf20       0x14 C:/Users/Imanol/ncs/v1.5.0/toolchain/opt/arm-none-eabi/lib/thumb/v8-m.main+fp/hard\libc_nano.a(lib_a-strcmp.o)
                0x0000cf20                strcmp
 .text          0x0000cf34       0x10 C:/Users/Imanol/ncs/v1.5.0/toolchain/opt/arm-none-eabi/lib/thumb/v8-m.main+fp/hard\libc_nano.a(lib_a-strlen.o)
                0x0000cf34                strlen
 *(SORT_BY_ALIGNMENT(.text.*))
 *fill*         0x0000cf44        0x4 
 .text.sntp_query
                0x0000cf48      0x148 zephyr/libzephyr.a(sntp.c.obj)
                0x0000cf48                sntp_query
 .text.at_handler
                0x0000d090      0x59c modules/nrf/lib/lte_link_control/lib..__nrf__lib__lte_link_control.a(lte_lc.c.obj)
 .text.k_mutex_unlock.constprop.0
                0x0000d62c        0xc app/libapp.a(data_buff.c.obj)
 .text.init_data_buffer
                0x0000d638       0x38 app/libapp.a(data_buff.c.obj)
                0x0000d638                init_data_buffer
 .text.store_to_data_buffer
                0x0000d670       0x6c app/libapp.a(data_buff.c.obj)
                0x0000d670                store_to_data_buffer
 .text.free_data_buffer_item
                0x0000d6dc       0x2c app/libapp.a(data_buff.c.obj)
                0x0000d6dc                free_data_buffer_item
 .text.dn_hdlc_init
                0x0000d708       0x24 app/libapp.a(dn_hdlc.c.obj)
                0x0000d708                dn_hdlc_init
 .text.dn_hdlc_outputOpen
                0x0000d72c       0x14 app/libapp.a(dn_hdlc.c.obj)
                0x0000d72c                dn_hdlc_outputOpen
 .text.dn_hdlc_inputOpen
                0x0000d740       0x14 app/libapp.a(dn_hdlc.c.obj)
                0x0000d740                dn_hdlc_inputOpen
 .text.dn_hdlc_inputClose
                0x0000d754       0x20 app/libapp.a(dn_hdlc.c.obj)
                0x0000d754                dn_hdlc_inputClose
 .text.dn_hdlc_crcIteration
                0x0000d774       0x14 app/libapp.a(dn_hdlc.c.obj)
                0x0000d774                dn_hdlc_crcIteration
 .text.dn_hdlc_outputWrite
                0x0000d788       0x34 app/libapp.a(dn_hdlc.c.obj)
                0x0000d788                dn_hdlc_outputWrite
 .text.dn_hdlc_outputClose
                0x0000d7bc       0x2c app/libapp.a(dn_hdlc.c.obj)
                0x0000d7bc                dn_hdlc_outputClose
 .text.dn_hdlc_inputWrite
                0x0000d7e8       0x34 app/libapp.a(dn_hdlc.c.obj)
                0x0000d7e8                dn_hdlc_inputWrite
 .text.dn_hdlc_rxByte
                0x0000d81c       0x68 app/libapp.a(dn_hdlc.c.obj)
                0x0000d81c                dn_hdlc_rxByte
 .text.dn_ipmg_rxSerialRequest
                0x0000d884      0x3c0 app/libapp.a(dn_ipmg.c.obj)
                0x0000d884                dn_ipmg_rxSerialRequest
 .text.dn_ipmg_subscribe_reply
                0x0000dc44       0x2c app/libapp.a(dn_ipmg.c.obj)
                0x0000dc44                dn_ipmg_subscribe_reply
 .text.dn_ipmg_init
                0x0000dc70       0x3c app/libapp.a(dn_ipmg.c.obj)
                0x0000dc70                dn_ipmg_init
 .text.dn_ipmg_cancelTx
                0x0000dcac       0x1c app/libapp.a(dn_ipmg.c.obj)
                0x0000dcac                dn_ipmg_cancelTx
 .text.dn_ipmg_subscribe
                0x0000dcc8       0x6c app/libapp.a(dn_ipmg.c.obj)
                0x0000dcc8                dn_ipmg_subscribe
 .text.dn_serial_mg_init
                0x0000dd34       0x20 app/libapp.a(dn_serial_mg.c.obj)
                0x0000dd34                dn_serial_mg_init
 .text.dn_serial_sendRequestNoCheck
                0x0000dd54       0x5c app/libapp.a(dn_serial_mg.c.obj)
                0x0000dd54                dn_serial_sendRequestNoCheck
 .text.dn_serial_mg_initiateConnect
                0x0000ddb0       0x38 app/libapp.a(dn_serial_mg.c.obj)
                0x0000ddb0                dn_serial_mg_initiateConnect
 .text.dn_serial_mg_sendRequest
                0x0000dde8       0x28 app/libapp.a(dn_serial_mg.c.obj)
                0x0000dde8                dn_serial_mg_sendRequest
 .text.dn_serial_mg_dispatch_response
                0x0000de10       0x28 app/libapp.a(dn_serial_mg.c.obj)
                0x0000de10                dn_serial_mg_dispatch_response
 .text.dn_serial_mg_rxHdlcFrame
                0x0000de38       0xdc app/libapp.a(dn_serial_mg.c.obj)
                0x0000de38                dn_serial_mg_rxHdlcFrame
 .text.uart_cb  0x0000df14       0x94 app/libapp.a(dn_uart.c.obj)
                0x0000df14                uart_cb
 .text.dn_uart_init
                0x0000dfa8       0x40 app/libapp.a(dn_uart.c.obj)
                0x0000dfa8                dn_uart_init
 .text.dn_uart_txByte
                0x0000dfe8       0x18 app/libapp.a(dn_uart.c.obj)
                0x0000dfe8                dn_uart_txByte
 .text.dn_uart_txFlush
                0x0000e000       0x14 app/libapp.a(dn_uart.c.obj)
                0x0000e000                dn_uart_txFlush
 .text.dn_ipmg_reply_cb
                0x0000e014        0xc app/libapp.a(main_completo.c.obj)
                0x0000e014                dn_ipmg_reply_cb
 .text.timer_interrupt
                0x0000e020        0xc app/libapp.a(main_completo.c.obj)
                0x0000e020                timer_interrupt
 .text.fsm_scheduleEvent
                0x0000e02c       0x40 app/libapp.a(main_completo.c.obj)
                0x0000e02c                fsm_scheduleEvent
 .text.Dusty_thread
                0x0000e06c       0xc4 app/libapp.a(main_completo.c.obj)
                0x0000e06c                Dusty_thread
 .text.api_response_timeout
                0x0000e130       0x38 app/libapp.a(main_completo.c.obj)
                0x0000e130                api_response_timeout
 .text.api_initiateConnect
                0x0000e168       0x38 app/libapp.a(main_completo.c.obj)
                0x0000e168                api_initiateConnect
 .text.api_subscribe
                0x0000e1a0       0x4c app/libapp.a(main_completo.c.obj)
                0x0000e1a0                api_subscribe
 .text.fsm_cancelEvent
                0x0000e1ec       0x18 app/libapp.a(main_completo.c.obj)
                0x0000e1ec                fsm_cancelEvent
 .text.api_subscribe_reply
                0x0000e204       0x2c app/libapp.a(main_completo.c.obj)
                0x0000e204                api_subscribe_reply
 .text.dn_ipmg_status_cb
                0x0000e230       0x60 app/libapp.a(main_completo.c.obj)
                0x0000e230                dn_ipmg_status_cb
 .text.data_publish
                0x0000e290       0x70 app/libapp.a(main_completo.c.obj)
                0x0000e290                data_publish
 .text.subscribe
                0x0000e300       0x60 app/libapp.a(main_completo.c.obj)
                0x0000e300                subscribe
 .text.publish_get_payload
                0x0000e360       0x90 app/libapp.a(main_completo.c.obj)
                0x0000e360                publish_get_payload
 .text.broker_init
                0x0000e3f0       0xb8 app/libapp.a(main_completo.c.obj)
                0x0000e3f0                broker_init
 .text.client_init
                0x0000e4a8       0x54 app/libapp.a(main_completo.c.obj)
                0x0000e4a8                client_init
 .text.fds_init
                0x0000e4fc       0x20 app/libapp.a(main_completo.c.obj)
                0x0000e4fc                fds_init
 .text.modem_configure
                0x0000e51c       0x64 app/libapp.a(main_completo.c.obj)
                0x0000e51c                modem_configure
 .text.app_mqtt_connect
                0x0000e580       0x98 app/libapp.a(main_completo.c.obj)
                0x0000e580                app_mqtt_connect
 .text.MQTT_thread
                0x0000e618      0x140 app/libapp.a(main_completo.c.obj)
                0x0000e618                MQTT_thread
 .text.comm_DS_error_handling
                0x0000e758       0x8c app/libapp.a(main_completo.c.obj)
                0x0000e758                comm_DS_error_handling
 .text.mqtt_evt_handler
                0x0000e7e4      0x164 app/libapp.a(main_completo.c.obj)
                0x0000e7e4                mqtt_evt_handler
 .text.convert_dusty_pkt_to_string
                0x0000e948      0x198 app/libapp.a(main_completo.c.obj)
                0x0000e948                convert_dusty_pkt_to_string
 .text.dn_ipmg_notif_cb
                0x0000eae0      0x124 app/libapp.a(main_completo.c.obj)
                0x0000eae0                dn_ipmg_notif_cb
 .text._check_fd
                0x0000ec04       0x30 zephyr/libzephyr.a(fdtable.c.obj)
 .text.z_get_fd_obj
                0x0000ec34       0x38 zephyr/libzephyr.a(fdtable.c.obj)
                0x0000ec34                z_get_fd_obj
 .text.z_get_fd_obj_and_vtable
                0x0000ec6c       0x28 zephyr/libzephyr.a(fdtable.c.obj)
                0x0000ec6c                z_get_fd_obj_and_vtable
 .text.z_reserve_fd
                0x0000ec94       0x64 zephyr/libzephyr.a(fdtable.c.obj)
                0x0000ec94                z_reserve_fd
 .text.z_finalize_fd
                0x0000ecf8       0x14 zephyr/libzephyr.a(fdtable.c.obj)
                0x0000ecf8                z_finalize_fd
 .text.z_free_fd
                0x0000ed0c       0x40 zephyr/libzephyr.a(fdtable.c.obj)
                0x0000ed0c                z_free_fd
 .text.char_out
                0x0000ed4c       0x10 zephyr/libzephyr.a(printk.c.obj)
 .text.__printk_hook_install
                0x0000ed5c        0xc zephyr/libzephyr.a(printk.c.obj)
                0x0000ed5c                __printk_hook_install
 .text.vprintk  0x0000ed68       0x1c zephyr/libzephyr.a(printk.c.obj)
                0x0000ed68                vprintk
 .text.vsnprintk
                0x0000ed84       0x28 zephyr/libzephyr.a(printk.c.obj)
                0x0000ed84                vsnprintk
 .text.process_event
                0x0000edac      0x1d0 zephyr/libzephyr.a(onoff.c.obj)
 .text.timeutil_timegm64
                0x0000ef7c      0x100 zephyr/libzephyr.a(timeutil.c.obj)
                0x0000ef7c                timeutil_timegm64
 .text.extract_decimal
                0x0000f07c       0x2c zephyr/libzephyr.a(cbprintf_complete.c.obj)
 .text.encode_uint
                0x0000f0a8       0xa0 zephyr/libzephyr.a(cbprintf_complete.c.obj)
 .text.cbvprintf
                0x0000f148      0xd28 zephyr/libzephyr.a(cbprintf_complete.c.obj)
                0x0000f148                cbvprintf
 .text.nordicsemi_nrf91_init
                0x0000fe70       0x28 zephyr/libzephyr.a(soc.c.obj)
 .text.arch_busy_wait
                0x0000fe98       0x14 zephyr/libzephyr.a(soc.c.obj)
                0x0000fe98                arch_busy_wait
 .text.enable_logger
                0x0000feac       0x5c zephyr/libzephyr.a(log_core.c.obj)
 .text.log_process_thread_timer_expiry_fn
                0x0000ff08        0xc zephyr/libzephyr.a(log_core.c.obj)
 .text.z_log_get_s_mask
                0x0000ff14       0x48 zephyr/libzephyr.a(log_core.c.obj)
                0x0000ff14                z_log_get_s_mask
 .text.log_core_init
                0x0000ff5c       0x40 zephyr/libzephyr.a(log_core.c.obj)
                0x0000ff5c                log_core_init
 .text.dropped_notify
                0x0000ff9c       0x44 zephyr/libzephyr.a(log_core.c.obj)
                0x0000ff9c                dropped_notify
 .text.log_dropped
                0x0000ffe0       0x18 zephyr/libzephyr.a(log_core.c.obj)
                0x0000ffe0                log_dropped
 .text.log_source_name_get
                0x0000fff8       0x1c zephyr/libzephyr.a(log_core.c.obj)
                0x0000fff8                log_source_name_get
 .text.log_backend_enable
                0x00010014       0x34 zephyr/libzephyr.a(log_core.c.obj)
                0x00010014                log_backend_enable
 .text.log_init
                0x00010048       0x4c zephyr/libzephyr.a(log_core.c.obj)
                0x00010048                log_init
 .text.log_strdup
                0x00010094       0x68 zephyr/libzephyr.a(log_core.c.obj)
                0x00010094                log_strdup
 .text.log_is_strdup
                0x000100fc       0x1c zephyr/libzephyr.a(log_core.c.obj)
                0x000100fc                log_is_strdup
 .text.z_impl_log_process
                0x00010118      0x168 zephyr/libzephyr.a(log_core.c.obj)
                0x00010118                z_impl_log_process
 .text.msg_finalize
                0x00010280       0xbc zephyr/libzephyr.a(log_core.c.obj)
 .text.log_process_thread_func
                0x0001033c       0x48 zephyr/libzephyr.a(log_core.c.obj)
 .text.z_impl_log_panic
                0x00010384       0x48 zephyr/libzephyr.a(log_core.c.obj)
                0x00010384                z_impl_log_panic
 .text.log_free
                0x000103cc       0x2c zephyr/libzephyr.a(log_core.c.obj)
                0x000103cc                log_free
 .text.log_msg_pool_init
                0x000103f8       0x14 zephyr/libzephyr.a(log_msg.c.obj)
                0x000103f8                log_msg_pool_init
 .text.log_msg_no_space_handle
                0x0001040c       0x30 zephyr/libzephyr.a(log_msg.c.obj)
                0x0001040c                log_msg_no_space_handle
 .text.log_msg_chunk_alloc
                0x0001043c       0x28 zephyr/libzephyr.a(log_msg.c.obj)
                0x0001043c                log_msg_chunk_alloc
 .text.msg_free
                0x00010464       0x7c zephyr/libzephyr.a(log_msg.c.obj)
 .text.print_formatted
                0x000104e0       0x24 zephyr/libzephyr.a(log_output.c.obj)
 .text.prefix_print
                0x00010504      0x11c zephyr/libzephyr.a(log_output.c.obj)
 .text.postfix_print
                0x00010620       0x3c zephyr/libzephyr.a(log_output.c.obj)
 .text.hexdump_line_print
                0x0001065c       0xe4 zephyr/libzephyr.a(log_output.c.obj)
 .text.log_output_msg_process
                0x00010740       0xf8 zephyr/libzephyr.a(log_output.c.obj)
                0x00010740                log_output_msg_process
 .text.log_output_dropped_process
                0x00010838       0x58 zephyr/libzephyr.a(log_output.c.obj)
                0x00010838                log_output_dropped_process
 .text.log_output_timestamp_freq_set
                0x00010890       0x30 zephyr/libzephyr.a(log_output.c.obj)
                0x00010890                log_output_timestamp_freq_set
 .text.char_out
                0x000108c0       0x24 zephyr/libzephyr.a(log_backend_uart.c.obj)
 .text.panic    0x000108e4        0xc zephyr/libzephyr.a(log_backend_uart.c.obj)
 .text.dropped  0x000108f0        0xc zephyr/libzephyr.a(log_backend_uart.c.obj)
 .text.log_backend_uart_init
                0x000108fc       0x18 zephyr/libzephyr.a(log_backend_uart.c.obj)
 .text.put      0x00010914       0x24 zephyr/libzephyr.a(log_backend_uart.c.obj)
 .text.z_impl_zsock_socket
                0x00010938       0x4c zephyr/libzephyr.a(sockets.c.obj)
                0x00010938                z_impl_zsock_socket
 .text.z_impl_zsock_poll
                0x00010984      0x1f8 zephyr/libzephyr.a(sockets.c.obj)
                0x00010984                z_impl_zsock_poll
 .text.socket_offload_dns_register
                0x00010b7c        0xc zephyr/libzephyr.a(socket_offload.c.obj)
                0x00010b7c                socket_offload_dns_register
 .text.socket_offload_getaddrinfo
                0x00010b88       0x14 zephyr/libzephyr.a(socket_offload.c.obj)
                0x00010b88                socket_offload_getaddrinfo
 .text.socket_offload_freeaddrinfo
                0x00010b9c        0xc zephyr/libzephyr.a(socket_offload.c.obj)
                0x00010b9c                socket_offload_freeaddrinfo
 .text.uart_console_init
                0x00010ba8       0x28 zephyr/libzephyr.a(uart_console.c.obj)
 .text.console_out
                0x00010bd0       0x28 zephyr/libzephyr.a(uart_console.c.obj)
 .text.onoff_stop
                0x00010bf8       0x48 zephyr/libzephyr.a(clock_control_nrf.c.obj)
 .text.onoff_start
                0x00010c40       0x54 zephyr/libzephyr.a(clock_control_nrf.c.obj)
 .text.clk_init
                0x00010c94       0x60 zephyr/libzephyr.a(clock_control_nrf.c.obj)
 .text.clkstarted_handle.constprop.0
                0x00010cf4       0x3c zephyr/libzephyr.a(clock_control_nrf.c.obj)
 .text.clock_event_handler
                0x00010d30       0x1c zephyr/libzephyr.a(clock_control_nrf.c.obj)
 .text.generic_hfclk_start
                0x00010d4c       0x64 zephyr/libzephyr.a(clock_control_nrf.c.obj)
 .text.generic_hfclk_stop
                0x00010db0       0x24 zephyr/libzephyr.a(clock_control_nrf.c.obj)
 .text.api_blocking_start
                0x00010dd4       0x3c zephyr/libzephyr.a(clock_control_nrf.c.obj)
 .text.z_nrf_clock_control_lf_on
                0x00010e10      0x104 zephyr/libzephyr.a(clock_control_nrf.c.obj)
                0x00010e10                z_nrf_clock_control_lf_on
 .text.sys_clock_timeout_handler
                0x00010f14       0x18 zephyr/libzephyr.a(nrf_rtc_timer.c.obj)
 .text.set_absolute_alarm
                0x00010f2c       0x98 zephyr/libzephyr.a(nrf_rtc_timer.c.obj)
 .text.rtc_nrf_isr
                0x00010fc4       0x50 zephyr/libzephyr.a(nrf_rtc_timer.c.obj)
                0x00010fc4                rtc_nrf_isr
 .text.z_clock_driver_init
                0x00011014       0x54 zephyr/libzephyr.a(nrf_rtc_timer.c.obj)
                0x00011014                z_clock_driver_init
 .text.z_clock_set_timeout
                0x00011068       0x64 zephyr/libzephyr.a(nrf_rtc_timer.c.obj)
                0x00011068                z_clock_set_timeout
 .text.z_clock_elapsed
                0x000110cc       0x34 zephyr/libzephyr.a(nrf_rtc_timer.c.obj)
                0x000110cc                z_clock_elapsed
 .text.z_timer_cycle_get_32
                0x00011100       0x34 zephyr/libzephyr.a(nrf_rtc_timer.c.obj)
                0x00011100                z_timer_cycle_get_32
 .text.arch_swap
                0x00011134       0x38 zephyr/arch/arch/arm/core/aarch32/libarch__arm__core__aarch32.a(swap.c.obj)
                0x00011134                arch_swap
 .text.arch_irq_enable
                0x0001116c       0x20 zephyr/arch/arch/arm/core/aarch32/libarch__arm__core__aarch32.a(irq_manage.c.obj)
                0x0001116c                arch_irq_enable
 .text.arch_irq_is_enabled
                0x0001118c       0x1c zephyr/arch/arch/arm/core/aarch32/libarch__arm__core__aarch32.a(irq_manage.c.obj)
                0x0001118c                arch_irq_is_enabled
 .text.z_arm_irq_priority_set
                0x000111a8       0x2c zephyr/arch/arch/arm/core/aarch32/libarch__arm__core__aarch32.a(irq_manage.c.obj)
                0x000111a8                z_arm_irq_priority_set
 .text._arch_isr_direct_pm
                0x000111d4       0x1c zephyr/arch/arch/arm/core/aarch32/libarch__arm__core__aarch32.a(irq_manage.c.obj)
                0x000111d4                _arch_isr_direct_pm
 .text.arch_new_thread
                0x000111f0       0x3c zephyr/arch/arch/arm/core/aarch32/libarch__arm__core__aarch32.a(thread.c.obj)
                0x000111f0                arch_new_thread
 .text.arch_switch_to_main_thread
                0x0001122c       0x4c zephyr/arch/arch/arm/core/aarch32/libarch__arm__core__aarch32.a(thread.c.obj)
                0x0001122c                arch_switch_to_main_thread
 .text.z_arm_fatal_error
                0x00011278       0xe8 zephyr/arch/arch/arm/core/aarch32/libarch__arm__core__aarch32.a(fatal.c.obj)
                0x00011278                z_arm_fatal_error
 .text.z_arm_prep_c
                0x00011360       0x5c zephyr/arch/arch/arm/core/aarch32/libarch__arm__core__aarch32.a(prep_c.c.obj)
                0x00011360                z_arm_prep_c
 .text.z_arm_pendsv
                0x000113bc       0xb0 zephyr/arch/arch/arm/core/aarch32/libarch__arm__core__aarch32.a(swap_helper.S.obj)
                0x000113bc                z_arm_pendsv
 .text.z_arm_svc
                0x0001146c       0x20 zephyr/arch/arch/arm/core/aarch32/libarch__arm__core__aarch32.a(swap_helper.S.obj)
                0x0001146c                z_arm_svc
 .text.z_arm_cpu_idle_init
                0x0001148c        0xc zephyr/arch/arch/arm/core/aarch32/libarch__arm__core__aarch32.a(cpu_idle.S.obj)
                0x0001148c                z_arm_cpu_idle_init
 .text.arch_cpu_idle
                0x00011498       0x1c zephyr/arch/arch/arm/core/aarch32/libarch__arm__core__aarch32.a(cpu_idle.S.obj)
                0x00011498                arch_cpu_idle
 .text.arch_cpu_atomic_idle
                0x000114b4       0x14 zephyr/arch/arch/arm/core/aarch32/libarch__arm__core__aarch32.a(cpu_idle.S.obj)
                0x000114b4                arch_cpu_atomic_idle
 .text.z_SysNmiOnReset
                0x000114c8        0x8 zephyr/arch/arch/arm/core/aarch32/libarch__arm__core__aarch32.a(nmi_on_reset.S.obj)
                0x000114c8                z_SysNmiOnReset
 .text._isr_wrapper
                0x000114d0       0x40 zephyr/arch/arch/arm/core/aarch32/libarch__arm__core__aarch32.a(isr_wrapper.S.obj)
                0x000114d0                _isr_wrapper
 .text._reset_section
                0x00011510       0x30 zephyr/arch/arch/arm/core/aarch32/cortex_m/libarch__arm__core__aarch32__cortex_m.a(reset.S.obj)
                0x00011510                __start
                0x00011510                z_arm_reset
 .text.__fault  0x00011540       0x14 zephyr/arch/arch/arm/core/aarch32/cortex_m/libarch__arm__core__aarch32__cortex_m.a(fault_s.S.obj)
                0x00011540                z_arm_usage_fault
                0x00011540                z_arm_mpu_fault
                0x00011540                z_arm_exc_spurious
                0x00011540                z_arm_debug_monitor
                0x00011540                z_arm_hard_fault
                0x00011540                z_arm_bus_fault
 .text._HandlerModeExit
                0x00011554       0x1c zephyr/arch/arch/arm/core/aarch32/cortex_m/libarch__arm__core__aarch32__cortex_m.a(exc_exit.S.obj)
                0x00011554                z_arm_int_exit
                0x00011554                z_arm_exc_exit
 .text.usage_fault.isra.0
                0x00011570       0xd0 zephyr/arch/arch/arm/core/aarch32/cortex_m/libarch__arm__core__aarch32__cortex_m.a(fault.c.obj)
 .text.mem_manage_fault.isra.0
                0x00011640       0xd0 zephyr/arch/arch/arm/core/aarch32/cortex_m/libarch__arm__core__aarch32__cortex_m.a(fault.c.obj)
 .text.bus_fault.isra.0
                0x00011710       0xdc zephyr/arch/arch/arm/core/aarch32/cortex_m/libarch__arm__core__aarch32__cortex_m.a(fault.c.obj)
 .text.z_arm_fault
                0x000117ec      0x1a8 zephyr/arch/arch/arm/core/aarch32/cortex_m/libarch__arm__core__aarch32__cortex_m.a(fault.c.obj)
                0x000117ec                z_arm_fault
 .text.z_arm_fault_init
                0x00011994       0x18 zephyr/arch/arch/arm/core/aarch32/cortex_m/libarch__arm__core__aarch32__cortex_m.a(fault.c.obj)
                0x00011994                z_arm_fault_init
 .text.sys_arch_reboot
                0x000119ac       0x24 zephyr/arch/arch/arm/core/aarch32/cortex_m/libarch__arm__core__aarch32__cortex_m.a(scb.c.obj)
                0x000119ac                sys_arch_reboot
 .text.z_arm_interrupt_init
                0x000119d0       0x18 zephyr/arch/arch/arm/core/aarch32/cortex_m/libarch__arm__core__aarch32__cortex_m.a(irq_init.c.obj)
                0x000119d0                z_arm_interrupt_init
 .text.z_impl_k_thread_abort
                0x000119e8       0x44 zephyr/arch/arch/arm/core/aarch32/cortex_m/libarch__arm__core__aarch32__cortex_m.a(thread_abort.c.obj)
                0x000119e8                z_impl_k_thread_abort
 .text.z_arm_configure_static_mpu_regions
                0x00011a2c       0x38 zephyr/arch/arch/arm/core/aarch32/cortex_m/mpu/libarch__arm__core__aarch32__cortex_m__mpu.a(arm_core_mpu.c.obj)
                0x00011a2c                z_arm_configure_static_mpu_regions
 .text.region_init
                0x00011a64       0x30 zephyr/arch/arch/arm/core/aarch32/cortex_m/mpu/libarch__arm__core__aarch32__cortex_m__mpu.a(arm_mpu.c.obj)
 .text.region_allocate_and_init
                0x00011a94       0x34 zephyr/arch/arch/arm/core/aarch32/cortex_m/mpu/libarch__arm__core__aarch32__cortex_m__mpu.a(arm_mpu.c.obj)
 .text.mpu_configure_regions_and_partition.constprop.0
                0x00011ac8      0x174 zephyr/arch/arch/arm/core/aarch32/cortex_m/mpu/libarch__arm__core__aarch32__cortex_m__mpu.a(arm_mpu.c.obj)
 .text.arm_core_mpu_enable
                0x00011c3c       0x14 zephyr/arch/arch/arm/core/aarch32/cortex_m/mpu/libarch__arm__core__aarch32__cortex_m__mpu.a(arm_mpu.c.obj)
                0x00011c3c                arm_core_mpu_enable
 .text.arm_core_mpu_disable
                0x00011c50       0x10 zephyr/arch/arch/arm/core/aarch32/cortex_m/mpu/libarch__arm__core__aarch32__cortex_m__mpu.a(arm_mpu.c.obj)
                0x00011c50                arm_core_mpu_disable
 .text.arm_mpu_init
                0x00011c60       0x4c zephyr/arch/arch/arm/core/aarch32/cortex_m/mpu/libarch__arm__core__aarch32__cortex_m__mpu.a(arm_mpu.c.obj)
 .text.arm_core_mpu_configure_static_mpu_regions
                0x00011cac       0x14 zephyr/arch/arch/arm/core/aarch32/cortex_m/mpu/libarch__arm__core__aarch32__cortex_m__mpu.a(arm_mpu.c.obj)
                0x00011cac                arm_core_mpu_configure_static_mpu_regions
 .text.arm_core_mpu_mark_areas_for_dynamic_regions
                0x00011cc0       0xac zephyr/arch/arch/arm/core/aarch32/cortex_m/mpu/libarch__arm__core__aarch32__cortex_m__mpu.a(arm_mpu.c.obj)
                0x00011cc0                arm_core_mpu_mark_areas_for_dynamic_regions
 .text.__stdout_hook_install
                0x00011d6c        0xc zephyr/lib/libc/newlib/liblib__libc__newlib.a(libc-hooks.c.obj)
                0x00011d6c                __stdout_hook_install
 .text.z_impl_zephyr_write_stdout
                0x00011d78       0x30 zephyr/lib/libc/newlib/liblib__libc__newlib.a(libc-hooks.c.obj)
                0x00011d78                z_impl_zephyr_write_stdout
 .text._sbrk    0x00011da8       0x44 zephyr/lib/libc/newlib/liblib__libc__newlib.a(libc-hooks.c.obj)
                0x00011da8                sbrk
                0x00011da8                _sbrk
 .text.__chk_fail
                0x00011dec       0x1c zephyr/lib/libc/newlib/liblib__libc__newlib.a(libc-hooks.c.obj)
                0x00011dec                __chk_fail
 .text.net_if_init
                0x00011e08       0x2c zephyr/subsys/net/ip/libsubsys__net__ip.a(net_if.c.obj)
                0x00011e08                net_if_init
 .text.net_if_post_init
                0x00011e34       0x2c zephyr/subsys/net/ip/libsubsys__net__ip.a(net_if.c.obj)
                0x00011e34                net_if_post_init
 .text.z_impl_net_addr_ntop
                0x00011e60      0x1cc zephyr/subsys/net/ip/libsubsys__net__ip.a(utils.c.obj)
                0x00011e60                z_impl_net_addr_ntop
 .text.connect_request_encode
                0x0001202c      0x100 zephyr/subsys/net/lib/mqtt/libsubsys__net__lib__mqtt.a(mqtt_encoder.c.obj)
                0x0001202c                connect_request_encode
 .text.disconnect_encode
                0x0001212c       0x24 zephyr/subsys/net/lib/mqtt/libsubsys__net__lib__mqtt.a(mqtt_encoder.c.obj)
                0x0001212c                disconnect_encode
 .text.ping_request_encode
                0x00012150       0x24 zephyr/subsys/net/lib/mqtt/libsubsys__net__lib__mqtt.a(mqtt_encoder.c.obj)
                0x00012150                ping_request_encode
 .text.mqtt_transport_connect
                0x00012174       0x14 zephyr/subsys/net/lib/mqtt/libsubsys__net__lib__mqtt.a(mqtt_transport.c.obj)
                0x00012174                mqtt_transport_connect
 .text.mqtt_transport_write
                0x00012188       0x18 zephyr/subsys/net/lib/mqtt/libsubsys__net__lib__mqtt.a(mqtt_transport.c.obj)
                0x00012188                mqtt_transport_write
 .text.mqtt_transport_write_msg
                0x000121a0       0x1c zephyr/subsys/net/lib/mqtt/libsubsys__net__lib__mqtt.a(mqtt_transport.c.obj)
                0x000121a0                mqtt_transport_write_msg
 .text.mqtt_transport_read
                0x000121bc       0x1c zephyr/subsys/net/lib/mqtt/libsubsys__net__lib__mqtt.a(mqtt_transport.c.obj)
                0x000121bc                mqtt_transport_read
 .text.sys_mutex_unlock
                0x000121d8       0x28 zephyr/subsys/net/lib/mqtt/libsubsys__net__lib__mqtt.a(mqtt.c.obj)
 .text.z_impl_sys_rand32_get
                0x00012200       0x34 zephyr/subsys/random/libsubsys__random.a(rand32_entropy_device.c.obj)
                0x00012200                z_impl_sys_rand32_get
 .text.nrf_gpio_cfg_sense_set
                0x00012234       0x20 zephyr/drivers/gpio/libdrivers__gpio.a(gpio_nrfx.c.obj)
 .text.gpio_nrfx_init
                0x00012254       0x30 zephyr/drivers/gpio/libdrivers__gpio.a(gpio_nrfx.c.obj)
 .text.gpio_nrfx_pin_interrupt_configure
                0x00012284      0x1b8 zephyr/drivers/gpio/libdrivers__gpio.a(gpio_nrfx.c.obj)
 .text.gpio_nrfx_config
                0x0001243c       0xb4 zephyr/drivers/gpio/libdrivers__gpio.a(gpio_nrfx.c.obj)
 .text.gpiote_event_handler
                0x000124f0      0x11c zephyr/drivers/gpio/libdrivers__gpio.a(gpio_nrfx.c.obj)
 .text.uarte_nrfx_configure
                0x0001260c      0x16c zephyr/drivers/serial/libdrivers__serial.a(uart_nrfx_uarte.c.obj)
 .text.uarte_nrfx_poll_out
                0x00012778       0xb8 zephyr/drivers/serial/libdrivers__serial.a(uart_nrfx_uarte.c.obj)
 .text.uarte_instance_init.isra.0
                0x00012830      0x13c zephyr/drivers/serial/libdrivers__serial.a(uart_nrfx_uarte.c.obj)
 .text.uarte_0_init
                0x0001296c       0x30 zephyr/drivers/serial/libdrivers__serial.a(uart_nrfx_uarte.c.obj)
 .text.uarte_1_init
                0x0001299c       0x30 zephyr/drivers/serial/libdrivers__serial.a(uart_nrfx_uarte.c.obj)
 .text.print_string_ptr
                0x000129cc      0x15c modules/nrf/ext/cjson/lib..__nrf__ext__cjson.a(cJSON.c.obj)
 .text.print_value
                0x00012b28      0x360 modules/nrf/ext/cjson/lib..__nrf__ext__cjson.a(cJSON.c.obj)
 .text.cJSON_strdup.isra.0.constprop.0
                0x00012e88       0x30 modules/nrf/ext/cjson/lib..__nrf__ext__cjson.a(cJSON.c.obj)
 .text.add_item_to_object.constprop.0
                0x00012eb8       0x50 modules/nrf/ext/cjson/lib..__nrf__ext__cjson.a(cJSON.c.obj)
 .text.print.constprop.0
                0x00012f08       0x98 modules/nrf/ext/cjson/lib..__nrf__ext__cjson.a(cJSON.c.obj)
 .text.cJSON_Delete
                0x00012fa0       0x48 modules/nrf/ext/cjson/lib..__nrf__ext__cjson.a(cJSON.c.obj)
                0x00012fa0                cJSON_Delete
 .text.cJSON_CreateString
                0x00012fe8       0x30 modules/nrf/ext/cjson/lib..__nrf__ext__cjson.a(cJSON.c.obj)
                0x00012fe8                cJSON_CreateString
 .text.cJSON_CreateArray
                0x00013018       0x18 modules/nrf/ext/cjson/lib..__nrf__ext__cjson.a(cJSON.c.obj)
                0x00013018                cJSON_CreateArray
 .text.cJSON_CreateObject
                0x00013030       0x18 modules/nrf/ext/cjson/lib..__nrf__ext__cjson.a(cJSON.c.obj)
                0x00013030                cJSON_CreateObject
 .text._nrf_modem_lib_init
                0x00013048       0x7c modules/nrf/lib/nrf_modem_lib/lib..__nrf__lib__nrf_modem_lib.a(nrf_modem_lib.c.obj)
 .text.nrf_modem_lib_shutdown_wait
                0x000130c4       0x94 modules/nrf/lib/nrf_modem_lib/lib..__nrf__lib__nrf_modem_lib.a(nrf_modem_lib.c.obj)
                0x000130c4                nrf_modem_lib_shutdown_wait
 .text.thread_monitor_entry_get
                0x00013158       0x40 modules/nrf/lib/nrf_modem_lib/lib..__nrf__lib__nrf_modem_lib.a(nrf_modem_os.c.obj)
 .text.rpc_proxy_irq_handler
                0x00013198       0x50 modules/nrf/lib/nrf_modem_lib/lib..__nrf__lib__nrf_modem_lib.a(nrf_modem_os.c.obj)
                0x00013198                rpc_proxy_irq_handler
 .text.nrf_modem_os_timedwait
                0x000131e8      0x170 modules/nrf/lib/nrf_modem_lib/lib..__nrf__lib__nrf_modem_lib.a(nrf_modem_os.c.obj)
                0x000131e8                nrf_modem_os_timedwait
 .text.nrf_modem_os_errno_set
                0x00013358      0x2e8 modules/nrf/lib/nrf_modem_lib/lib..__nrf__lib__nrf_modem_lib.a(nrf_modem_os.c.obj)
                0x00013358                nrf_modem_os_errno_set
 .text.nrf_modem_os_application_irq_set
                0x00013640       0x10 modules/nrf/lib/nrf_modem_lib/lib..__nrf__lib__nrf_modem_lib.a(nrf_modem_os.c.obj)
                0x00013640                nrf_modem_os_application_irq_set
 .text.nrf_modem_os_application_irq_clear
                0x00013650       0x10 modules/nrf/lib/nrf_modem_lib/lib..__nrf__lib__nrf_modem_lib.a(nrf_modem_os.c.obj)
                0x00013650                nrf_modem_os_application_irq_clear
 .text.nrf_modem_os_trace_irq_set
                0x00013660       0x10 modules/nrf/lib/nrf_modem_lib/lib..__nrf__lib__nrf_modem_lib.a(nrf_modem_os.c.obj)
                0x00013660                nrf_modem_os_trace_irq_set
 .text.nrf_modem_os_trace_irq_clear
                0x00013670       0x10 modules/nrf/lib/nrf_modem_lib/lib..__nrf__lib__nrf_modem_lib.a(nrf_modem_os.c.obj)
                0x00013670                nrf_modem_os_trace_irq_clear
 .text.nrf_modem_os_alloc
                0x00013680       0x20 modules/nrf/lib/nrf_modem_lib/lib..__nrf__lib__nrf_modem_lib.a(nrf_modem_os.c.obj)
                0x00013680                nrf_modem_os_alloc
 .text.nrf_modem_os_free
                0x000136a0        0xc modules/nrf/lib/nrf_modem_lib/lib..__nrf__lib__nrf_modem_lib.a(nrf_modem_os.c.obj)
                0x000136a0                nrf_modem_os_free
 .text.nrf_modem_os_shm_tx_alloc
                0x000136ac       0x20 modules/nrf/lib/nrf_modem_lib/lib..__nrf__lib__nrf_modem_lib.a(nrf_modem_os.c.obj)
                0x000136ac                nrf_modem_os_shm_tx_alloc
 .text.nrf_modem_os_shm_tx_free
                0x000136cc        0xc modules/nrf/lib/nrf_modem_lib/lib..__nrf__lib__nrf_modem_lib.a(nrf_modem_os.c.obj)
                0x000136cc                nrf_modem_os_shm_tx_free
 .text.nrf_modem_os_init
                0x000136d8       0x50 modules/nrf/lib/nrf_modem_lib/lib..__nrf__lib__nrf_modem_lib.a(nrf_modem_os.c.obj)
                0x000136d8                nrf_modem_os_init
 .text.z_to_nrf_optname
                0x00013728      0x148 modules/nrf/lib/nrf_modem_lib/lib..__nrf__lib__nrf_modem_lib.a(nrf91_sockets.c.obj)
 .text.nrf91_socket_offload_ioctl
                0x00013870      0x148 modules/nrf/lib/nrf_modem_lib/lib..__nrf__lib__nrf_modem_lib.a(nrf91_sockets.c.obj)
 .text.nrf91_socket_iface_init
                0x000139b8       0x18 modules/nrf/lib/nrf_modem_lib/lib..__nrf__lib__nrf_modem_lib.a(nrf91_sockets.c.obj)
 .text.nrf91_socket_offload_accept
                0x000139d0       0x9c modules/nrf/lib/nrf_modem_lib/lib..__nrf__lib__nrf_modem_lib.a(nrf91_sockets.c.obj)
 .text.nrf91_socket_offload_sendmsg
                0x00013a6c      0x108 modules/nrf/lib/nrf_modem_lib/lib..__nrf__lib__nrf_modem_lib.a(nrf91_sockets.c.obj)
 .text.nrf91_socket_offload_getaddrinfo
                0x00013b74      0x204 modules/nrf/lib/nrf_modem_lib/lib..__nrf__lib__nrf_modem_lib.a(nrf91_sockets.c.obj)
 .text.nrf91_socket_create
                0x00013d78       0x74 modules/nrf/lib/nrf_modem_lib/lib..__nrf__lib__nrf_modem_lib.a(nrf91_sockets.c.obj)
 .text.open_socket
                0x00013dec       0x28 modules/nrf/lib/at_cmd/lib..__nrf__lib__at_cmd.a(at_cmd.c.obj)
 .text.at_cmd_driver_init
                0x00013e14       0x80 modules/nrf/lib/at_cmd/lib..__nrf__lib__at_cmd.a(at_cmd.c.obj)
 .text.complete_cmd
                0x00013e94       0x2c modules/nrf/lib/at_cmd/lib..__nrf__lib__at_cmd.a(at_cmd.c.obj)
 .text.load_cmd_and_write
                0x00013ec0       0xf4 modules/nrf/lib/at_cmd/lib..__nrf__lib__at_cmd.a(at_cmd.c.obj)
 .text.socket_thread_fn
                0x00013fb4      0x26c modules/nrf/lib/at_cmd/lib..__nrf__lib__at_cmd.a(at_cmd.c.obj)
 .text.at_cmd_write
                0x00014220       0xf4 modules/nrf/lib/at_cmd/lib..__nrf__lib__at_cmd.a(at_cmd.c.obj)
                0x00014220                at_cmd_write
 .text.at_cmd_set_notification_handler
                0x00014314       0x38 modules/nrf/lib/at_cmd/lib..__nrf__lib__at_cmd.a(at_cmd.c.obj)
                0x00014314                at_cmd_set_notification_handler
 .text.find_node
                0x0001434c       0x44 modules/nrf/lib/at_notif/lib..__nrf__lib__at_notif.a(at_notif.c.obj)
 .text.module_init
                0x00014390       0x4c modules/nrf/lib/at_notif/lib..__nrf__lib__at_notif.a(at_notif.c.obj)
 .text.k_mutex_unlock.constprop.0
                0x000143dc        0xc modules/nrf/lib/at_notif/lib..__nrf__lib__at_notif.a(at_notif.c.obj)
 .text.notif_dispatch
                0x000143e8       0x4c modules/nrf/lib/at_notif/lib..__nrf__lib__at_notif.a(at_notif.c.obj)
 .text.at_notif_register_handler
                0x00014434       0x98 modules/nrf/lib/at_notif/lib..__nrf__lib__at_notif.a(at_notif.c.obj)
                0x00014434                at_notif_register_handler
 .text.write_uart_string
                0x000144cc       0x1c modules/nrf/lib/at_host/lib..__nrf__lib__at_host.a(at_host.c.obj)
 .text.cmd_send
                0x000144e8       0xac modules/nrf/lib/at_host/lib..__nrf__lib__at_host.a(at_host.c.obj)
 .text.isr      0x00014594      0x160 modules/nrf/lib/at_host/lib..__nrf__lib__at_host.a(at_host.c.obj)
 .text.at_host_init
                0x000146f4      0x16c modules/nrf/lib/at_host/lib..__nrf__lib__at_host.a(at_host.c.obj)
 .text.is_valid_notification_char
                0x00014860       0x20 modules/nrf/lib/at_cmd_parser/lib..__nrf__lib__at_cmd_parser.a(at_cmd_parser.c.obj)
 .text.at_parse_process_element
                0x00014880      0x1d0 modules/nrf/lib/at_cmd_parser/lib..__nrf__lib__at_cmd_parser.a(at_cmd_parser.c.obj)
 .text.is_command
                0x00014a50       0x60 modules/nrf/lib/at_cmd_parser/lib..__nrf__lib__at_cmd_parser.a(at_cmd_parser.c.obj)
 .text.at_parse_detect_type
                0x00014ab0      0x1a8 modules/nrf/lib/at_cmd_parser/lib..__nrf__lib__at_cmd_parser.a(at_cmd_parser.c.obj)
 .text.at_parser_max_params_from_str
                0x00014c58      0x12c modules/nrf/lib/at_cmd_parser/lib..__nrf__lib__at_cmd_parser.a(at_cmd_parser.c.obj)
                0x00014c58                at_parser_max_params_from_str
 .text.parse_psm_cfg
                0x00014d84      0x120 modules/nrf/lib/lte_link_control/lib..__nrf__lib__lte_link_control.a(lte_lc.c.obj)
 .text.lte_lc_offline
                0x00014ea4       0x1c modules/nrf/lib/lte_link_control/lib..__nrf__lib__lte_link_control.a(lte_lc.c.obj)
                0x00014ea4                lte_lc_offline
 .text.lte_lc_normal
                0x00014ec0       0x1c modules/nrf/lib/lte_link_control/lib..__nrf__lib__lte_link_control.a(lte_lc.c.obj)
                0x00014ec0                lte_lc_normal
 .text.lte_lc_psm_req
                0x00014edc       0x9c modules/nrf/lib/lte_link_control/lib..__nrf__lib__lte_link_control.a(lte_lc.c.obj)
                0x00014edc                lte_lc_psm_req
 .text.lte_lc_system_mode_set
                0x00014f78       0xb4 modules/nrf/lib/lte_link_control/lib..__nrf__lib__lte_link_control.a(lte_lc.c.obj)
                0x00014f78                lte_lc_system_mode_set
 .text.w_lte_lc_connect
                0x0001502c       0xb4 modules/nrf/lib/lte_link_control/lib..__nrf__lib__lte_link_control.a(lte_lc.c.obj)
 .text.lte_lc_system_mode_get
                0x000150e0      0x1c0 modules/nrf/lib/lte_link_control/lib..__nrf__lib__lte_link_control.a(lte_lc.c.obj)
                0x000150e0                lte_lc_system_mode_get
 .text.w_lte_lc_init
                0x000152a0      0x134 modules/nrf/lib/lte_link_control/lib..__nrf__lib__lte_link_control.a(lte_lc.c.obj)
 .text.lte_lc_edrx_req
                0x000153d4      0x158 modules/nrf/lib/lte_link_control/lib..__nrf__lib__lte_link_control.a(lte_lc.c.obj)
                0x000153d4                lte_lc_edrx_req
 .text.k_sys_fatal_error_handler
                0x0001552c       0x2c modules/nrf/lib/fatal_error/lib..__nrf__lib__fatal_error.a(fatal_error.c.obj)
                0x0001552c                k_sys_fatal_error_handler
 .text.date_time_notify_event.constprop.0
                0x00015558       0x14 modules/nrf/lib/date_time/lib..__nrf__lib__date_time.a(date_time.c.obj)
 .text.new_date_time_get
                0x0001556c      0x224 modules/nrf/lib/date_time/lib..__nrf__lib__date_time.a(date_time.c.obj)
 .text.date_time_init
                0x00015790       0x30 modules/nrf/lib/date_time/lib..__nrf__lib__date_time.a(date_time.c.obj)
 .text.date_time_handler
                0x000157c0       0x28 modules/nrf/lib/date_time/lib..__nrf__lib__date_time.a(date_time.c.obj)
 .text.date_time_uptime_to_unix_time_ms
                0x000157e8       0xb8 modules/nrf/lib/date_time/lib..__nrf__lib__date_time.a(date_time.c.obj)
                0x000157e8                date_time_uptime_to_unix_time_ms
 .text.date_time_now
                0x000158a0       0x44 modules/nrf/lib/date_time/lib..__nrf__lib__date_time.a(date_time.c.obj)
                0x000158a0                date_time_now
 .text.check_ext_api_requests
                0x000158e4       0x9c modules/nrf/subsys/fw_info/lib..__nrf__subsys__fw_info.a(fw_info.c.obj)
 .text.rpc_handle_data_message
                0x00015980       0x48 C:/Users/Imanol/ncs/v1.5.0/nrfxlib/nrf_modem/lib/cortex-m33/hard-float/libmodem.a(rpc_framework.c.obj)
                0x00015980                rpc_handle_data_message
 .text.ipc_trace_init
                0x000159c8        0xc C:/Users/Imanol/ncs/v1.5.0/nrfxlib/nrf_modem/lib/cortex-m33/hard-float/libmodem.a(ipc_trace.c.obj)
                0x000159c8                ipc_trace_init
 .text.nrf_modem_os_trace_irq_handler
                0x000159d4       0x58 C:/Users/Imanol/ncs/v1.5.0/nrfxlib/nrf_modem/lib/cortex-m33/hard-float/libmodem.a(ipc_trace.c.obj)
                0x000159d4                nrf_modem_os_trace_irq_handler
 .text.ipc_trace_handle
                0x00015a2c      0x128 C:/Users/Imanol/ncs/v1.5.0/nrfxlib/nrf_modem/lib/cortex-m33/hard-float/libmodem.a(ipc_trace.c.obj)
                0x00015a2c                ipc_trace_handle
 .text.rpc_trace_coredump_in_progress
                0x00015b54        0xc C:/Users/Imanol/ncs/v1.5.0/nrfxlib/nrf_modem/lib/cortex-m33/hard-float/libmodem.a(ipc_trace.c.obj)
                0x00015b54                rpc_trace_coredump_in_progress
 .text.handle_modem_rpc_msg
                0x00015b60       0x84 C:/Users/Imanol/ncs/v1.5.0/nrfxlib/nrf_modem/lib/cortex-m33/hard-float/libmodem.a(rpc_transport_ipc.c.obj)
 .text.rpc_transport_ipc_data_msg_send
                0x00015be4       0x5c C:/Users/Imanol/ncs/v1.5.0/nrfxlib/nrf_modem/lib/cortex-m33/hard-float/libmodem.a(rpc_transport_ipc.c.obj)
                0x00015be4                rpc_transport_ipc_data_msg_send
 .text.rpc_transport_ipc_ctrl_msg_send
                0x00015c40       0x4c C:/Users/Imanol/ncs/v1.5.0/nrfxlib/nrf_modem/lib/cortex-m33/hard-float/libmodem.a(rpc_transport_ipc.c.obj)
                0x00015c40                rpc_transport_ipc_ctrl_msg_send
 .text.rpc_transport_ipc_data_msg_alloc
                0x00015c8c       0x24 C:/Users/Imanol/ncs/v1.5.0/nrfxlib/nrf_modem/lib/cortex-m33/hard-float/libmodem.a(rpc_transport_ipc.c.obj)
                0x00015c8c                rpc_transport_ipc_data_msg_alloc
 .text.rpc_transport_ipc_ctrl_msg_alloc
                0x00015cb0       0x18 C:/Users/Imanol/ncs/v1.5.0/nrfxlib/nrf_modem/lib/cortex-m33/hard-float/libmodem.a(rpc_transport_ipc.c.obj)
                0x00015cb0                rpc_transport_ipc_ctrl_msg_alloc
 .text.rpc_transport_ipc_data_alloc
                0x00015cc8       0x14 C:/Users/Imanol/ncs/v1.5.0/nrfxlib/nrf_modem/lib/cortex-m33/hard-float/libmodem.a(rpc_transport_ipc.c.obj)
                0x00015cc8                rpc_transport_ipc_data_alloc
 .text.nrf_modem_os_application_irq_handler
                0x00015cdc       0x20 C:/Users/Imanol/ncs/v1.5.0/nrfxlib/nrf_modem/lib/cortex-m33/hard-float/libmodem.a(rpc_transport_ipc.c.obj)
                0x00015cdc                nrf_modem_os_application_irq_handler
 .text.rpc_transport_ipc_msg_free
                0x00015cfc       0x4c C:/Users/Imanol/ncs/v1.5.0/nrfxlib/nrf_modem/lib/cortex-m33/hard-float/libmodem.a(rpc_transport_ipc.c.obj)
                0x00015cfc                rpc_transport_ipc_msg_free
 .text.rpc_transport_ipc_data_free
                0x00015d48       0x44 C:/Users/Imanol/ncs/v1.5.0/nrfxlib/nrf_modem/lib/cortex-m33/hard-float/libmodem.a(rpc_transport_ipc.c.obj)
                0x00015d48                rpc_transport_ipc_data_free
 .text.rpc_transport_ipc_init
                0x00015d8c      0x188 C:/Users/Imanol/ncs/v1.5.0/nrfxlib/nrf_modem/lib/cortex-m33/hard-float/libmodem.a(rpc_transport_ipc.c.obj)
                0x00015d8c                rpc_transport_ipc_init
 .text.ipc_irq_handler
                0x00015f14      0x134 C:/Users/Imanol/ncs/v1.5.0/nrfxlib/nrf_modem/lib/cortex-m33/hard-float/libmodem.a(rpc_transport_ipc.c.obj)
                0x00015f14                ipc_irq_handler
 .text.interface_init
                0x00016048       0x18 C:/Users/Imanol/ncs/v1.5.0/nrfxlib/nrf_modem/lib/cortex-m33/hard-float/libmodem.a(interface.c.obj)
                0x00016048                interface_init
 .text.interface_socket_allocate
                0x00016060       0x4c C:/Users/Imanol/ncs/v1.5.0/nrfxlib/nrf_modem/lib/cortex-m33/hard-float/libmodem.a(interface.c.obj)
                0x00016060                interface_socket_allocate
 .text.interface_socket_free
                0x000160ac       0x18 C:/Users/Imanol/ncs/v1.5.0/nrfxlib/nrf_modem/lib/cortex-m33/hard-float/libmodem.a(interface.c.obj)
                0x000160ac                interface_socket_free
 .text.interface_socket_packet_handler_update
                0x000160c4       0x34 C:/Users/Imanol/ncs/v1.5.0/nrfxlib/nrf_modem/lib/cortex-m33/hard-float/libmodem.a(interface.c.obj)
                0x000160c4                interface_socket_packet_handler_update
 .text.interface_socket_wait
                0x000160f8       0x4c C:/Users/Imanol/ncs/v1.5.0/nrfxlib/nrf_modem/lib/cortex-m33/hard-float/libmodem.a(interface.c.obj)
                0x000160f8                interface_socket_wait
 .text.interface_from_internal_id_search
                0x00016144       0x30 C:/Users/Imanol/ncs/v1.5.0/nrfxlib/nrf_modem/lib/cortex-m33/hard-float/libmodem.a(interface.c.obj)
                0x00016144                interface_from_internal_id_search
 .text.interface_socket_from_handle_get
                0x00016174       0x20 C:/Users/Imanol/ncs/v1.5.0/nrfxlib/nrf_modem/lib/cortex-m33/hard-float/libmodem.a(interface.c.obj)
                0x00016174                interface_socket_from_handle_get
 .text.interface_socket_setopt
                0x00016194       0x68 C:/Users/Imanol/ncs/v1.5.0/nrfxlib/nrf_modem/lib/cortex-m33/hard-float/libmodem.a(interface.c.obj)
                0x00016194                interface_socket_setopt
 .text.interface_socket_getopt
                0x000161fc       0x78 C:/Users/Imanol/ncs/v1.5.0/nrfxlib/nrf_modem/lib/cortex-m33/hard-float/libmodem.a(interface.c.obj)
                0x000161fc                interface_socket_getopt
 .text.interface_socket_fcntl
                0x00016274       0x68 C:/Users/Imanol/ncs/v1.5.0/nrfxlib/nrf_modem/lib/cortex-m33/hard-float/libmodem.a(interface.c.obj)
                0x00016274                interface_socket_fcntl
 .text.rpc_error_to_nrf_errno
                0x000162dc       0x10 C:/Users/Imanol/ncs/v1.5.0/nrfxlib/nrf_modem/lib/cortex-m33/hard-float/libmodem.a(ip_interface.c.obj)
                0x000162dc                rpc_error_to_nrf_errno
 .text.ip_interface_init
                0x000162ec       0x30 C:/Users/Imanol/ncs/v1.5.0/nrfxlib/nrf_modem/lib/cortex-m33/hard-float/libmodem.a(ip_interface.c.obj)
                0x000162ec                ip_interface_init
 .text.ip_interface_open
                0x0001631c      0x108 C:/Users/Imanol/ncs/v1.5.0/nrfxlib/nrf_modem/lib/cortex-m33/hard-float/libmodem.a(ip_interface.c.obj)
                0x0001631c                ip_interface_open
 .text.ip_interface_close
                0x00016424       0x94 C:/Users/Imanol/ncs/v1.5.0/nrfxlib/nrf_modem/lib/cortex-m33/hard-float/libmodem.a(ip_interface.c.obj)
                0x00016424                ip_interface_close
 .text.ip_interface_sendto
                0x000164b8      0x240 C:/Users/Imanol/ncs/v1.5.0/nrfxlib/nrf_modem/lib/cortex-m33/hard-float/libmodem.a(ip_interface.c.obj)
                0x000164b8                ip_interface_sendto
 .text.ip_interface_socketoption_get
                0x000166f8      0x100 C:/Users/Imanol/ncs/v1.5.0/nrfxlib/nrf_modem/lib/cortex-m33/hard-float/libmodem.a(ip_interface.c.obj)
                0x000166f8                ip_interface_socketoption_get
 .text.ip_interface_bind
                0x000167f8       0xc4 C:/Users/Imanol/ncs/v1.5.0/nrfxlib/nrf_modem/lib/cortex-m33/hard-float/libmodem.a(ip_interface.c.obj)
                0x000167f8                ip_interface_bind
 .text.ip_interface_listen
                0x000168bc       0xa4 C:/Users/Imanol/ncs/v1.5.0/nrfxlib/nrf_modem/lib/cortex-m33/hard-float/libmodem.a(ip_interface.c.obj)
                0x000168bc                ip_interface_listen
 .text.ip_interface_accept
                0x00016960      0x1c4 C:/Users/Imanol/ncs/v1.5.0/nrfxlib/nrf_modem/lib/cortex-m33/hard-float/libmodem.a(ip_interface.c.obj)
                0x00016960                ip_interface_accept
 .text.ip_interface_getaddrinfo
                0x00016b24      0x1a8 C:/Users/Imanol/ncs/v1.5.0/nrfxlib/nrf_modem/lib/cortex-m33/hard-float/libmodem.a(ip_interface.c.obj)
                0x00016b24                ip_interface_getaddrinfo
 .text.ip_interface_freeaddrinfo
                0x00016ccc       0x34 C:/Users/Imanol/ncs/v1.5.0/nrfxlib/nrf_modem/lib/cortex-m33/hard-float/libmodem.a(ip_interface.c.obj)
                0x00016ccc                ip_interface_freeaddrinfo
 .text.rpc_ip_event_handler
                0x00016d00      0x48c C:/Users/Imanol/ncs/v1.5.0/nrfxlib/nrf_modem/lib/cortex-m33/hard-float/libmodem.a(ip_interface.c.obj)
                0x00016d00                rpc_ip_event_handler
 .text.hostname_free
                0x0001718c       0x24 C:/Users/Imanol/ncs/v1.5.0/nrfxlib/nrf_modem/lib/cortex-m33/hard-float/libmodem.a(tls_interface.c.obj)
 .text.secure_socket_attach_initiate
                0x000171b0       0x9c C:/Users/Imanol/ncs/v1.5.0/nrfxlib/nrf_modem/lib/cortex-m33/hard-float/libmodem.a(tls_interface.c.obj)
 .text.tls_interface_init
                0x0001724c       0x10 C:/Users/Imanol/ncs/v1.5.0/nrfxlib/nrf_modem/lib/cortex-m33/hard-float/libmodem.a(tls_interface.c.obj)
                0x0001724c                tls_interface_init
 .text.tls_interface_open
                0x0001725c       0x88 C:/Users/Imanol/ncs/v1.5.0/nrfxlib/nrf_modem/lib/cortex-m33/hard-float/libmodem.a(tls_interface.c.obj)
                0x0001725c                tls_interface_open
 .text.tls_interface_sendto
                0x000172e4      0x10c C:/Users/Imanol/ncs/v1.5.0/nrfxlib/nrf_modem/lib/cortex-m33/hard-float/libmodem.a(tls_interface.c.obj)
                0x000172e4                tls_interface_sendto
 .text.tls_interface_recvfrom
                0x000173f0       0x8c C:/Users/Imanol/ncs/v1.5.0/nrfxlib/nrf_modem/lib/cortex-m33/hard-float/libmodem.a(tls_interface.c.obj)
                0x000173f0                tls_interface_recvfrom
 .text.tls_interface_bind
                0x0001747c       0x58 C:/Users/Imanol/ncs/v1.5.0/nrfxlib/nrf_modem/lib/cortex-m33/hard-float/libmodem.a(tls_interface.c.obj)
                0x0001747c                tls_interface_bind
 .text.tls_interface_connect
                0x000174d4       0x5c C:/Users/Imanol/ncs/v1.5.0/nrfxlib/nrf_modem/lib/cortex-m33/hard-float/libmodem.a(tls_interface.c.obj)
                0x000174d4                tls_interface_connect
 .text.tls_interface_listen
                0x00017530       0x84 C:/Users/Imanol/ncs/v1.5.0/nrfxlib/nrf_modem/lib/cortex-m33/hard-float/libmodem.a(tls_interface.c.obj)
                0x00017530                tls_interface_listen
 .text.tls_interface_accept
                0x000175b4       0xb8 C:/Users/Imanol/ncs/v1.5.0/nrfxlib/nrf_modem/lib/cortex-m33/hard-float/libmodem.a(tls_interface.c.obj)
                0x000175b4                tls_interface_accept
 .text.tls_interface_setopt
                0x0001766c      0x128 C:/Users/Imanol/ncs/v1.5.0/nrfxlib/nrf_modem/lib/cortex-m33/hard-float/libmodem.a(tls_interface.c.obj)
                0x0001766c                tls_interface_setopt
 .text.tls_interface_getopt
                0x00017794       0xdc C:/Users/Imanol/ncs/v1.5.0/nrfxlib/nrf_modem/lib/cortex-m33/hard-float/libmodem.a(tls_interface.c.obj)
                0x00017794                tls_interface_getopt
 .text.tls_rpc_ip_event_handler
                0x00017870       0xec C:/Users/Imanol/ncs/v1.5.0/nrfxlib/nrf_modem/lib/cortex-m33/hard-float/libmodem.a(tls_interface.c.obj)
                0x00017870                tls_rpc_ip_event_handler
 .text.at_interface_init
                0x0001795c       0x10 C:/Users/Imanol/ncs/v1.5.0/nrfxlib/nrf_modem/lib/cortex-m33/hard-float/libmodem.a(at_interface.c.obj)
                0x0001795c                at_interface_init
 .text.at_interface_open
                0x0001796c       0x78 C:/Users/Imanol/ncs/v1.5.0/nrfxlib/nrf_modem/lib/cortex-m33/hard-float/libmodem.a(at_interface.c.obj)
                0x0001796c                at_interface_open
 .text.rpc_dfu_message_send
                0x000179e4       0xb4 C:/Users/Imanol/ncs/v1.5.0/nrfxlib/nrf_modem/lib/cortex-m33/hard-float/libmodem.a(mfu_interface.c.obj)
 .text.rpc_dfu_event_handler
                0x00017a98       0x2c C:/Users/Imanol/ncs/v1.5.0/nrfxlib/nrf_modem/lib/cortex-m33/hard-float/libmodem.a(mfu_interface.c.obj)
                0x00017a98                rpc_dfu_event_handler
 .text.mfu_interface_init
                0x00017ac4       0x28 C:/Users/Imanol/ncs/v1.5.0/nrfxlib/nrf_modem/lib/cortex-m33/hard-float/libmodem.a(mfu_interface.c.obj)
                0x00017ac4                mfu_interface_init
 .text.mfu_interface_open
                0x00017aec       0x28 C:/Users/Imanol/ncs/v1.5.0/nrfxlib/nrf_modem/lib/cortex-m33/hard-float/libmodem.a(mfu_interface.c.obj)
                0x00017aec                mfu_interface_open
 .text.mfu_interface_close
                0x00017b14       0x54 C:/Users/Imanol/ncs/v1.5.0/nrfxlib/nrf_modem/lib/cortex-m33/hard-float/libmodem.a(mfu_interface.c.obj)
                0x00017b14                mfu_interface_close
 .text.mfu_interface_sendto
                0x00017b68       0x8c C:/Users/Imanol/ncs/v1.5.0/nrfxlib/nrf_modem/lib/cortex-m33/hard-float/libmodem.a(mfu_interface.c.obj)
                0x00017b68                mfu_interface_sendto
 .text.mfu_interface_setopt
                0x00017bf4       0x88 C:/Users/Imanol/ncs/v1.5.0/nrfxlib/nrf_modem/lib/cortex-m33/hard-float/libmodem.a(mfu_interface.c.obj)
                0x00017bf4                mfu_interface_setopt
 .text.mfu_interface_getopt
                0x00017c7c       0xb4 C:/Users/Imanol/ncs/v1.5.0/nrfxlib/nrf_modem/lib/cortex-m33/hard-float/libmodem.a(mfu_interface.c.obj)
                0x00017c7c                mfu_interface_getopt
 .text.send_message
                0x00017d30       0x88 C:/Users/Imanol/ncs/v1.5.0/nrfxlib/nrf_modem/lib/cortex-m33/hard-float/libmodem.a(gnss_interface.c.obj)
 .text.rpc_gnss_event_handler
                0x00017db8      0x180 C:/Users/Imanol/ncs/v1.5.0/nrfxlib/nrf_modem/lib/cortex-m33/hard-float/libmodem.a(gnss_interface.c.obj)
                0x00017db8                rpc_gnss_event_handler
 .text.gnss_interface_write
                0x00017f38      0x114 C:/Users/Imanol/ncs/v1.5.0/nrfxlib/nrf_modem/lib/cortex-m33/hard-float/libmodem.a(gnss_interface.c.obj)
                0x00017f38                gnss_interface_write
 .text.gnss_interface_read
                0x0001804c      0x210 C:/Users/Imanol/ncs/v1.5.0/nrfxlib/nrf_modem/lib/cortex-m33/hard-float/libmodem.a(gnss_interface.c.obj)
                0x0001804c                gnss_interface_read
 .text.gnss_interface_setopt
                0x0001825c      0x1f0 C:/Users/Imanol/ncs/v1.5.0/nrfxlib/nrf_modem/lib/cortex-m33/hard-float/libmodem.a(gnss_interface.c.obj)
                0x0001825c                gnss_interface_setopt
 .text.gnss_interface_getopt
                0x0001844c      0x128 C:/Users/Imanol/ncs/v1.5.0/nrfxlib/nrf_modem/lib/cortex-m33/hard-float/libmodem.a(gnss_interface.c.obj)
                0x0001844c                gnss_interface_getopt
 .text.gnss_interface_init
                0x00018574       0x3c C:/Users/Imanol/ncs/v1.5.0/nrfxlib/nrf_modem/lib/cortex-m33/hard-float/libmodem.a(gnss_interface.c.obj)
                0x00018574                gnss_interface_init
 .text.gnss_interface_open
                0x000185b0       0x70 C:/Users/Imanol/ncs/v1.5.0/nrfxlib/nrf_modem/lib/cortex-m33/hard-float/libmodem.a(gnss_interface.c.obj)
                0x000185b0                gnss_interface_open
 .text.gnss_interface_close
                0x00018620       0x60 C:/Users/Imanol/ncs/v1.5.0/nrfxlib/nrf_modem/lib/cortex-m33/hard-float/libmodem.a(gnss_interface.c.obj)
                0x00018620                gnss_interface_close
 .text.handle_verify_and_covert
                0x00018680       0x38 C:/Users/Imanol/ncs/v1.5.0/nrfxlib/nrf_modem/lib/cortex-m33/hard-float/libmodem.a(pdn_interface.c.obj)
 .text.command_write
                0x000186b8       0x3c C:/Users/Imanol/ncs/v1.5.0/nrfxlib/nrf_modem/lib/cortex-m33/hard-float/libmodem.a(pdn_interface.c.obj)
 .text.event_wait
                0x000186f4       0x80 C:/Users/Imanol/ncs/v1.5.0/nrfxlib/nrf_modem/lib/cortex-m33/hard-float/libmodem.a(pdn_interface.c.obj)
 .text.pdn_state_get_parser
                0x00018774       0x44 C:/Users/Imanol/ncs/v1.5.0/nrfxlib/nrf_modem/lib/cortex-m33/hard-float/libmodem.a(pdn_interface.c.obj)
 .text.pdn_id_get_parser
                0x000187b8       0x28 C:/Users/Imanol/ncs/v1.5.0/nrfxlib/nrf_modem/lib/cortex-m33/hard-float/libmodem.a(pdn_interface.c.obj)
 .text.context_create_parser
                0x000187e0       0x28 C:/Users/Imanol/ncs/v1.5.0/nrfxlib/nrf_modem/lib/cortex-m33/hard-float/libmodem.a(pdn_interface.c.obj)
 .text.connection_free
                0x00018808       0x1c C:/Users/Imanol/ncs/v1.5.0/nrfxlib/nrf_modem/lib/cortex-m33/hard-float/libmodem.a(pdn_interface.c.obj)
 .text.pdn_id_get
                0x00018824       0x50 C:/Users/Imanol/ncs/v1.5.0/nrfxlib/nrf_modem/lib/cortex-m33/hard-float/libmodem.a(pdn_interface.c.obj)
 .text.pdn_interface_init
                0x00018874       0x40 C:/Users/Imanol/ncs/v1.5.0/nrfxlib/nrf_modem/lib/cortex-m33/hard-float/libmodem.a(pdn_interface.c.obj)
                0x00018874                pdn_interface_init
 .text.pdn_interface_open
                0x000188b4       0xb8 C:/Users/Imanol/ncs/v1.5.0/nrfxlib/nrf_modem/lib/cortex-m33/hard-float/libmodem.a(pdn_interface.c.obj)
                0x000188b4                pdn_interface_open
 .text.pdn_interface_connect
                0x0001896c      0x23c C:/Users/Imanol/ncs/v1.5.0/nrfxlib/nrf_modem/lib/cortex-m33/hard-float/libmodem.a(pdn_interface.c.obj)
                0x0001896c                pdn_interface_connect
 .text.pdn_interface_close
                0x00018ba8       0xb8 C:/Users/Imanol/ncs/v1.5.0/nrfxlib/nrf_modem/lib/cortex-m33/hard-float/libmodem.a(pdn_interface.c.obj)
                0x00018ba8                pdn_interface_close
 .text.pdn_interface_setopt
                0x00018c60      0x110 C:/Users/Imanol/ncs/v1.5.0/nrfxlib/nrf_modem/lib/cortex-m33/hard-float/libmodem.a(pdn_interface.c.obj)
                0x00018c60                pdn_interface_setopt
 .text.pdn_interface_getopt
                0x00018d70       0xf4 C:/Users/Imanol/ncs/v1.5.0/nrfxlib/nrf_modem/lib/cortex-m33/hard-float/libmodem.a(pdn_interface.c.obj)
                0x00018d70                pdn_interface_getopt
 .text.pdn_interface_pdn_id_get
                0x00018e64       0x9c C:/Users/Imanol/ncs/v1.5.0/nrfxlib/nrf_modem/lib/cortex-m33/hard-float/libmodem.a(pdn_interface.c.obj)
                0x00018e64                pdn_interface_pdn_id_get
 .text.full_dfu_ipc_irq_handler
                0x00018f00       0x18 C:/Users/Imanol/ncs/v1.5.0/nrfxlib/nrf_modem/lib/cortex-m33/hard-float/libmodem.a(full_dfu_interface.c.obj)
                0x00018f00                full_dfu_ipc_irq_handler
 .text.modem_ipc_wait_for_event
                0x00018f18       0x3c C:/Users/Imanol/ncs/v1.5.0/nrfxlib/nrf_modem/lib/cortex-m33/hard-float/libmodem.a(full_dfu_interface.c.obj)
                0x00018f18                modem_ipc_wait_for_event
 .text.nrf_modem_full_dfu_setup
                0x00018f54       0xdc C:/Users/Imanol/ncs/v1.5.0/nrfxlib/nrf_modem/lib/cortex-m33/hard-float/libmodem.a(full_dfu_interface.c.obj)
                0x00018f54                nrf_modem_full_dfu_setup
 .text.packet_handler_create
                0x00019030       0x44 C:/Users/Imanol/ncs/v1.5.0/nrfxlib/nrf_modem/lib/cortex-m33/hard-float/libmodem.a(packet_handler_factory.c.obj)
                0x00019030                packet_handler_create
 .text.modem_off
                0x00019074       0x28 C:/Users/Imanol/ncs/v1.5.0/nrfxlib/nrf_modem/lib/cortex-m33/hard-float/libmodem.a(nrf_modem.c.obj)
 .text.nrf_modem_init
                0x0001909c       0x5c C:/Users/Imanol/ncs/v1.5.0/nrfxlib/nrf_modem/lib/cortex-m33/hard-float/libmodem.a(nrf_modem.c.obj)
                0x0001909c                nrf_modem_init
 .text.nrf_modem_platform_af_method_table_get
                0x000190f8       0xa4 C:/Users/Imanol/ncs/v1.5.0/nrfxlib/nrf_modem/lib/cortex-m33/hard-float/libmodem.a(nrf_modem_platform.c.obj)
                0x000190f8                nrf_modem_platform_af_method_table_get
 .text.nrf_modem_platform_fd_method_table_get
                0x0001919c       0x60 C:/Users/Imanol/ncs/v1.5.0/nrfxlib/nrf_modem/lib/cortex-m33/hard-float/libmodem.a(nrf_modem_platform.c.obj)
                0x0001919c                nrf_modem_platform_fd_method_table_get
 .text.nrf_modem_platform_fcntl
                0x000191fc       0x20 C:/Users/Imanol/ncs/v1.5.0/nrfxlib/nrf_modem/lib/cortex-m33/hard-float/libmodem.a(nrf_modem_platform_util.c.obj)
                0x000191fc                nrf_modem_platform_fcntl
 .text.nrf_modem_busy_wait_us
                0x0001921c       0x3c C:/Users/Imanol/ncs/v1.5.0/nrfxlib/nrf_modem/lib/cortex-m33/hard-float/libmodem.a(nrf_modem_busy_wait.c.obj)
                0x0001921c                nrf_modem_busy_wait_us
 .text.SystemInit
                0x00019258       0x2c modules/hal_nordic/libmodules__hal_nordic.a(system_nrf9160.c.obj)
                0x00019258                SystemInit
 .text.nrfx_clock_init
                0x00019284       0x20 modules/hal_nordic/libmodules__hal_nordic.a(nrfx_clock.c.obj)
                0x00019284                nrfx_clock_init
 .text.nrfx_clock_start
                0x000192a4       0x64 modules/hal_nordic/libmodules__hal_nordic.a(nrfx_clock.c.obj)
                0x000192a4                nrfx_clock_start
 .text.nrfx_clock_stop
                0x00019308       0x80 modules/hal_nordic/libmodules__hal_nordic.a(nrfx_clock.c.obj)
                0x00019308                nrfx_clock_stop
 .text.nrfx_power_clock_irq_handler
                0x00019388       0x68 modules/hal_nordic/libmodules__hal_nordic.a(nrfx_clock.c.obj)
                0x00019388                nrfx_power_clock_irq_handler
 .text.nrfx_dppi_channel_alloc
                0x000193f0       0x3c modules/hal_nordic/libmodules__hal_nordic.a(nrfx_dppi.c.obj)
                0x000193f0                nrfx_dppi_channel_alloc
 .text.nrfx_gpiote_channel_free
                0x0001942c       0x44 modules/hal_nordic/libmodules__hal_nordic.a(nrfx_gpiote.c.obj)
                0x0001942c                nrfx_gpiote_channel_free
 .text.nrfx_gpiote_channel_alloc
                0x00019470       0x70 modules/hal_nordic/libmodules__hal_nordic.a(nrfx_gpiote.c.obj)
                0x00019470                nrfx_gpiote_channel_alloc
 .text.nrfx_ipc_init
                0x000194e0       0x30 modules/hal_nordic/libmodules__hal_nordic.a(nrfx_ipc.c.obj)
                0x000194e0                nrfx_ipc_init
 .text.nrfx_ipc_config_load
                0x00019510       0x40 modules/hal_nordic/libmodules__hal_nordic.a(nrfx_ipc.c.obj)
                0x00019510                nrfx_ipc_config_load
 .text.nrfx_ipc_uninit
                0x00019550       0x60 modules/hal_nordic/libmodules__hal_nordic.a(nrfx_ipc.c.obj)
                0x00019550                nrfx_ipc_uninit
 .text.nrfx_ipc_irq_handler
                0x000195b0       0x40 modules/hal_nordic/libmodules__hal_nordic.a(nrfx_ipc.c.obj)
                0x000195b0                nrfx_ipc_irq_handler
 .text.z_sys_init_run_level
                0x000195f0       0x50 zephyr/kernel/libkernel.a(device.c.obj)
                0x000195f0                z_sys_init_run_level
 .text.z_device_ready
                0x00019640       0x2c zephyr/kernel/libkernel.a(device.c.obj)
                0x00019640                z_device_ready
 .text.z_impl_device_get_binding
                0x0001966c       0x50 zephyr/kernel/libkernel.a(device.c.obj)
                0x0001966c                z_impl_device_get_binding
 .text.z_impl_z_errno
                0x000196bc        0xc zephyr/kernel/libkernel.a(errno.c.obj)
                0x000196bc                z_impl_z_errno
 .text.z_fatal_error
                0x000196c8       0xc4 zephyr/kernel/libkernel.a(fatal.c.obj)
                0x000196c8                z_fatal_error
 .text.idle     0x0001978c       0x60 zephyr/kernel/libkernel.a(idle.c.obj)
                0x0001978c                idle
 .text.z_bss_zero
                0x000197ec       0x14 zephyr/kernel/libkernel.a(init.c.obj)
                0x000197ec                z_bss_zero
 .text.bg_thread_main
                0x00019800       0x34 zephyr/kernel/libkernel.a(init.c.obj)
 .text.z_cstart
                0x00019834      0x104 zephyr/kernel/libkernel.a(init.c.obj)
                0x00019834                z_cstart
 .text.statics_init
                0x00019938       0x24 zephyr/kernel/libkernel.a(kheap.c.obj)
 .text.init_mem_slab_module
                0x0001995c       0x44 zephyr/kernel/libkernel.a(mem_slab.c.obj)
 .text.k_mem_slab_alloc
                0x000199a0       0x64 zephyr/kernel/libkernel.a(mem_slab.c.obj)
                0x000199a0                k_mem_slab_alloc
 .text.k_mem_slab_free
                0x00019a04       0x58 zephyr/kernel/libkernel.a(mem_slab.c.obj)
                0x00019a04                k_mem_slab_free
 .text.z_impl_k_msgq_put
                0x00019a5c       0xa8 zephyr/kernel/libkernel.a(msg_q.c.obj)
                0x00019a5c                z_impl_k_msgq_put
 .text.z_impl_k_msgq_get
                0x00019b04       0xbc zephyr/kernel/libkernel.a(msg_q.c.obj)
                0x00019b04                z_impl_k_msgq_get
 .text.z_impl_k_mutex_lock
                0x00019bc0       0xf0 zephyr/kernel/libkernel.a(mutex.c.obj)
                0x00019bc0                z_impl_k_mutex_lock
 .text.z_impl_k_mutex_unlock
                0x00019cb0       0x90 zephyr/kernel/libkernel.a(mutex.c.obj)
                0x00019cb0                z_impl_k_mutex_unlock
 .text.z_impl_k_queue_get
                0x00019d40       0x68 zephyr/kernel/libkernel.a(queue.c.obj)
                0x00019d40                z_impl_k_queue_get
 .text.z_reset_time_slice
                0x00019da8       0x2c zephyr/kernel/libkernel.a(sched.c.obj)
                0x00019da8                z_reset_time_slice
 .text.k_sched_time_slice_set
                0x00019dd4       0x58 zephyr/kernel/libkernel.a(sched.c.obj)
                0x00019dd4                k_sched_time_slice_set
 .text.z_reschedule
                0x00019e2c       0x24 zephyr/kernel/libkernel.a(sched.c.obj)
                0x00019e2c                z_reschedule
 .text.k_sched_lock
                0x00019e50       0x28 zephyr/kernel/libkernel.a(sched.c.obj)
                0x00019e50                k_sched_lock
 .text.z_priq_dumb_remove
                0x00019e78       0x2c zephyr/kernel/libkernel.a(sched.c.obj)
                0x00019e78                z_priq_dumb_remove
 .text.update_cache
                0x00019ea4       0x50 zephyr/kernel/libkernel.a(sched.c.obj)
 .text.k_sched_unlock
                0x00019ef4       0x38 zephyr/kernel/libkernel.a(sched.c.obj)
                0x00019ef4                k_sched_unlock
 .text.ready_thread
                0x00019f2c       0x70 zephyr/kernel/libkernel.a(sched.c.obj)
 .text.z_sched_start
                0x00019f9c       0x3c zephyr/kernel/libkernel.a(sched.c.obj)
                0x00019f9c                z_sched_start
 .text.move_thread_to_end_of_prio_q
                0x00019fd8       0x74 zephyr/kernel/libkernel.a(sched.c.obj)
 .text.z_time_slice
                0x0001a04c       0x84 zephyr/kernel/libkernel.a(sched.c.obj)
                0x0001a04c                z_time_slice
 .text.z_impl_k_thread_suspend
                0x0001a0d0       0x68 zephyr/kernel/libkernel.a(sched.c.obj)
                0x0001a0d0                z_impl_k_thread_suspend
 .text.z_thread_single_abort
                0x0001a138      0x104 zephyr/kernel/libkernel.a(sched.c.obj)
                0x0001a138                z_thread_single_abort
 .text.unready_thread
                0x0001a23c       0x34 zephyr/kernel/libkernel.a(sched.c.obj)
 .text.pend     0x0001a270       0x4c zephyr/kernel/libkernel.a(sched.c.obj)
 .text.z_pend_curr
                0x0001a2bc       0x28 zephyr/kernel/libkernel.a(sched.c.obj)
                0x0001a2bc                z_pend_curr
 .text.z_tick_sleep.part.0
                0x0001a2e4       0x74 zephyr/kernel/libkernel.a(sched.c.obj)
 .text.z_set_prio
                0x0001a358       0x88 zephyr/kernel/libkernel.a(sched.c.obj)
                0x0001a358                z_set_prio
 .text.z_sched_init
                0x0001a3e0       0x18 zephyr/kernel/libkernel.a(sched.c.obj)
                0x0001a3e0                z_sched_init
 .text.z_impl_k_yield
                0x0001a3f8       0x9c zephyr/kernel/libkernel.a(sched.c.obj)
                0x0001a3f8                z_impl_k_yield
 .text.z_impl_k_sleep
                0x0001a494       0x44 zephyr/kernel/libkernel.a(sched.c.obj)
                0x0001a494                z_impl_k_sleep
 .text.z_impl_k_current_get
                0x0001a4d8        0xc zephyr/kernel/libkernel.a(sched.c.obj)
                0x0001a4d8                z_impl_k_current_get
 .text.z_impl_k_sem_give
                0x0001a4e4       0x4c zephyr/kernel/libkernel.a(sem.c.obj)
                0x0001a4e4                z_impl_k_sem_give
 .text.z_impl_k_sem_take
                0x0001a530       0x54 zephyr/kernel/libkernel.a(sem.c.obj)
                0x0001a530                z_impl_k_sem_take
 .text.k_sys_work_q_init
                0x0001a584       0x30 zephyr/kernel/libkernel.a(system_work_q.c.obj)
 .text.z_setup_new_thread
                0x0001a5b4       0x60 zephyr/kernel/libkernel.a(thread.c.obj)
                0x0001a5b4                z_setup_new_thread
 .text.z_impl_k_thread_create
                0x0001a614       0x58 zephyr/kernel/libkernel.a(thread.c.obj)
                0x0001a614                z_impl_k_thread_create
 .text.z_init_static_threads
                0x0001a66c       0xbc zephyr/kernel/libkernel.a(thread.c.obj)
                0x0001a66c                z_init_static_threads
 .text.z_self_abort
                0x0001a728       0x28 zephyr/kernel/libkernel.a(thread_abort.c.obj)
                0x0001a728                z_self_abort
 .text.k_work_q_start
                0x0001a750       0x50 zephyr/kernel/libkernel.a(work_q.c.obj)
                0x0001a750                k_work_q_start
 .text.k_delayed_work_submit_to_queue
                0x0001a7a0       0x80 zephyr/kernel/libkernel.a(work_q.c.obj)
                0x0001a7a0                k_delayed_work_submit_to_queue
 .text.boot_banner
                0x0001a820       0x18 zephyr/kernel/libkernel.a(banner.c.obj)
                0x0001a820                boot_banner
 .text.z_data_copy
                0x0001a838       0x34 zephyr/kernel/libkernel.a(xip.c.obj)
                0x0001a838                z_data_copy
 .text.elapsed  0x0001a86c       0x14 zephyr/kernel/libkernel.a(timeout.c.obj)
 .text.remove_timeout
                0x0001a880       0x34 zephyr/kernel/libkernel.a(timeout.c.obj)
 .text.next_timeout
                0x0001a8b4       0x58 zephyr/kernel/libkernel.a(timeout.c.obj)
 .text.z_add_timeout
                0x0001a90c      0x11c zephyr/kernel/libkernel.a(timeout.c.obj)
                0x0001a90c                z_add_timeout
 .text.z_clock_announce
                0x0001aa28       0xd4 zephyr/kernel/libkernel.a(timeout.c.obj)
                0x0001aa28                z_clock_announce
 .text.z_tick_get
                0x0001aafc       0x34 zephyr/kernel/libkernel.a(timeout.c.obj)
                0x0001aafc                z_tick_get
 .text.z_timer_expiration_handler
                0x0001ab30       0x4c zephyr/kernel/libkernel.a(timer.c.obj)
                0x0001ab30                z_timer_expiration_handler
 .text.z_impl_k_timer_start
                0x0001ab7c       0xb8 zephyr/kernel/libkernel.a(timer.c.obj)
                0x0001ab7c                z_impl_k_timer_start
 .text.z_impl_k_poll
                0x0001ac34       0xb8 zephyr/kernel/libkernel.a(poll.c.obj)
                0x0001ac34                z_impl_k_poll
 .text.z_impl_k_poll_signal_raise
                0x0001acec       0x50 zephyr/kernel/libkernel.a(poll.c.obj)
                0x0001acec                z_impl_k_poll_signal_raise
 .text.k_aligned_alloc
                0x0001ad3c       0x10 zephyr/kernel/libkernel.a(mempool.c.obj)
                0x0001ad3c                k_aligned_alloc
 .text.z_thread_aligned_alloc
                0x0001ad4c       0x34 zephyr/kernel/libkernel.a(mempool.c.obj)
                0x0001ad4c                z_thread_aligned_alloc
 .text.malloc   0x0001ad80       0x10 C:/Users/Imanol/ncs/v1.5.0/toolchain/opt/arm-none-eabi/lib/thumb/v8-m.main+fp/hard\libc_nano.a(lib_a-malloc.o)
                0x0001ad80                malloc
 .text.free     0x0001ad90       0x10 C:/Users/Imanol/ncs/v1.5.0/toolchain/opt/arm-none-eabi/lib/thumb/v8-m.main+fp/hard\libc_nano.a(lib_a-malloc.o)
                0x0001ad90                free
 .text._free_r  0x0001ada0       0xa0 C:/Users/Imanol/ncs/v1.5.0/toolchain/opt/arm-none-eabi/lib/thumb/v8-m.main+fp/hard\libc_nano.a(lib_a-nano-freer.o)
                0x0001ada0                _free_r
 .text._malloc_r
                0x0001ae40       0xb4 C:/Users/Imanol/ncs/v1.5.0/toolchain/opt/arm-none-eabi/lib/thumb/v8-m.main+fp/hard\libc_nano.a(lib_a-nano-mallocr.o)
                0x0001ae40                _malloc_r
 .text.realloc  0x0001aef4       0x10 C:/Users/Imanol/ncs/v1.5.0/toolchain/opt/arm-none-eabi/lib/thumb/v8-m.main+fp/hard\libc_nano.a(lib_a-realloc.o)
                0x0001aef4                realloc
 .text._sbrk_r  0x0001af04       0x20 C:/Users/Imanol/ncs/v1.5.0/toolchain/opt/arm-none-eabi/lib/thumb/v8-m.main+fp/hard\libc_nano.a(lib_a-sbrkr.o)
                0x0001af04                _sbrk_r
 .text.snprintf
                0x0001af24       0x68 C:/Users/Imanol/ncs/v1.5.0/toolchain/opt/arm-none-eabi/lib/thumb/v8-m.main+fp/hard\libc_nano.a(lib_a-snprintf.o)
                0x0001af24                sniprintf
                0x0001af24                snprintf
 .text.sprintf  0x0001af8c       0x40 C:/Users/Imanol/ncs/v1.5.0/toolchain/opt/arm-none-eabi/lib/thumb/v8-m.main+fp/hard\libc_nano.a(lib_a-sprintf.o)
                0x0001af8c                siprintf
                0x0001af8c                sprintf
 .text.sscanf   0x0001afcc       0x58 C:/Users/Imanol/ncs/v1.5.0/toolchain/opt/arm-none-eabi/lib/thumb/v8-m.main+fp/hard\libc_nano.a(lib_a-sscanf.o)
                0x0001afcc                siscanf
                0x0001afcc                sscanf
 .text._strtol_l.isra.0
                0x0001b024       0xf0 C:/Users/Imanol/ncs/v1.5.0/toolchain/opt/arm-none-eabi/lib/thumb/v8-m.main+fp/hard\libc_nano.a(lib_a-strtol.o)
 .text.strtol   0x0001b114       0x14 C:/Users/Imanol/ncs/v1.5.0/toolchain/opt/arm-none-eabi/lib/thumb/v8-m.main+fp/hard\libc_nano.a(lib_a-strtol.o)
                0x0001b114                strtol
 .text._strtoul_l.isra.0
                0x0001b128       0xf4 C:/Users/Imanol/ncs/v1.5.0/toolchain/opt/arm-none-eabi/lib/thumb/v8-m.main+fp/hard\libc_nano.a(lib_a-strtoul.o)
 .text.strtoul  0x0001b21c       0x14 C:/Users/Imanol/ncs/v1.5.0/toolchain/opt/arm-none-eabi/lib/thumb/v8-m.main+fp/hard\libc_nano.a(lib_a-strtoul.o)
                0x0001b21c                strtoul
 .text.__utoa   0x0001b230       0x84 C:/Users/Imanol/ncs/v1.5.0/toolchain/opt/arm-none-eabi/lib/thumb/v8-m.main+fp/hard\libc_nano.a(lib_a-utoa.o)
                0x0001b230                __utoa
 .text.vsnprintf
                0x0001b2b4       0x1c C:/Users/Imanol/ncs/v1.5.0/toolchain/opt/arm-none-eabi/lib/thumb/v8-m.main+fp/hard\libc_nano.a(lib_a-vsnprintf.o)
                0x0001b2b4                vsniprintf
                0x0001b2b4                vsnprintf
 .text._vsprintf_r
                0x0001b2d0       0x2c C:/Users/Imanol/ncs/v1.5.0/toolchain/opt/arm-none-eabi/lib/thumb/v8-m.main+fp/hard\libc_nano.a(lib_a-vsprintf.o)
                0x0001b2d0                _vsprintf_r
                0x0001b2d0                _vsiprintf_r
 .text.vsprintf
                0x0001b2fc       0x14 C:/Users/Imanol/ncs/v1.5.0/toolchain/opt/arm-none-eabi/lib/thumb/v8-m.main+fp/hard\libc_nano.a(lib_a-vsprintf.o)
                0x0001b2fc                vsiprintf
                0x0001b2fc                vsprintf
 .text.__malloc_lock
                0x0001b310        0xc C:/Users/Imanol/ncs/v1.5.0/toolchain/opt/arm-none-eabi/lib/thumb/v8-m.main+fp/hard\libc_nano.a(lib_a-mlock.o)
                0x0001b310                __malloc_lock
 .text.__malloc_unlock
                0x0001b31c        0xc C:/Users/Imanol/ncs/v1.5.0/toolchain/opt/arm-none-eabi/lib/thumb/v8-m.main+fp/hard\libc_nano.a(lib_a-mlock.o)
                0x0001b31c                __malloc_unlock
 .text._svfprintf_r
                0x0001b328      0x200 C:/Users/Imanol/ncs/v1.5.0/toolchain/opt/arm-none-eabi/lib/thumb/v8-m.main+fp/hard\libc_nano.a(lib_a-nano-svfprintf.o)
                0x0001b328                _svfiprintf_r
                0x0001b328                _svfprintf_r
 .text.__ssvfscanf_r
                0x0001b528      0x2f8 C:/Users/Imanol/ncs/v1.5.0/toolchain/opt/arm-none-eabi/lib/thumb/v8-m.main+fp/hard\libc_nano.a(lib_a-nano-svfscanf.o)
                0x0001b528                __ssvfiscanf_r
                0x0001b528                __ssvfscanf_r
 .text._printf_i
                0x0001b820      0x24c C:/Users/Imanol/ncs/v1.5.0/toolchain/opt/arm-none-eabi/lib/thumb/v8-m.main+fp/hard\libc_nano.a(lib_a-nano-vfprintf_i.o)
                0x0001b820                _printf_i
 .text._scanf_chars
                0x0001ba6c       0xb0 C:/Users/Imanol/ncs/v1.5.0/toolchain/opt/arm-none-eabi/lib/thumb/v8-m.main+fp/hard\libc_nano.a(lib_a-nano-vfscanf_i.o)
                0x0001ba6c                _scanf_chars
 .text._scanf_i
                0x0001bb1c      0x1e4 C:/Users/Imanol/ncs/v1.5.0/toolchain/opt/arm-none-eabi/lib/thumb/v8-m.main+fp/hard\libc_nano.a(lib_a-nano-vfscanf_i.o)
                0x0001bb1c                _scanf_i
 .text.dn_write_uint32_t
                0x0001bd00       0x10 app/libapp.a(dn_endianness.c.obj)
                0x0001bd00                dn_write_uint32_t
 .text.dn_read_uint16_t
                0x0001bd10       0x12 app/libapp.a(dn_endianness.c.obj)
                0x0001bd10                dn_read_uint16_t
 .text.dn_read_uint32_t
                0x0001bd22       0x22 app/libapp.a(dn_endianness.c.obj)
                0x0001bd22                dn_read_uint32_t
 .text.dn_ipmg_initiateConnect
                0x0001bd44       0x18 app/libapp.a(dn_ipmg.c.obj)
                0x0001bd44                dn_ipmg_initiateConnect
 .text.dn_lock  0x0001bd5c        0x2 app/libapp.a(dn_lock.c.obj)
                0x0001bd5c                dn_lock
 .text.dn_unlock
                0x0001bd5e        0x2 app/libapp.a(dn_lock.c.obj)
                0x0001bd5e                dn_unlock
 .text.sys_notify_validate
                0x0001bd60       0x28 zephyr/libzephyr.a(notify.c.obj)
                0x0001bd60                sys_notify_validate
 .text.sys_notify_finalize
                0x0001bd88       0x32 zephyr/libzephyr.a(notify.c.obj)
                0x0001bd88                sys_notify_finalize
 .text.arch_printk_char_out
                0x0001bdba        0x4 zephyr/libzephyr.a(printk.c.obj)
                0x0001bdba                arch_printk_char_out
 .text.str_out  0x0001bdbe       0x26 zephyr/libzephyr.a(printk.c.obj)
 .text.printk   0x0001bde4       0x1a zephyr/libzephyr.a(printk.c.obj)
                0x0001bde4                printk
 .text.snprintk
                0x0001bdfe       0x1a zephyr/libzephyr.a(printk.c.obj)
                0x0001bdfe                snprintk
 .text.process_recheck
                0x0001be18       0x38 zephyr/libzephyr.a(onoff.c.obj)
 .text.notify_one
                0x0001be50       0x2c zephyr/libzephyr.a(onoff.c.obj)
 .text.transition_complete
                0x0001be7c       0x1e zephyr/libzephyr.a(onoff.c.obj)
 .text.validate_args
                0x0001be9a       0x1e zephyr/libzephyr.a(onoff.c.obj)
 .text.onoff_manager_init
                0x0001beb8       0x26 zephyr/libzephyr.a(onoff.c.obj)
                0x0001beb8                onoff_manager_init
 .text.onoff_request
                0x0001bede       0x92 zephyr/libzephyr.a(onoff.c.obj)
                0x0001bede                onoff_request
 .text.sys_sem_give
                0x0001bf70        0xa zephyr/libzephyr.a(sem.c.obj)
                0x0001bf70                sys_sem_give
 .text.sys_sem_take
                0x0001bf7a       0x1e zephyr/libzephyr.a(sem.c.obj)
                0x0001bf7a                sys_sem_take
 .text.z_thread_entry
                0x0001bf98       0x14 zephyr/libzephyr.a(thread_entry.c.obj)
                0x0001bf98                z_thread_entry
 .text.z_work_q_main
                0x0001bfac       0x3a zephyr/libzephyr.a(work_q.c.obj)
                0x0001bfac                z_work_q_main
 .text.chunk_field
                0x0001bfe6       0x16 zephyr/libzephyr.a(heap.c.obj)
 .text.chunk_set
                0x0001bffc       0x16 zephyr/libzephyr.a(heap.c.obj)
 .text.chunk_size
                0x0001c012        0xc zephyr/libzephyr.a(heap.c.obj)
 .text.set_chunk_used
                0x0001c01e       0x30 zephyr/libzephyr.a(heap.c.obj)
 .text.set_chunk_size
                0x0001c04e        0x8 zephyr/libzephyr.a(heap.c.obj)
 .text.bucket_idx
                0x0001c056       0x1a zephyr/libzephyr.a(heap.c.obj)
 .text.merge_chunks
                0x0001c070       0x3e zephyr/libzephyr.a(heap.c.obj)
 .text.split_chunks
                0x0001c0ae       0x4e zephyr/libzephyr.a(heap.c.obj)
 .text.free_list_remove_bidx
                0x0001c0fc       0x5e zephyr/libzephyr.a(heap.c.obj)
 .text.alloc_chunk
                0x0001c15a       0x86 zephyr/libzephyr.a(heap.c.obj)
 .text.free_list_add
                0x0001c1e0       0x8a zephyr/libzephyr.a(heap.c.obj)
 .text.free_list_remove
                0x0001c26a       0x2e zephyr/libzephyr.a(heap.c.obj)
 .text.free_chunk
                0x0001c298       0x88 zephyr/libzephyr.a(heap.c.obj)
 .text.sys_heap_free
                0x0001c320       0x32 zephyr/libzephyr.a(heap.c.obj)
                0x0001c320                sys_heap_free
 .text.sys_heap_alloc
                0x0001c352       0x6e zephyr/libzephyr.a(heap.c.obj)
                0x0001c352                sys_heap_alloc
 .text.sys_heap_aligned_alloc
                0x0001c3c0       0xba zephyr/libzephyr.a(heap.c.obj)
                0x0001c3c0                sys_heap_aligned_alloc
 .text.sys_heap_init
                0x0001c47a       0xa4 zephyr/libzephyr.a(heap.c.obj)
                0x0001c47a                sys_heap_init
 .text._ldiv5   0x0001c51e       0x3e zephyr/libzephyr.a(cbprintf_complete.c.obj)
 .text._get_digit
                0x0001c55c       0x2e zephyr/libzephyr.a(cbprintf_complete.c.obj)
 .text.outs     0x0001c58a       0x32 zephyr/libzephyr.a(cbprintf_complete.c.obj)
 .text._ConfigAbsSyms
                0x0001c5bc        0x2 zephyr/libzephyr.a(configs.c.obj)
                0x0001c5bc                _ConfigAbsSyms
 .text.z_platform_init
                0x0001c5be        0x4 zephyr/libzephyr.a(soc.c.obj)
                0x0001c5be                z_platform_init
 .text.log_list_init
                0x0001c5c2        0x8 zephyr/libzephyr.a(log_list.c.obj)
                0x0001c5c2                log_list_init
 .text.log_list_add_tail
                0x0001c5ca       0x14 zephyr/libzephyr.a(log_list.c.obj)
                0x0001c5ca                log_list_add_tail
 .text.log_list_head_peek
                0x0001c5de        0x4 zephyr/libzephyr.a(log_list.c.obj)
                0x0001c5de                log_list_head_peek
 .text.log_list_head_get
                0x0001c5e2        0xc zephyr/libzephyr.a(log_list.c.obj)
                0x0001c5e2                log_list_head_get
 .text.z_log_msg_std_alloc
                0x0001c5ee       0x12 zephyr/libzephyr.a(log_core.c.obj)
 .text.k_cycle_get_32_wrapper
                0x0001c600        0x4 zephyr/libzephyr.a(log_core.c.obj)
 .text.dummy_timestamp
                0x0001c604        0x4 zephyr/libzephyr.a(log_core.c.obj)
 .text.log_0    0x0001c608       0x1e zephyr/libzephyr.a(log_core.c.obj)
                0x0001c608                log_0
 .text.log_1    0x0001c626       0x2e zephyr/libzephyr.a(log_core.c.obj)
                0x0001c626                log_1
 .text.log_2    0x0001c654       0x32 zephyr/libzephyr.a(log_core.c.obj)
                0x0001c654                log_2
 .text.log_3    0x0001c686       0x3e zephyr/libzephyr.a(log_core.c.obj)
                0x0001c686                log_3
 .text.log_n    0x0001c6c4       0x16 zephyr/libzephyr.a(log_core.c.obj)
                0x0001c6c4                log_n
 .text.log_msg_hexdump_data_op
                0x0001c6da       0xac zephyr/libzephyr.a(log_msg.c.obj)
 .text.log_msg_get
                0x0001c786       0x12 zephyr/libzephyr.a(log_msg.c.obj)
                0x0001c786                log_msg_get
 .text.log_msg_nargs_get
                0x0001c798        0x6 zephyr/libzephyr.a(log_msg.c.obj)
                0x0001c798                log_msg_nargs_get
 .text.log_msg_arg_get
                0x0001c79e       0x3e zephyr/libzephyr.a(log_msg.c.obj)
                0x0001c79e                log_msg_arg_get
 .text.log_msg_put
                0x0001c7dc       0x1e zephyr/libzephyr.a(log_msg.c.obj)
                0x0001c7dc                log_msg_put
 .text.log_msg_str_get
                0x0001c7fa        0x4 zephyr/libzephyr.a(log_msg.c.obj)
                0x0001c7fa                log_msg_str_get
 .text.log_msg_create_n
                0x0001c7fe       0xa8 zephyr/libzephyr.a(log_msg.c.obj)
                0x0001c7fe                log_msg_create_n
 .text.log_msg_hexdump_data_get
                0x0001c8a6        0xe zephyr/libzephyr.a(log_msg.c.obj)