Archive member included to satisfy reference by file (symbol)

app/libapp.a(data_buff.c.obj)
                              (--whole-archive)
app/libapp.a(dn_endianness.c.obj)
                              (--whole-archive)
app/libapp.a(dn_hdlc.c.obj)   (--whole-archive)
app/libapp.a(dn_ipmg.c.obj)   (--whole-archive)
app/libapp.a(dn_ipmt.c.obj)   (--whole-archive)
app/libapp.a(dn_lock.c.obj)   (--whole-archive)
app/libapp.a(dn_serial_mg.c.obj)
                              (--whole-archive)
app/libapp.a(dn_serial_mt.c.obj)
                              (--whole-archive)
app/libapp.a(dn_uart.c.obj)   (--whole-archive)
app/libapp.a(main.c.obj)      (--whole-archive)
zephyr/libzephyr.a(cbprintf.c.obj)
                              (--whole-archive)
zephyr/libzephyr.a(crc32_sw.c.obj)
                              (--whole-archive)
zephyr/libzephyr.a(crc16_sw.c.obj)
                              (--whole-archive)
zephyr/libzephyr.a(crc8_sw.c.obj)
                              (--whole-archive)
zephyr/libzephyr.a(crc7_sw.c.obj)
                              (--whole-archive)
zephyr/libzephyr.a(dec.c.obj)
                              (--whole-archive)
zephyr/libzephyr.a(fdtable.c.obj)
                              (--whole-archive)
zephyr/libzephyr.a(hex.c.obj)
                              (--whole-archive)
zephyr/libzephyr.a(notify.c.obj)
                              (--whole-archive)
zephyr/libzephyr.a(printk.c.obj)
                              (--whole-archive)
zephyr/libzephyr.a(onoff.c.obj)
                              (--whole-archive)
zephyr/libzephyr.a(rb.c.obj)  (--whole-archive)
zephyr/libzephyr.a(sem.c.obj)
                              (--whole-archive)
zephyr/libzephyr.a(thread_entry.c.obj)
                              (--whole-archive)
zephyr/libzephyr.a(timeutil.c.obj)
                              (--whole-archive)
zephyr/libzephyr.a(work_q.c.obj)
                              (--whole-archive)
zephyr/libzephyr.a(heap.c.obj)
                              (--whole-archive)
zephyr/libzephyr.a(heap-validate.c.obj)
                              (--whole-archive)
zephyr/libzephyr.a(cbprintf_complete.c.obj)
                              (--whole-archive)
zephyr/libzephyr.a(configs.c.obj)
                              (--whole-archive)
zephyr/libzephyr.a(soc.c.obj)
                              (--whole-archive)
zephyr/libzephyr.a(power.c.obj)
                              (--whole-archive)
zephyr/libzephyr.a(validate_base_addresses.c.obj)
                              (--whole-archive)
zephyr/libzephyr.a(validate_enabled_instances.c.obj)
                              (--whole-archive)
zephyr/libzephyr.a(log_list.c.obj)
                              (--whole-archive)
zephyr/libzephyr.a(log_core.c.obj)
                              (--whole-archive)
zephyr/libzephyr.a(log_msg.c.obj)
                              (--whole-archive)
zephyr/libzephyr.a(log_output.c.obj)
                              (--whole-archive)
zephyr/libzephyr.a(log_backend_uart.c.obj)
                              (--whole-archive)
zephyr/libzephyr.a(addr_utils.c.obj)
                              (--whole-archive)
zephyr/libzephyr.a(getaddrinfo.c.obj)
                              (--whole-archive)
zephyr/libzephyr.a(sockets.c.obj)
                              (--whole-archive)
zephyr/libzephyr.a(sockets_select.c.obj)
                              (--whole-archive)
zephyr/libzephyr.a(socket_offload.c.obj)
                              (--whole-archive)
zephyr/libzephyr.a(power.c.obj)
                              (--whole-archive)
zephyr/libzephyr.a(reboot.c.obj)
                              (--whole-archive)
zephyr/libzephyr.a(policy_residency.c.obj)
                              (--whole-archive)
zephyr/libzephyr.a(uart_console.c.obj)
                              (--whole-archive)
zephyr/libzephyr.a(clock_control_nrf.c.obj)
                              (--whole-archive)
zephyr/libzephyr.a(sys_clock_init.c.obj)
                              (--whole-archive)
zephyr/libzephyr.a(nrf_rtc_timer.c.obj)
                              (--whole-archive)
zephyr/libzephyr.a(secure_services_ns.c.obj)
                              (--whole-archive)
zephyr/arch/common/libarch__common.a(sw_isr_common.c.obj)
                              (--whole-archive)
zephyr/arch/arch/arm/core/aarch32/libarch__arm__core__aarch32.a(swap.c.obj)
                              (--whole-archive)
zephyr/arch/arch/arm/core/aarch32/libarch__arm__core__aarch32.a(irq_manage.c.obj)
                              (--whole-archive)
zephyr/arch/arch/arm/core/aarch32/libarch__arm__core__aarch32.a(thread.c.obj)
                              (--whole-archive)
zephyr/arch/arch/arm/core/aarch32/libarch__arm__core__aarch32.a(fatal.c.obj)
                              (--whole-archive)
zephyr/arch/arch/arm/core/aarch32/libarch__arm__core__aarch32.a(nmi.c.obj)
                              (--whole-archive)
[...]
Memory Configuration

Name             Origin             Length             Attributes
FLASH            0x0000c000         0x000f4000         xr
SRAM             0x200144e8         0x0002bb18         xw
IDT_LIST         0x20040000         0x00000800         xw
*default*        0x00000000         0xffffffff

Linker script and memory map

LOAD zephyr/CMakeFiles/zephyr_prebuilt.dir/misc/empty_file.c.obj
                0x00000020                _region_min_align = 0x20

.rel.plt        0x0000c000        0x0
 *(SORT_BY_ALIGNMENT(.rel.plt))
                [!provide]                PROVIDE (__rel_iplt_start = .)
 *(SORT_BY_ALIGNMENT(.rel.iplt))
 .rel.iplt      0x0000c000        0x0 app/libapp.a(dn_endianness.c.obj)
                [!provide]                PROVIDE (__rel_iplt_end = .)

.rela.plt       0x00000000        0x0
 *(SORT_BY_ALIGNMENT(.rela.plt))
                [!provide]                PROVIDE (__rela_iplt_start = .)
 *(SORT_BY_ALIGNMENT(.rela.iplt))
                [!provide]                PROVIDE (__rela_iplt_end = .)

.rel.dyn
 *(SORT_BY_ALIGNMENT(.rel.*))

.rela.dyn
 *(SORT_BY_ALIGNMENT(.rela.*))

/DISCARD/
 *(SORT_BY_ALIGNMENT(.plt))
 *(SORT_BY_ALIGNMENT(.iplt))
 *(SORT_BY_ALIGNMENT(.got.plt))
 *(SORT_BY_ALIGNMENT(.igot.plt))
 *(SORT_BY_ALIGNMENT(.got))
 *(SORT_BY_ALIGNMENT(.igot))
 *(SORT_BY_ALIGNMENT(.note.GNU-stack))
                0x0000c000                _image_rom_start = 0xc000

rom_start       0x0000c000      0x23c
                0x00000000                . = 0x0
                0x00000000                . = ALIGN (0x4)
                0x00000000                . = ALIGN (0x80)
                0x00000000                . = ALIGN (0x200)
                0x0000c000                _vector_start = .
 *(SORT_BY_ALIGNMENT(.exc_vector_table))
 *(SORT_BY_ALIGNMENT(.exc_vector_table.*))
 .exc_vector_table._vector_table_section
                0x0000c000       0x40 zephyr/arch/arch/arm/core/aarch32/cortex_m/libarch__arm__core__aarch32__cortex_m.a(vector_table.S.obj)
                0x0000c000                _vector_table
 *(SORT_BY_ALIGNMENT(.gnu.linkonce.irq_vector_table*))
 .gnu.linkonce.irq_vector_table*
                0x0000c040      0x104 zephyr/arch/common/libisr_tables.a(isr_tables.c.obj)
                0x0000c040                _irq_vector_table
 *(SORT_BY_ALIGNMENT(.vectors))
                0x0000c144                _vector_end = .
 *(SORT_BY_ALIGNMENT(.openocd_dbg))
 *(SORT_BY_ALIGNMENT(.openocd_dbg.*))
                0x00000200                . = 0x200
 *fill*         0x0000c144       0xbc 
                0x0000c200                _fw_info_start = .
 *(SORT_BY_NAME(SORT_BY_ALIGNMENT(.firmware_info*)))
 .firmware_info
                0x0000c200       0x3c modules/nrf/subsys/fw_info/lib..__nrf__subsys__fw_info.a(fw_info.c.obj)
                0x0000c200                m_firmware_info
                0x0000003c                _fw_info_size = ABSOLUTE ((. - _fw_info_start))

text            0x0000c23c     0xfbdc
                0x0000c23c                _image_text_start = .
 *(SORT_BY_ALIGNMENT(.text))
 .text          0x0000c23c      0x378 c:/users/imanol/ncs/v1.5.0/toolchain/opt/bin/../lib/gcc/arm-none-eabi/9.2.1/thumb/v8-m.main+fp/hard\libgcc.a(_arm_addsubdf3.o)
                0x0000c23c                __aeabi_drsub
                0x0000c244                __aeabi_dsub
                0x0000c244                __subdf3
                0x0000c248                __aeabi_dadd
                0x0000c248                __adddf3
                0x0000c4c0                __floatunsidf
                0x0000c4c0                __aeabi_ui2d
                0x0000c4e0                __floatsidf
                0x0000c4e0                __aeabi_i2d
                0x0000c504                __aeabi_f2d
                0x0000c504                __extendsfdf2
                0x0000c548                __floatundidf
                0x0000c548                __aeabi_ul2d
                0x0000c558                __floatdidf
                0x0000c558                __aeabi_l2d
 .text          0x0000c5b4      0x424 c:/users/imanol/ncs/v1.5.0/toolchain/opt/bin/../lib/gcc/arm-none-eabi/9.2.1/thumb/v8-m.main+fp/hard\libgcc.a(_arm_muldivdf3.o)
                0x0000c5b4                __aeabi_dmul
                0x0000c5b4                __muldf3
                0x0000c808                __divdf3
                0x0000c808                __aeabi_ddiv
 .text          0x0000c9d8       0xa0 c:/users/imanol/ncs/v1.5.0/toolchain/opt/bin/../lib/gcc/arm-none-eabi/9.2.1/thumb/v8-m.main+fp/hard\libgcc.a(_arm_truncdfsf2.o)
                0x0000c9d8                __truncdfsf2
                0x0000c9d8                __aeabi_d2f
 .text          0x0000ca78       0x30 c:/users/imanol/ncs/v1.5.0/toolchain/opt/bin/../lib/gcc/arm-none-eabi/9.2.1/thumb/v8-m.main+fp/hard\libgcc.a(_aeabi_uldivmod.o)
                0x0000ca78                __aeabi_uldivmod
 .text          0x0000caa8      0x2c0 c:/users/imanol/ncs/v1.5.0/toolchain/opt/bin/../lib/gcc/arm-none-eabi/9.2.1/thumb/v8-m.main+fp/hard\libgcc.a(_udivmoddi4.o)
                0x0000caa8                __udivmoddi4
 .text          0x0000cd68        0x4 c:/users/imanol/ncs/v1.5.0/toolchain/opt/bin/../lib/gcc/arm-none-eabi/9.2.1/thumb/v8-m.main+fp/hard\libgcc.a(_dvmd_tls.o)
                0x0000cd68                __aeabi_idiv0
                0x0000cd68                __aeabi_ldiv0
 .text          0x0000cd6c       0x14 C:/Users/Imanol/ncs/v1.5.0/toolchain/opt/arm-none-eabi/lib/thumb/v8-m.main+fp/hard\libc_nano.a(lib_a-strcmp.o)
                0x0000cd6c                strcmp
 .text          0x0000cd80       0x10 C:/Users/Imanol/ncs/v1.5.0/toolchain/opt/arm-none-eabi/lib/thumb/v8-m.main+fp/hard\libc_nano.a(lib_a-strlen.o)
                0x0000cd80                strlen
 *(SORT_BY_ALIGNMENT(.text.*))
 .text.dn_hdlc_init
                0x0000cd90       0x24 app/libapp.a(dn_hdlc.c.obj)
                0x0000cd90                dn_hdlc_init
 .text.dn_hdlc_outputOpen
                0x0000cdb4       0x14 app/libapp.a(dn_hdlc.c.obj)
                0x0000cdb4                dn_hdlc_outputOpen
 .text.dn_hdlc_inputOpen
                0x0000cdc8       0x14 app/libapp.a(dn_hdlc.c.obj)
                0x0000cdc8                dn_hdlc_inputOpen
 .text.dn_hdlc_inputClose
                0x0000cddc       0x20 app/libapp.a(dn_hdlc.c.obj)
                0x0000cddc                dn_hdlc_inputClose
 .text.dn_hdlc_crcIteration
                0x0000cdfc       0x14 app/libapp.a(dn_hdlc.c.obj)
                0x0000cdfc                dn_hdlc_crcIteration
 .text.dn_hdlc_outputWrite
                0x0000ce10       0x34 app/libapp.a(dn_hdlc.c.obj)
                0x0000ce10                dn_hdlc_outputWrite
 .text.dn_hdlc_outputClose
                0x0000ce44       0x2c app/libapp.a(dn_hdlc.c.obj)
                0x0000ce44                dn_hdlc_outputClose
 .text.dn_hdlc_inputWrite
                0x0000ce70       0x34 app/libapp.a(dn_hdlc.c.obj)
                0x0000ce70                dn_hdlc_inputWrite
 .text.dn_hdlc_rxByte
                0x0000cea4       0x68 app/libapp.a(dn_hdlc.c.obj)
                0x0000cea4                dn_hdlc_rxByte
 .text.dn_ipmg_rxSerialRequest
                0x0000cf0c      0x3c0 app/libapp.a(dn_ipmg.c.obj)
                0x0000cf0c                dn_ipmg_rxSerialRequest
 .text.dn_ipmg_getSystemInfo_reply
                0x0000d2cc       0x6c app/libapp.a(dn_ipmg.c.obj)
                0x0000d2cc                dn_ipmg_getSystemInfo_reply
 .text.dn_ipmg_init
                0x0000d338       0x3c app/libapp.a(dn_ipmg.c.obj)
                0x0000d338                dn_ipmg_init
 .text.dn_ipmg_cancelTx
                0x0000d374       0x1c app/libapp.a(dn_ipmg.c.obj)
                0x0000d374                dn_ipmg_cancelTx
 .text.dn_ipmg_getSystemInfo
                0x0000d390       0x4c app/libapp.a(dn_ipmg.c.obj)
                0x0000d390                dn_ipmg_getSystemInfo
 .text.dn_serial_mg_init
                0x0000d3dc       0x20 app/libapp.a(dn_serial_mg.c.obj)
                0x0000d3dc                dn_serial_mg_init
 .text.dn_serial_sendRequestNoCheck
                0x0000d3fc       0x5c app/libapp.a(dn_serial_mg.c.obj)
                0x0000d3fc                dn_serial_sendRequestNoCheck
 .text.dn_serial_mg_initiateConnect
                0x0000d458       0x38 app/libapp.a(dn_serial_mg.c.obj)
                0x0000d458                dn_serial_mg_initiateConnect
 .text.dn_serial_mg_sendRequest
                0x0000d490       0x28 app/libapp.a(dn_serial_mg.c.obj)
                0x0000d490                dn_serial_mg_sendRequest
 .text.dn_serial_mg_dispatch_response
                0x0000d4b8       0x28 app/libapp.a(dn_serial_mg.c.obj)
                0x0000d4b8                dn_serial_mg_dispatch_response
 .text.dn_serial_mg_rxHdlcFrame
                0x0000d4e0       0xdc app/libapp.a(dn_serial_mg.c.obj)
                0x0000d4e0                dn_serial_mg_rxHdlcFrame
 .text.uart_cb  0x0000d5bc       0x94 app/libapp.a(dn_uart.c.obj)
                0x0000d5bc                uart_cb
 .text.dn_uart_init
                0x0000d650       0x40 app/libapp.a(dn_uart.c.obj)
                0x0000d650                dn_uart_init
 .text.dn_uart_txByte
                0x0000d690       0x18 app/libapp.a(dn_uart.c.obj)
                0x0000d690                dn_uart_txByte
 .text.dn_uart_txFlush
                0x0000d6a8       0x14 app/libapp.a(dn_uart.c.obj)
                0x0000d6a8                dn_uart_txFlush
 .text.dn_ipmg_reply_cb
                0x0000d6bc        0xc app/libapp.a(main.c.obj)
                0x0000d6bc                dn_ipmg_reply_cb
 .text.timer_interrupt
                0x0000d6c8        0xc app/libapp.a(main.c.obj)
                0x0000d6c8                timer_interrupt
 .text.fsm_scheduleEvent
                0x0000d6d4       0x40 app/libapp.a(main.c.obj)
                0x0000d6d4                fsm_scheduleEvent
 .text.api_response_timeout
                0x0000d714       0x38 app/libapp.a(main.c.obj)
                0x0000d714                api_response_timeout
 .text.api_initiateConnect
                0x0000d74c       0x38 app/libapp.a(main.c.obj)
                0x0000d74c                api_initiateConnect
 .text.api_getSystemInfo
                0x0000d784       0x28 app/libapp.a(main.c.obj)
                0x0000d784                api_getSystemInfo
 .text.fsm_cancelEvent
                0x0000d7ac       0x18 app/libapp.a(main.c.obj)
                0x0000d7ac                fsm_cancelEvent
 .text.api_getSystemInfo_reply
                0x0000d7c4       0x80 app/libapp.a(main.c.obj)
                0x0000d7c4                api_getSystemInfo_reply
 .text.dn_ipmg_status_cb
                0x0000d844       0x60 app/libapp.a(main.c.obj)
                0x0000d844                dn_ipmg_status_cb
 .text.main     0x0000d8a4       0x40 app/libapp.a(main.c.obj)
                0x0000d8a4                main
 .text._check_fd
                0x0000d8e4       0x30 zephyr/libzephyr.a(fdtable.c.obj)
 .text.z_get_fd_obj
                0x0000d914       0x38 zephyr/libzephyr.a(fdtable.c.obj)
                0x0000d914                z_get_fd_obj
 .text.z_get_fd_obj_and_vtable
                0x0000d94c       0x28 zephyr/libzephyr.a(fdtable.c.obj)
                0x0000d94c                z_get_fd_obj_and_vtable
 .text.z_reserve_fd
                0x0000d974       0x64 zephyr/libzephyr.a(fdtable.c.obj)
                0x0000d974                z_reserve_fd
 .text.z_finalize_fd
                0x0000d9d8       0x14 zephyr/libzephyr.a(fdtable.c.obj)
                0x0000d9d8                z_finalize_fd
 .text.z_free_fd
                0x0000d9ec       0x40 zephyr/libzephyr.a(fdtable.c.obj)
                0x0000d9ec                z_free_fd
 .text.char_out
                0x0000da2c       0x10 zephyr/libzephyr.a(printk.c.obj)
 .text.__printk_hook_install
                0x0000da3c        0xc zephyr/libzephyr.a(printk.c.obj)
                0x0000da3c                __printk_hook_install
 .text.vprintk  0x0000da48       0x1c zephyr/libzephyr.a(printk.c.obj)
                0x0000da48                vprintk
 .text.vsnprintk
                0x0000da64       0x28 zephyr/libzephyr.a(printk.c.obj)
                0x0000da64                vsnprintk
 .text.process_event
                0x0000da8c      0x1d0 zephyr/libzephyr.a(onoff.c.obj)
 .text.extract_decimal
                0x0000dc5c       0x2c zephyr/libzephyr.a(cbprintf_complete.c.obj)
 .text.encode_uint
                0x0000dc88       0xa0 zephyr/libzephyr.a(cbprintf_complete.c.obj)
 .text.cbvprintf
                0x0000dd28      0xd28 zephyr/libzephyr.a(cbprintf_complete.c.obj)
                0x0000dd28                cbvprintf
 .text.nordicsemi_nrf91_init
                0x0000ea50       0x28 zephyr/libzephyr.a(soc.c.obj)
 .text.arch_busy_wait
                0x0000ea78       0x14 zephyr/libzephyr.a(soc.c.obj)
                0x0000ea78                arch_busy_wait
 .text.enable_logger
                0x0000ea8c       0x5c zephyr/libzephyr.a(log_core.c.obj)
 .text.log_process_thread_timer_expiry_fn
                0x0000eae8        0xc zephyr/libzephyr.a(log_core.c.obj)
 .text.z_log_get_s_mask
                0x0000eaf4       0x48 zephyr/libzephyr.a(log_core.c.obj)
                0x0000eaf4                z_log_get_s_mask
 .text.log_core_init
                0x0000eb3c       0x40 zephyr/libzephyr.a(log_core.c.obj)
                0x0000eb3c                log_core_init
 .text.dropped_notify
                0x0000eb7c       0x44 zephyr/libzephyr.a(log_core.c.obj)
                0x0000eb7c                dropped_notify
 .text.log_dropped
                0x0000ebc0       0x18 zephyr/libzephyr.a(log_core.c.obj)
                0x0000ebc0                log_dropped
 .text.log_source_name_get
                0x0000ebd8       0x1c zephyr/libzephyr.a(log_core.c.obj)
                0x0000ebd8                log_source_name_get
 .text.log_backend_enable
                0x0000ebf4       0x34 zephyr/libzephyr.a(log_core.c.obj)
                0x0000ebf4                log_backend_enable
 .text.log_init
                0x0000ec28       0x4c zephyr/libzephyr.a(log_core.c.obj)
                0x0000ec28                log_init
 .text.log_strdup
                0x0000ec74       0x68 zephyr/libzephyr.a(log_core.c.obj)
                0x0000ec74                log_strdup
 .text.log_is_strdup
                0x0000ecdc       0x1c zephyr/libzephyr.a(log_core.c.obj)
                0x0000ecdc                log_is_strdup
 .text.z_impl_log_process
                0x0000ecf8      0x168 zephyr/libzephyr.a(log_core.c.obj)
                0x0000ecf8                z_impl_log_process
 .text.msg_finalize
                0x0000ee60       0xbc zephyr/libzephyr.a(log_core.c.obj)
 .text.log_process_thread_func
                0x0000ef1c       0x48 zephyr/libzephyr.a(log_core.c.obj)
 .text.z_impl_log_panic
                0x0000ef64       0x48 zephyr/libzephyr.a(log_core.c.obj)
                0x0000ef64                z_impl_log_panic
 .text.log_free
                0x0000efac       0x2c zephyr/libzephyr.a(log_core.c.obj)
                0x0000efac                log_free
 .text.log_msg_pool_init
                0x0000efd8       0x14 zephyr/libzephyr.a(log_msg.c.obj)
                0x0000efd8                log_msg_pool_init
 .text.log_msg_no_space_handle
                0x0000efec       0x30 zephyr/libzephyr.a(log_msg.c.obj)
                0x0000efec                log_msg_no_space_handle
 .text.log_msg_chunk_alloc
                0x0000f01c       0x28 zephyr/libzephyr.a(log_msg.c.obj)
                0x0000f01c                log_msg_chunk_alloc
 .text.msg_free
                0x0000f044       0x7c zephyr/libzephyr.a(log_msg.c.obj)
 .text.print_formatted
                0x0000f0c0       0x24 zephyr/libzephyr.a(log_output.c.obj)
 .text.prefix_print
                0x0000f0e4      0x11c zephyr/libzephyr.a(log_output.c.obj)
 .text.postfix_print
                0x0000f200       0x3c zephyr/libzephyr.a(log_output.c.obj)
 .text.hexdump_line_print
                0x0000f23c       0xe4 zephyr/libzephyr.a(log_output.c.obj)
 .text.log_output_msg_process
                0x0000f320       0xf8 zephyr/libzephyr.a(log_output.c.obj)
                0x0000f320                log_output_msg_process
 .text.log_output_dropped_process
                0x0000f418       0x58 zephyr/libzephyr.a(log_output.c.obj)
                0x0000f418                log_output_dropped_process
 .text.log_output_timestamp_freq_set
                0x0000f470       0x30 zephyr/libzephyr.a(log_output.c.obj)
                0x0000f470                log_output_timestamp_freq_set
 .text.char_out
                0x0000f4a0       0x24 zephyr/libzephyr.a(log_backend_uart.c.obj)
 .text.panic    0x0000f4c4        0xc zephyr/libzephyr.a(log_backend_uart.c.obj)
 .text.dropped  0x0000f4d0        0xc zephyr/libzephyr.a(log_backend_uart.c.obj)
 .text.log_backend_uart_init
                0x0000f4dc       0x18 zephyr/libzephyr.a(log_backend_uart.c.obj)
 .text.put      0x0000f4f4       0x24 zephyr/libzephyr.a(log_backend_uart.c.obj)
 .text.z_impl_zsock_socket
                0x0000f518       0x4c zephyr/libzephyr.a(sockets.c.obj)
                0x0000f518                z_impl_zsock_socket
 .text.socket_offload_dns_register
                0x0000f564        0xc zephyr/libzephyr.a(socket_offload.c.obj)
                0x0000f564                socket_offload_dns_register
 .text.uart_console_init
                0x0000f570       0x28 zephyr/libzephyr.a(uart_console.c.obj)
 .text.console_out
                0x0000f598       0x28 zephyr/libzephyr.a(uart_console.c.obj)
 .text.onoff_stop
                0x0000f5c0       0x48 zephyr/libzephyr.a(clock_control_nrf.c.obj)
 .text.onoff_start
                0x0000f608       0x54 zephyr/libzephyr.a(clock_control_nrf.c.obj)
 .text.clk_init
                0x0000f65c       0x60 zephyr/libzephyr.a(clock_control_nrf.c.obj)
 .text.clkstarted_handle.constprop.0
                0x0000f6bc       0x3c zephyr/libzephyr.a(clock_control_nrf.c.obj)
 .text.clock_event_handler
                0x0000f6f8       0x1c zephyr/libzephyr.a(clock_control_nrf.c.obj)
 .text.generic_hfclk_start
                0x0000f714       0x64 zephyr/libzephyr.a(clock_control_nrf.c.obj)
 .text.generic_hfclk_stop
                0x0000f778       0x24 zephyr/libzephyr.a(clock_control_nrf.c.obj)
 .text.api_blocking_start
                0x0000f79c       0x3c zephyr/libzephyr.a(clock_control_nrf.c.obj)
 .text.z_nrf_clock_control_lf_on
                0x0000f7d8      0x104 zephyr/libzephyr.a(clock_control_nrf.c.obj)
                0x0000f7d8                z_nrf_clock_control_lf_on
 .text.sys_clock_timeout_handler
                0x0000f8dc       0x18 zephyr/libzephyr.a(nrf_rtc_timer.c.obj)
 .text.set_absolute_alarm
                0x0000f8f4       0x98 zephyr/libzephyr.a(nrf_rtc_timer.c.obj)
 .text.rtc_nrf_isr
                0x0000f98c       0x50 zephyr/libzephyr.a(nrf_rtc_timer.c.obj)
                0x0000f98c                rtc_nrf_isr
 .text.z_clock_driver_init
                0x0000f9dc       0x54 zephyr/libzephyr.a(nrf_rtc_timer.c.obj)
                0x0000f9dc                z_clock_driver_init
 .text.z_clock_set_timeout
                0x0000fa30       0x64 zephyr/libzephyr.a(nrf_rtc_timer.c.obj)
                0x0000fa30                z_clock_set_timeout
 .text.z_clock_elapsed
                0x0000fa94       0x34 zephyr/libzephyr.a(nrf_rtc_timer.c.obj)
                0x0000fa94                z_clock_elapsed
 .text.z_timer_cycle_get_32
                0x0000fac8       0x34 zephyr/libzephyr.a(nrf_rtc_timer.c.obj)
                0x0000fac8                z_timer_cycle_get_32
 .text.arch_swap
                0x0000fafc       0x38 zephyr/arch/arch/arm/core/aarch32/libarch__arm__core__aarch32.a(swap.c.obj)
                0x0000fafc                arch_swap
 .text.arch_irq_enable
                0x0000fb34       0x20 zephyr/arch/arch/arm/core/aarch32/libarch__arm__core__aarch32.a(irq_manage.c.obj)
                0x0000fb34                arch_irq_enable
 .text.arch_irq_is_enabled
                0x0000fb54       0x1c zephyr/arch/arch/arm/core/aarch32/libarch__arm__core__aarch32.a(irq_manage.c.obj)
                0x0000fb54                arch_irq_is_enabled
 .text.z_arm_irq_priority_set
                0x0000fb70       0x2c zephyr/arch/arch/arm/core/aarch32/libarch__arm__core__aarch32.a(irq_manage.c.obj)
                0x0000fb70                z_arm_irq_priority_set
 .text._arch_isr_direct_pm
                0x0000fb9c       0x1c zephyr/arch/arch/arm/core/aarch32/libarch__arm__core__aarch32.a(irq_manage.c.obj)
                0x0000fb9c                _arch_isr_direct_pm
 .text.arch_new_thread
                0x0000fbb8       0x3c zephyr/arch/arch/arm/core/aarch32/libarch__arm__core__aarch32.a(thread.c.obj)
                0x0000fbb8                arch_new_thread
 .text.arch_switch_to_main_thread
                0x0000fbf4       0x4c zephyr/arch/arch/arm/core/aarch32/libarch__arm__core__aarch32.a(thread.c.obj)
                0x0000fbf4                arch_switch_to_main_thread
 .text.z_arm_fatal_error
                0x0000fc40       0xe8 zephyr/arch/arch/arm/core/aarch32/libarch__arm__core__aarch32.a(fatal.c.obj)
                0x0000fc40                z_arm_fatal_error
 .text.z_arm_prep_c
                0x0000fd28       0x5c zephyr/arch/arch/arm/core/aarch32/libarch__arm__core__aarch32.a(prep_c.c.obj)
                0x0000fd28                z_arm_prep_c
 .text.z_arm_pendsv
                0x0000fd84       0xb0 zephyr/arch/arch/arm/core/aarch32/libarch__arm__core__aarch32.a(swap_helper.S.obj)
                0x0000fd84                z_arm_pendsv
 .text.z_arm_svc
                0x0000fe34       0x20 zephyr/arch/arch/arm/core/aarch32/libarch__arm__core__aarch32.a(swap_helper.S.obj)
                0x0000fe34                z_arm_svc
 .text.z_arm_cpu_idle_init
                0x0000fe54        0xc zephyr/arch/arch/arm/core/aarch32/libarch__arm__core__aarch32.a(cpu_idle.S.obj)
                0x0000fe54                z_arm_cpu_idle_init
 .text.arch_cpu_idle
                0x0000fe60       0x1c zephyr/arch/arch/arm/core/aarch32/libarch__arm__core__aarch32.a(cpu_idle.S.obj)
                0x0000fe60                arch_cpu_idle
 .text.arch_cpu_atomic_idle
                0x0000fe7c       0x14 zephyr/arch/arch/arm/core/aarch32/libarch__arm__core__aarch32.a(cpu_idle.S.obj)
                0x0000fe7c                arch_cpu_atomic_idle
 .text.z_SysNmiOnReset
                0x0000fe90        0x8 zephyr/arch/arch/arm/core/aarch32/libarch__arm__core__aarch32.a(nmi_on_reset.S.obj)
                0x0000fe90                z_SysNmiOnReset
 .text._isr_wrapper
                0x0000fe98       0x40 zephyr/arch/arch/arm/core/aarch32/libarch__arm__core__aarch32.a(isr_wrapper.S.obj)
                0x0000fe98                _isr_wrapper
 .text._reset_section
                0x0000fed8       0x30 zephyr/arch/arch/arm/core/aarch32/cortex_m/libarch__arm__core__aarch32__cortex_m.a(reset.S.obj)
                0x0000fed8                __start
                0x0000fed8                z_arm_reset
 .text.__fault  0x0000ff08       0x14 zephyr/arch/arch/arm/core/aarch32/cortex_m/libarch__arm__core__aarch32__cortex_m.a(fault_s.S.obj)
                0x0000ff08                z_arm_usage_fault
                0x0000ff08                z_arm_mpu_fault
                0x0000ff08                z_arm_exc_spurious
                0x0000ff08                z_arm_debug_monitor
                0x0000ff08                z_arm_hard_fault
                0x0000ff08                z_arm_bus_fault
 .text._HandlerModeExit
                0x0000ff1c       0x1c zephyr/arch/arch/arm/core/aarch32/cortex_m/libarch__arm__core__aarch32__cortex_m.a(exc_exit.S.obj)
                0x0000ff1c                z_arm_int_exit
                0x0000ff1c                z_arm_exc_exit
 .text.usage_fault.isra.0
                0x0000ff38       0xd0 zephyr/arch/arch/arm/core/aarch32/cortex_m/libarch__arm__core__aarch32__cortex_m.a(fault.c.obj)
 .text.mem_manage_fault.isra.0
                0x00010008       0xd0 zephyr/arch/arch/arm/core/aarch32/cortex_m/libarch__arm__core__aarch32__cortex_m.a(fault.c.obj)
 .text.bus_fault.isra.0
                0x000100d8       0xdc zephyr/arch/arch/arm/core/aarch32/cortex_m/libarch__arm__core__aarch32__cortex_m.a(fault.c.obj)
 .text.z_arm_fault
                0x000101b4      0x1a8 zephyr/arch/arch/arm/core/aarch32/cortex_m/libarch__arm__core__aarch32__cortex_m.a(fault.c.obj)
                0x000101b4                z_arm_fault
 .text.z_arm_fault_init
                0x0001035c       0x18 zephyr/arch/arch/arm/core/aarch32/cortex_m/libarch__arm__core__aarch32__cortex_m.a(fault.c.obj)
                0x0001035c                z_arm_fault_init
 .text.sys_arch_reboot
                0x00010374       0x24 zephyr/arch/arch/arm/core/aarch32/cortex_m/libarch__arm__core__aarch32__cortex_m.a(scb.c.obj)
                0x00010374                sys_arch_reboot
 .text.z_arm_interrupt_init
                0x00010398       0x18 zephyr/arch/arch/arm/core/aarch32/cortex_m/libarch__arm__core__aarch32__cortex_m.a(irq_init.c.obj)
                0x00010398                z_arm_interrupt_init
 .text.z_impl_k_thread_abort
                0x000103b0       0x44 zephyr/arch/arch/arm/core/aarch32/cortex_m/libarch__arm__core__aarch32__cortex_m.a(thread_abort.c.obj)
                0x000103b0                z_impl_k_thread_abort
 .text.z_arm_configure_static_mpu_regions
                0x000103f4       0x38 zephyr/arch/arch/arm/core/aarch32/cortex_m/mpu/libarch__arm__core__aarch32__cortex_m__mpu.a(arm_core_mpu.c.obj)
                0x000103f4                z_arm_configure_static_mpu_regions
 .text.region_init
                0x0001042c       0x30 zephyr/arch/arch/arm/core/aarch32/cortex_m/mpu/libarch__arm__core__aarch32__cortex_m__mpu.a(arm_mpu.c.obj)
 .text.region_allocate_and_init
                0x0001045c       0x34 zephyr/arch/arch/arm/core/aarch32/cortex_m/mpu/libarch__arm__core__aarch32__cortex_m__mpu.a(arm_mpu.c.obj)
 .text.mpu_configure_regions_and_partition.constprop.0
                0x00010490      0x174 zephyr/arch/arch/arm/core/aarch32/cortex_m/mpu/libarch__arm__core__aarch32__cortex_m__mpu.a(arm_mpu.c.obj)
 .text.arm_core_mpu_enable
                0x00010604       0x14 zephyr/arch/arch/arm/core/aarch32/cortex_m/mpu/libarch__arm__core__aarch32__cortex_m__mpu.a(arm_mpu.c.obj)
                0x00010604                arm_core_mpu_enable
 .text.arm_core_mpu_disable
                0x00010618       0x10 zephyr/arch/arch/arm/core/aarch32/cortex_m/mpu/libarch__arm__core__aarch32__cortex_m__mpu.a(arm_mpu.c.obj)
                0x00010618                arm_core_mpu_disable
 .text.arm_mpu_init
                0x00010628       0x4c zephyr/arch/arch/arm/core/aarch32/cortex_m/mpu/libarch__arm__core__aarch32__cortex_m__mpu.a(arm_mpu.c.obj)
 .text.arm_core_mpu_configure_static_mpu_regions
                0x00010674       0x14 zephyr/arch/arch/arm/core/aarch32/cortex_m/mpu/libarch__arm__core__aarch32__cortex_m__mpu.a(arm_mpu.c.obj)
                0x00010674                arm_core_mpu_configure_static_mpu_regions
 .text.arm_core_mpu_mark_areas_for_dynamic_regions
                0x00010688       0xac zephyr/arch/arch/arm/core/aarch32/cortex_m/mpu/libarch__arm__core__aarch32__cortex_m__mpu.a(arm_mpu.c.obj)
                0x00010688                arm_core_mpu_mark_areas_for_dynamic_regions
 .text.__stdout_hook_install
                0x00010734        0xc zephyr/lib/libc/newlib/liblib__libc__newlib.a(libc-hooks.c.obj)
                0x00010734                __stdout_hook_install
 .text.z_impl_zephyr_write_stdout
                0x00010740       0x30 zephyr/lib/libc/newlib/liblib__libc__newlib.a(libc-hooks.c.obj)
                0x00010740                z_impl_zephyr_write_stdout
 .text._sbrk    0x00010770       0x44 zephyr/lib/libc/newlib/liblib__libc__newlib.a(libc-hooks.c.obj)
                0x00010770                sbrk
                0x00010770                _sbrk
 .text.__chk_fail
                0x000107b4       0x1c zephyr/lib/libc/newlib/liblib__libc__newlib.a(libc-hooks.c.obj)
                0x000107b4                __chk_fail
 .text.net_if_init
                0x000107d0       0x2c zephyr/subsys/net/ip/libsubsys__net__ip.a(net_if.c.obj)
                0x000107d0                net_if_init
 .text.net_if_post_init
                0x000107fc       0x2c zephyr/subsys/net/ip/libsubsys__net__ip.a(net_if.c.obj)
                0x000107fc                net_if_post_init
 .text.nrf_gpio_cfg_sense_set
                0x00010828       0x20 zephyr/drivers/gpio/libdrivers__gpio.a(gpio_nrfx.c.obj)
 .text.gpio_nrfx_init
                0x00010848       0x30 zephyr/drivers/gpio/libdrivers__gpio.a(gpio_nrfx.c.obj)
 .text.gpio_nrfx_pin_interrupt_configure
                0x00010878      0x1b8 zephyr/drivers/gpio/libdrivers__gpio.a(gpio_nrfx.c.obj)
 .text.gpio_nrfx_config
                0x00010a30       0xb4 zephyr/drivers/gpio/libdrivers__gpio.a(gpio_nrfx.c.obj)
 .text.gpiote_event_handler
                0x00010ae4      0x11c zephyr/drivers/gpio/libdrivers__gpio.a(gpio_nrfx.c.obj)
 .text.uarte_nrfx_configure
                0x00010c00      0x16c zephyr/drivers/serial/libdrivers__serial.a(uart_nrfx_uarte.c.obj)
 .text.uarte_nrfx_poll_out
                0x00010d6c       0xb8 zephyr/drivers/serial/libdrivers__serial.a(uart_nrfx_uarte.c.obj)
 .text.uarte_instance_init.isra.0
                0x00010e24      0x13c zephyr/drivers/serial/libdrivers__serial.a(uart_nrfx_uarte.c.obj)
 .text.uarte_0_init
                0x00010f60       0x30 zephyr/drivers/serial/libdrivers__serial.a(uart_nrfx_uarte.c.obj)
 .text.uarte_1_init
                0x00010f90       0x30 zephyr/drivers/serial/libdrivers__serial.a(uart_nrfx_uarte.c.obj)
 .text._nrf_modem_lib_init
                0x00010fc0       0x7c modules/nrf/lib/nrf_modem_lib/lib..__nrf__lib__nrf_modem_lib.a(nrf_modem_lib.c.obj)
 .text.nrf_modem_lib_shutdown_wait
                0x0001103c       0x94 modules/nrf/lib/nrf_modem_lib/lib..__nrf__lib__nrf_modem_lib.a(nrf_modem_lib.c.obj)
                0x0001103c                nrf_modem_lib_shutdown_wait
 .text.thread_monitor_entry_get
                0x000110d0       0x40 modules/nrf/lib/nrf_modem_lib/lib..__nrf__lib__nrf_modem_lib.a(nrf_modem_os.c.obj)
 .text.rpc_proxy_irq_handler
                0x00011110       0x50 modules/nrf/lib/nrf_modem_lib/lib..__nrf__lib__nrf_modem_lib.a(nrf_modem_os.c.obj)
                0x00011110                rpc_proxy_irq_handler
 .text.nrf_modem_os_timedwait
                0x00011160      0x170 modules/nrf/lib/nrf_modem_lib/lib..__nrf__lib__nrf_modem_lib.a(nrf_modem_os.c.obj)
                0x00011160                nrf_modem_os_timedwait
 .text.nrf_modem_os_errno_set
                0x000112d0      0x2e8 modules/nrf/lib/nrf_modem_lib/lib..__nrf__lib__nrf_modem_lib.a(nrf_modem_os.c.obj)
                0x000112d0                nrf_modem_os_errno_set
 .text.nrf_modem_os_application_irq_set
                0x000115b8       0x10 modules/nrf/lib/nrf_modem_lib/lib..__nrf__lib__nrf_modem_lib.a(nrf_modem_os.c.obj)
                0x000115b8                nrf_modem_os_application_irq_set
 .text.nrf_modem_os_application_irq_clear
                0x000115c8       0x10 modules/nrf/lib/nrf_modem_lib/lib..__nrf__lib__nrf_modem_lib.a(nrf_modem_os.c.obj)
                0x000115c8                nrf_modem_os_application_irq_clear
 .text.nrf_modem_os_trace_irq_set
                0x000115d8       0x10 modules/nrf/lib/nrf_modem_lib/lib..__nrf__lib__nrf_modem_lib.a(nrf_modem_os.c.obj)
                0x000115d8                nrf_modem_os_trace_irq_set
 .text.nrf_modem_os_trace_irq_clear
                0x000115e8       0x10 modules/nrf/lib/nrf_modem_lib/lib..__nrf__lib__nrf_modem_lib.a(nrf_modem_os.c.obj)
                0x000115e8                nrf_modem_os_trace_irq_clear
 .text.nrf_modem_os_alloc
                0x000115f8       0x20 modules/nrf/lib/nrf_modem_lib/lib..__nrf__lib__nrf_modem_lib.a(nrf_modem_os.c.obj)
                0x000115f8                nrf_modem_os_alloc
 .text.nrf_modem_os_free
                0x00011618        0xc modules/nrf/lib/nrf_modem_lib/lib..__nrf__lib__nrf_modem_lib.a(nrf_modem_os.c.obj)
                0x00011618                nrf_modem_os_free
 .text.nrf_modem_os_shm_tx_alloc
                0x00011624       0x20 modules/nrf/lib/nrf_modem_lib/lib..__nrf__lib__nrf_modem_lib.a(nrf_modem_os.c.obj)
                0x00011624                nrf_modem_os_shm_tx_alloc
 .text.nrf_modem_os_shm_tx_free
                0x00011644        0xc modules/nrf/lib/nrf_modem_lib/lib..__nrf__lib__nrf_modem_lib.a(nrf_modem_os.c.obj)
                0x00011644                nrf_modem_os_shm_tx_free
 .text.nrf_modem_os_init
                0x00011650       0x50 modules/nrf/lib/nrf_modem_lib/lib..__nrf__lib__nrf_modem_lib.a(nrf_modem_os.c.obj)
                0x00011650                nrf_modem_os_init
 .text.z_to_nrf_optname
                0x000116a0      0x148 modules/nrf/lib/nrf_modem_lib/lib..__nrf__lib__nrf_modem_lib.a(nrf91_sockets.c.obj)
 .text.nrf91_socket_offload_ioctl
                0x000117e8      0x148 modules/nrf/lib/nrf_modem_lib/lib..__nrf__lib__nrf_modem_lib.a(nrf91_sockets.c.obj)
 .text.nrf91_socket_iface_init
                0x00011930       0x18 modules/nrf/lib/nrf_modem_lib/lib..__nrf__lib__nrf_modem_lib.a(nrf91_sockets.c.obj)
 .text.nrf91_socket_offload_accept
                0x00011948       0x9c modules/nrf/lib/nrf_modem_lib/lib..__nrf__lib__nrf_modem_lib.a(nrf91_sockets.c.obj)
 .text.nrf91_socket_offload_sendmsg
                0x000119e4      0x108 modules/nrf/lib/nrf_modem_lib/lib..__nrf__lib__nrf_modem_lib.a(nrf91_sockets.c.obj)
 .text.nrf91_socket_offload_getaddrinfo
                0x00011aec      0x204 modules/nrf/lib/nrf_modem_lib/lib..__nrf__lib__nrf_modem_lib.a(nrf91_sockets.c.obj)
 .text.nrf91_socket_create
                0x00011cf0       0x74 modules/nrf/lib/nrf_modem_lib/lib..__nrf__lib__nrf_modem_lib.a(nrf91_sockets.c.obj)
 .text.open_socket
                0x00011d64       0x28 modules/nrf/lib/at_cmd/lib..__nrf__lib__at_cmd.a(at_cmd.c.obj)
 .text.at_cmd_driver_init
                0x00011d8c       0x80 modules/nrf/lib/at_cmd/lib..__nrf__lib__at_cmd.a(at_cmd.c.obj)
 .text.complete_cmd
                0x00011e0c       0x2c modules/nrf/lib/at_cmd/lib..__nrf__lib__at_cmd.a(at_cmd.c.obj)
 .text.load_cmd_and_write
                0x00011e38       0xf4 modules/nrf/lib/at_cmd/lib..__nrf__lib__at_cmd.a(at_cmd.c.obj)
 .text.socket_thread_fn
                0x00011f2c      0x26c modules/nrf/lib/at_cmd/lib..__nrf__lib__at_cmd.a(at_cmd.c.obj)
 .text.at_cmd_write
                0x00012198       0xf4 modules/nrf/lib/at_cmd/lib..__nrf__lib__at_cmd.a(at_cmd.c.obj)
                0x00012198                at_cmd_write
 .text.at_cmd_set_notification_handler
                0x0001228c       0x38 modules/nrf/lib/at_cmd/lib..__nrf__lib__at_cmd.a(at_cmd.c.obj)
                0x0001228c                at_cmd_set_notification_handler
 .text.find_node
                0x000122c4       0x44 modules/nrf/lib/at_notif/lib..__nrf__lib__at_notif.a(at_notif.c.obj)
 .text.module_init
                0x00012308       0x4c modules/nrf/lib/at_notif/lib..__nrf__lib__at_notif.a(at_notif.c.obj)
 .text.k_mutex_unlock.constprop.0
                0x00012354        0xc modules/nrf/lib/at_notif/lib..__nrf__lib__at_notif.a(at_notif.c.obj)
 .text.notif_dispatch
                0x00012360       0x4c modules/nrf/lib/at_notif/lib..__nrf__lib__at_notif.a(at_notif.c.obj)
 .text.at_notif_register_handler
                0x000123ac       0x98 modules/nrf/lib/at_notif/lib..__nrf__lib__at_notif.a(at_notif.c.obj)
                0x000123ac                at_notif_register_handler
 .text.write_uart_string
                0x00012444       0x1c modules/nrf/lib/at_host/lib..__nrf__lib__at_host.a(at_host.c.obj)
 .text.cmd_send
                0x00012460       0xac modules/nrf/lib/at_host/lib..__nrf__lib__at_host.a(at_host.c.obj)
 .text.isr      0x0001250c      0x160 modules/nrf/lib/at_host/lib..__nrf__lib__at_host.a(at_host.c.obj)
 .text.at_host_init
                0x0001266c      0x16c modules/nrf/lib/at_host/lib..__nrf__lib__at_host.a(at_host.c.obj)
 .text.k_sys_fatal_error_handler
                0x000127d8       0x2c modules/nrf/lib/fatal_error/lib..__nrf__lib__fatal_error.a(fatal_error.c.obj)
                0x000127d8                k_sys_fatal_error_handler
 .text.check_ext_api_requests
                0x00012804       0x9c modules/nrf/subsys/fw_info/lib..__nrf__subsys__fw_info.a(fw_info.c.obj)
 .text.rpc_handle_data_message
                0x000128a0       0x48 C:/Users/Imanol/ncs/v1.5.0/nrfxlib/nrf_modem/lib/cortex-m33/hard-float/libmodem.a(rpc_framework.c.obj)
                0x000128a0                rpc_handle_data_message
 .text.ipc_trace_init
                0x000128e8        0xc C:/Users/Imanol/ncs/v1.5.0/nrfxlib/nrf_modem/lib/cortex-m33/hard-float/libmodem.a(ipc_trace.c.obj)
                0x000128e8                ipc_trace_init
 .text.nrf_modem_os_trace_irq_handler
                0x000128f4       0x58 C:/Users/Imanol/ncs/v1.5.0/nrfxlib/nrf_modem/lib/cortex-m33/hard-float/libmodem.a(ipc_trace.c.obj)
                0x000128f4                nrf_modem_os_trace_irq_handler
 .text.ipc_trace_handle
                0x0001294c      0x128 C:/Users/Imanol/ncs/v1.5.0/nrfxlib/nrf_modem/lib/cortex-m33/hard-float/libmodem.a(ipc_trace.c.obj)
                0x0001294c                ipc_trace_handle
 .text.rpc_trace_coredump_in_progress
                0x00012a74        0xc C:/Users/Imanol/ncs/v1.5.0/nrfxlib/nrf_modem/lib/cortex-m33/hard-float/libmodem.a(ipc_trace.c.obj)
                0x00012a74                rpc_trace_coredump_in_progress
 .text.handle_modem_rpc_msg
                0x00012a80       0x84 C:/Users/Imanol/ncs/v1.5.0/nrfxlib/nrf_modem/lib/cortex-m33/hard-float/libmodem.a(rpc_transport_ipc.c.obj)
 .text.rpc_transport_ipc_data_msg_send
                0x00012b04       0x5c C:/Users/Imanol/ncs/v1.5.0/nrfxlib/nrf_modem/lib/cortex-m33/hard-float/libmodem.a(rpc_transport_ipc.c.obj)
                0x00012b04                rpc_transport_ipc_data_msg_send
 .text.rpc_transport_ipc_ctrl_msg_send
                0x00012b60       0x4c C:/Users/Imanol/ncs/v1.5.0/nrfxlib/nrf_modem/lib/cortex-m33/hard-float/libmodem.a(rpc_transport_ipc.c.obj)
                0x00012b60                rpc_transport_ipc_ctrl_msg_send
 .text.rpc_transport_ipc_data_msg_alloc
                0x00012bac       0x24 C:/Users/Imanol/ncs/v1.5.0/nrfxlib/nrf_modem/lib/cortex-m33/hard-float/libmodem.a(rpc_transport_ipc.c.obj)
                0x00012bac                rpc_transport_ipc_data_msg_alloc
 .text.rpc_transport_ipc_ctrl_msg_alloc
                0x00012bd0       0x18 C:/Users/Imanol/ncs/v1.5.0/nrfxlib/nrf_modem/lib/cortex-m33/hard-float/libmodem.a(rpc_transport_ipc.c.obj)
                0x00012bd0                rpc_transport_ipc_ctrl_msg_alloc
 .text.rpc_transport_ipc_data_alloc
                0x00012be8       0x14 C:/Users/Imanol/ncs/v1.5.0/nrfxlib/nrf_modem/lib/cortex-m33/hard-float/libmodem.a(rpc_transport_ipc.c.obj)
                0x00012be8                rpc_transport_ipc_data_alloc
 .text.nrf_modem_os_application_irq_handler
                0x00012bfc       0x20 C:/Users/Imanol/ncs/v1.5.0/nrfxlib/nrf_modem/lib/cortex-m33/hard-float/libmodem.a(rpc_transport_ipc.c.obj)
                0x00012bfc                nrf_modem_os_application_irq_handler
 .text.rpc_transport_ipc_msg_free
                0x00012c1c       0x4c C:/Users/Imanol/ncs/v1.5.0/nrfxlib/nrf_modem/lib/cortex-m33/hard-float/libmodem.a(rpc_transport_ipc.c.obj)
                0x00012c1c                rpc_transport_ipc_msg_free
 .text.rpc_transport_ipc_data_free
                0x00012c68       0x44 C:/Users/Imanol/ncs/v1.5.0/nrfxlib/nrf_modem/lib/cortex-m33/hard-float/libmodem.a(rpc_transport_ipc.c.obj)
                0x00012c68                rpc_transport_ipc_data_free
 .text.rpc_transport_ipc_init
                0x00012cac      0x188 C:/Users/Imanol/ncs/v1.5.0/nrfxlib/nrf_modem/lib/cortex-m33/hard-float/libmodem.a(rpc_transport_ipc.c.obj)
                0x00012cac                rpc_transport_ipc_init
 .text.ipc_irq_handler
                0x00012e34      0x134 C:/Users/Imanol/ncs/v1.5.0/nrfxlib/nrf_modem/lib/cortex-m33/hard-float/libmodem.a(rpc_transport_ipc.c.obj)
                0x00012e34                ipc_irq_handler
 .text.interface_init
                0x00012f68       0x18 C:/Users/Imanol/ncs/v1.5.0/nrfxlib/nrf_modem/lib/cortex-m33/hard-float/libmodem.a(interface.c.obj)
                0x00012f68                interface_init
 .text.interface_socket_allocate
                0x00012f80       0x4c C:/Users/Imanol/ncs/v1.5.0/nrfxlib/nrf_modem/lib/cortex-m33/hard-float/libmodem.a(interface.c.obj)
                0x00012f80                interface_socket_allocate
 .text.interface_socket_free
                0x00012fcc       0x18 C:/Users/Imanol/ncs/v1.5.0/nrfxlib/nrf_modem/lib/cortex-m33/hard-float/libmodem.a(interface.c.obj)
                0x00012fcc                interface_socket_free
 .text.interface_socket_packet_handler_update
                0x00012fe4       0x34 C:/Users/Imanol/ncs/v1.5.0/nrfxlib/nrf_modem/lib/cortex-m33/hard-float/libmodem.a(interface.c.obj)
                0x00012fe4                interface_socket_packet_handler_update
 .text.interface_socket_wait
                0x00013018       0x4c C:/Users/Imanol/ncs/v1.5.0/nrfxlib/nrf_modem/lib/cortex-m33/hard-float/libmodem.a(interface.c.obj)
                0x00013018                interface_socket_wait
 .text.interface_from_internal_id_search
                0x00013064       0x30 C:/Users/Imanol/ncs/v1.5.0/nrfxlib/nrf_modem/lib/cortex-m33/hard-float/libmodem.a(interface.c.obj)
                0x00013064                interface_from_internal_id_search
 .text.interface_socket_from_handle_get
                0x00013094       0x20 C:/Users/Imanol/ncs/v1.5.0/nrfxlib/nrf_modem/lib/cortex-m33/hard-float/libmodem.a(interface.c.obj)
                0x00013094                interface_socket_from_handle_get
 .text.interface_socket_setopt
                0x000130b4       0x68 C:/Users/Imanol/ncs/v1.5.0/nrfxlib/nrf_modem/lib/cortex-m33/hard-float/libmodem.a(interface.c.obj)
                0x000130b4                interface_socket_setopt
 .text.interface_socket_getopt
                0x0001311c       0x78 C:/Users/Imanol/ncs/v1.5.0/nrfxlib/nrf_modem/lib/cortex-m33/hard-float/libmodem.a(interface.c.obj)
                0x0001311c                interface_socket_getopt
 .text.interface_socket_fcntl
                0x00013194       0x68 C:/Users/Imanol/ncs/v1.5.0/nrfxlib/nrf_modem/lib/cortex-m33/hard-float/libmodem.a(interface.c.obj)
                0x00013194                interface_socket_fcntl
 .text.rpc_error_to_nrf_errno
                0x000131fc       0x10 C:/Users/Imanol/ncs/v1.5.0/nrfxlib/nrf_modem/lib/cortex-m33/hard-float/libmodem.a(ip_interface.c.obj)
                0x000131fc                rpc_error_to_nrf_errno
 .text.ip_interface_init
                0x0001320c       0x30 C:/Users/Imanol/ncs/v1.5.0/nrfxlib/nrf_modem/lib/cortex-m33/hard-float/libmodem.a(ip_interface.c.obj)
                0x0001320c                ip_interface_init
 .text.ip_interface_open
                0x0001323c      0x108 C:/Users/Imanol/ncs/v1.5.0/nrfxlib/nrf_modem/lib/cortex-m33/hard-float/libmodem.a(ip_interface.c.obj)
                0x0001323c                ip_interface_open
 .text.ip_interface_close
                0x00013344       0x94 C:/Users/Imanol/ncs/v1.5.0/nrfxlib/nrf_modem/lib/cortex-m33/hard-float/libmodem.a(ip_interface.c.obj)
                0x00013344                ip_interface_close
 .text.ip_interface_sendto
                0x000133d8      0x240 C:/Users/Imanol/ncs/v1.5.0/nrfxlib/nrf_modem/lib/cortex-m33/hard-float/libmodem.a(ip_interface.c.obj)
                0x000133d8                ip_interface_sendto
 .text.ip_interface_socketoption_get
                0x00013618      0x100 C:/Users/Imanol/ncs/v1.5.0/nrfxlib/nrf_modem/lib/cortex-m33/hard-float/libmodem.a(ip_interface.c.obj)
                0x00013618                ip_interface_socketoption_get
 .text.ip_interface_bind
                0x00013718       0xc4 C:/Users/Imanol/ncs/v1.5.0/nrfxlib/nrf_modem/lib/cortex-m33/hard-float/libmodem.a(ip_interface.c.obj)
                0x00013718                ip_interface_bind
 .text.ip_interface_listen
                0x000137dc       0xa4 C:/Users/Imanol/ncs/v1.5.0/nrfxlib/nrf_modem/lib/cortex-m33/hard-float/libmodem.a(ip_interface.c.obj)
                0x000137dc                ip_interface_listen
 .text.ip_interface_accept
                0x00013880      0x1c4 C:/Users/Imanol/ncs/v1.5.0/nrfxlib/nrf_modem/lib/cortex-m33/hard-float/libmodem.a(ip_interface.c.obj)
                0x00013880                ip_interface_accept
 .text.ip_interface_getaddrinfo
                0x00013a44      0x1a8 C:/Users/Imanol/ncs/v1.5.0/nrfxlib/nrf_modem/lib/cortex-m33/hard-float/libmodem.a(ip_interface.c.obj)
                0x00013a44                ip_interface_getaddrinfo
 .text.ip_interface_freeaddrinfo
                0x00013bec       0x34 C:/Users/Imanol/ncs/v1.5.0/nrfxlib/nrf_modem/lib/cortex-m33/hard-float/libmodem.a(ip_interface.c.obj)
                0x00013bec                ip_interface_freeaddrinfo
 .text.rpc_ip_event_handler
                0x00013c20      0x48c C:/Users/Imanol/ncs/v1.5.0/nrfxlib/nrf_modem/lib/cortex-m33/hard-float/libmodem.a(ip_interface.c.obj)
                0x00013c20                rpc_ip_event_handler
 .text.hostname_free
                0x000140ac       0x24 C:/Users/Imanol/ncs/v1.5.0/nrfxlib/nrf_modem/lib/cortex-m33/hard-float/libmodem.a(tls_interface.c.obj)
 .text.secure_socket_attach_initiate
                0x000140d0       0x9c C:/Users/Imanol/ncs/v1.5.0/nrfxlib/nrf_modem/lib/cortex-m33/hard-float/libmodem.a(tls_interface.c.obj)
 .text.tls_interface_init
                0x0001416c       0x10 C:/Users/Imanol/ncs/v1.5.0/nrfxlib/nrf_modem/lib/cortex-m33/hard-float/libmodem.a(tls_interface.c.obj)
                0x0001416c                tls_interface_init
 .text.tls_interface_open
                0x0001417c       0x88 C:/Users/Imanol/ncs/v1.5.0/nrfxlib/nrf_modem/lib/cortex-m33/hard-float/libmodem.a(tls_interface.c.obj)
                0x0001417c                tls_interface_open
 .text.tls_interface_sendto
                0x00014204      0x10c C:/Users/Imanol/ncs/v1.5.0/nrfxlib/nrf_modem/lib/cortex-m33/hard-float/libmodem.a(tls_interface.c.obj)
                0x00014204                tls_interface_sendto
 .text.tls_interface_recvfrom
                0x00014310       0x8c C:/Users/Imanol/ncs/v1.5.0/nrfxlib/nrf_modem/lib/cortex-m33/hard-float/libmodem.a(tls_interface.c.obj)
                0x00014310                tls_interface_recvfrom
 .text.tls_interface_bind
                0x0001439c       0x58 C:/Users/Imanol/ncs/v1.5.0/nrfxlib/nrf_modem/lib/cortex-m33/hard-float/libmodem.a(tls_interface.c.obj)
                0x0001439c                tls_interface_bind
 .text.tls_interface_connect
                0x000143f4       0x5c C:/Users/Imanol/ncs/v1.5.0/nrfxlib/nrf_modem/lib/cortex-m33/hard-float/libmodem.a(tls_interface.c.obj)
                0x000143f4                tls_interface_connect
 .text.tls_interface_listen
                0x00014450       0x84 C:/Users/Imanol/ncs/v1.5.0/nrfxlib/nrf_modem/lib/cortex-m33/hard-float/libmodem.a(tls_interface.c.obj)
                0x00014450                tls_interface_listen
 .text.tls_interface_accept
                0x000144d4       0xb8 C:/Users/Imanol/ncs/v1.5.0/nrfxlib/nrf_modem/lib/cortex-m33/hard-float/libmodem.a(tls_interface.c.obj)
                0x000144d4                tls_interface_accept
 .text.tls_interface_setopt
                0x0001458c      0x128 C:/Users/Imanol/ncs/v1.5.0/nrfxlib/nrf_modem/lib/cortex-m33/hard-float/libmodem.a(tls_interface.c.obj)
                0x0001458c                tls_interface_setopt
 .text.tls_interface_getopt
                0x000146b4       0xdc C:/Users/Imanol/ncs/v1.5.0/nrfxlib/nrf_modem/lib/cortex-m33/hard-float/libmodem.a(tls_interface.c.obj)
                0x000146b4                tls_interface_getopt
 .text.tls_rpc_ip_event_handler
                0x00014790       0xec C:/Users/Imanol/ncs/v1.5.0/nrfxlib/nrf_modem/lib/cortex-m33/hard-float/libmodem.a(tls_interface.c.obj)
                0x00014790                tls_rpc_ip_event_handler
 .text.at_interface_init
                0x0001487c       0x10 C:/Users/Imanol/ncs/v1.5.0/nrfxlib/nrf_modem/lib/cortex-m33/hard-float/libmodem.a(at_interface.c.obj)
                0x0001487c                at_interface_init
 .text.at_interface_open
                0x0001488c       0x78 C:/Users/Imanol/ncs/v1.5.0/nrfxlib/nrf_modem/lib/cortex-m33/hard-float/libmodem.a(at_interface.c.obj)
                0x0001488c                at_interface_open
 .text.rpc_dfu_message_send
                0x00014904       0xb4 C:/Users/Imanol/ncs/v1.5.0/nrfxlib/nrf_modem/lib/cortex-m33/hard-float/libmodem.a(mfu_interface.c.obj)
 .text.rpc_dfu_event_handler
                0x000149b8       0x2c C:/Users/Imanol/ncs/v1.5.0/nrfxlib/nrf_modem/lib/cortex-m33/hard-float/libmodem.a(mfu_interface.c.obj)
                0x000149b8                rpc_dfu_event_handler
 .text.mfu_interface_init
                0x000149e4       0x28 C:/Users/Imanol/ncs/v1.5.0/nrfxlib/nrf_modem/lib/cortex-m33/hard-float/libmodem.a(mfu_interface.c.obj)
                0x000149e4                mfu_interface_init
 .text.mfu_interface_open
                0x00014a0c       0x28 C:/Users/Imanol/ncs/v1.5.0/nrfxlib/nrf_modem/lib/cortex-m33/hard-float/libmodem.a(mfu_interface.c.obj)
                0x00014a0c                mfu_interface_open
 .text.mfu_interface_close
                0x00014a34       0x54 C:/Users/Imanol/ncs/v1.5.0/nrfxlib/nrf_modem/lib/cortex-m33/hard-float/libmodem.a(mfu_interface.c.obj)
                0x00014a34                mfu_interface_close
 .text.mfu_interface_sendto
                0x00014a88       0x8c C:/Users/Imanol/ncs/v1.5.0/nrfxlib/nrf_modem/lib/cortex-m33/hard-float/libmodem.a(mfu_interface.c.obj)
                0x00014a88                mfu_interface_sendto
 .text.mfu_interface_setopt
                0x00014b14       0x88 C:/Users/Imanol/ncs/v1.5.0/nrfxlib/nrf_modem/lib/cortex-m33/hard-float/libmodem.a(mfu_interface.c.obj)
                0x00014b14                mfu_interface_setopt
 .text.mfu_interface_getopt
                0x00014b9c       0xb4 C:/Users/Imanol/ncs/v1.5.0/nrfxlib/nrf_modem/lib/cortex-m33/hard-float/libmodem.a(mfu_interface.c.obj)
                0x00014b9c                mfu_interface_getopt
 .text.send_message
                0x00014c50       0x88 C:/Users/Imanol/ncs/v1.5.0/nrfxlib/nrf_modem/lib/cortex-m33/hard-float/libmodem.a(gnss_interface.c.obj)
 .text.rpc_gnss_event_handler
                0x00014cd8      0x180 C:/Users/Imanol/ncs/v1.5.0/nrfxlib/nrf_modem/lib/cortex-m33/hard-float/libmodem.a(gnss_interface.c.obj)
                0x00014cd8                rpc_gnss_event_handler
 .text.gnss_interface_write
                0x00014e58      0x114 C:/Users/Imanol/ncs/v1.5.0/nrfxlib/nrf_modem/lib/cortex-m33/hard-float/libmodem.a(gnss_interface.c.obj)
                0x00014e58                gnss_interface_write
 .text.gnss_interface_read
                0x00014f6c      0x210 C:/Users/Imanol/ncs/v1.5.0/nrfxlib/nrf_modem/lib/cortex-m33/hard-float/libmodem.a(gnss_interface.c.obj)
                0x00014f6c                gnss_interface_read
 .text.gnss_interface_setopt
                0x0001517c      0x1f0 C:/Users/Imanol/ncs/v1.5.0/nrfxlib/nrf_modem/lib/cortex-m33/hard-float/libmodem.a(gnss_interface.c.obj)
                0x0001517c                gnss_interface_setopt
 .text.gnss_interface_getopt
                0x0001536c      0x128 C:/Users/Imanol/ncs/v1.5.0/nrfxlib/nrf_modem/lib/cortex-m33/hard-float/libmodem.a(gnss_interface.c.obj)
                0x0001536c                gnss_interface_getopt
 .text.gnss_interface_init
                0x00015494       0x3c C:/Users/Imanol/ncs/v1.5.0/nrfxlib/nrf_modem/lib/cortex-m33/hard-float/libmodem.a(gnss_interface.c.obj)
                0x00015494                gnss_interface_init
 .text.gnss_interface_open
                0x000154d0       0x70 C:/Users/Imanol/ncs/v1.5.0/nrfxlib/nrf_modem/lib/cortex-m33/hard-float/libmodem.a(gnss_interface.c.obj)
                0x000154d0                gnss_interface_open
 .text.gnss_interface_close
                0x00015540       0x60 C:/Users/Imanol/ncs/v1.5.0/nrfxlib/nrf_modem/lib/cortex-m33/hard-float/libmodem.a(gnss_interface.c.obj)
                0x00015540                gnss_interface_close
 .text.handle_verify_and_covert
                0x000155a0       0x38 C:/Users/Imanol/ncs/v1.5.0/nrfxlib/nrf_modem/lib/cortex-m33/hard-float/libmodem.a(pdn_interface.c.obj)
 .text.command_write
                0x000155d8       0x3c C:/Users/Imanol/ncs/v1.5.0/nrfxlib/nrf_modem/lib/cortex-m33/hard-float/libmodem.a(pdn_interface.c.obj)
 .text.event_wait
                0x00015614       0x80 C:/Users/Imanol/ncs/v1.5.0/nrfxlib/nrf_modem/lib/cortex-m33/hard-float/libmodem.a(pdn_interface.c.obj)
 .text.pdn_state_get_parser
                0x00015694       0x44 C:/Users/Imanol/ncs/v1.5.0/nrfxlib/nrf_modem/lib/cortex-m33/hard-float/libmodem.a(pdn_interface.c.obj)
 .text.pdn_id_get_parser
                0x000156d8       0x28 C:/Users/Imanol/ncs/v1.5.0/nrfxlib/nrf_modem/lib/cortex-m33/hard-float/libmodem.a(pdn_interface.c.obj)
 .text.context_create_parser
                0x00015700       0x28 C:/Users/Imanol/ncs/v1.5.0/nrfxlib/nrf_modem/lib/cortex-m33/hard-float/libmodem.a(pdn_interface.c.obj)
 .text.connection_free
                0x00015728       0x1c C:/Users/Imanol/ncs/v1.5.0/nrfxlib/nrf_modem/lib/cortex-m33/hard-float/libmodem.a(pdn_interface.c.obj)
 .text.pdn_id_get
                0x00015744       0x50 C:/Users/Imanol/ncs/v1.5.0/nrfxlib/nrf_modem/lib/cortex-m33/hard-float/libmodem.a(pdn_interface.c.obj)
 .text.pdn_interface_init
                0x00015794       0x40 C:/Users/Imanol/ncs/v1.5.0/nrfxlib/nrf_modem/lib/cortex-m33/hard-float/libmodem.a(pdn_interface.c.obj)
                0x00015794                pdn_interface_init
 .text.pdn_interface_open
                0x000157d4       0xb8 C:/Users/Imanol/ncs/v1.5.0/nrfxlib/nrf_modem/lib/cortex-m33/hard-float/libmodem.a(pdn_interface.c.obj)
                0x000157d4                pdn_interface_open
 .text.pdn_interface_connect
                0x0001588c      0x23c C:/Users/Imanol/ncs/v1.5.0/nrfxlib/nrf_modem/lib/cortex-m33/hard-float/libmodem.a(pdn_interface.c.obj)
                0x0001588c                pdn_interface_connect
 .text.pdn_interface_close
                0x00015ac8       0xb8 C:/Users/Imanol/ncs/v1.5.0/nrfxlib/nrf_modem/lib/cortex-m33/hard-float/libmodem.a(pdn_interface.c.obj)
                0x00015ac8                pdn_interface_close
 .text.pdn_interface_setopt
                0x00015b80      0x110 C:/Users/Imanol/ncs/v1.5.0/nrfxlib/nrf_modem/lib/cortex-m33/hard-float/libmodem.a(pdn_interface.c.obj)
                0x00015b80                pdn_interface_setopt
 .text.pdn_interface_getopt
                0x00015c90       0xf4 C:/Users/Imanol/ncs/v1.5.0/nrfxlib/nrf_modem/lib/cortex-m33/hard-float/libmodem.a(pdn_interface.c.obj)
                0x00015c90                pdn_interface_getopt
 .text.pdn_interface_pdn_id_get
                0x00015d84       0x9c C:/Users/Imanol/ncs/v1.5.0/nrfxlib/nrf_modem/lib/cortex-m33/hard-float/libmodem.a(pdn_interface.c.obj)
                0x00015d84                pdn_interface_pdn_id_get
 .text.full_dfu_ipc_irq_handler
                0x00015e20       0x18 C:/Users/Imanol/ncs/v1.5.0/nrfxlib/nrf_modem/lib/cortex-m33/hard-float/libmodem.a(full_dfu_interface.c.obj)
                0x00015e20                full_dfu_ipc_irq_handler
 .text.modem_ipc_wait_for_event
                0x00015e38       0x3c C:/Users/Imanol/ncs/v1.5.0/nrfxlib/nrf_modem/lib/cortex-m33/hard-float/libmodem.a(full_dfu_interface.c.obj)
                0x00015e38                modem_ipc_wait_for_event
 .text.nrf_modem_full_dfu_setup
                0x00015e74       0xdc C:/Users/Imanol/ncs/v1.5.0/nrfxlib/nrf_modem/lib/cortex-m33/hard-float/libmodem.a(full_dfu_interface.c.obj)
                0x00015e74                nrf_modem_full_dfu_setup
 .text.packet_handler_create
                0x00015f50       0x44 C:/Users/Imanol/ncs/v1.5.0/nrfxlib/nrf_modem/lib/cortex-m33/hard-float/libmodem.a(packet_handler_factory.c.obj)
                0x00015f50                packet_handler_create
 .text.modem_off
                0x00015f94       0x28 C:/Users/Imanol/ncs/v1.5.0/nrfxlib/nrf_modem/lib/cortex-m33/hard-float/libmodem.a(nrf_modem.c.obj)
 .text.nrf_modem_init
                0x00015fbc       0x5c C:/Users/Imanol/ncs/v1.5.0/nrfxlib/nrf_modem/lib/cortex-m33/hard-float/libmodem.a(nrf_modem.c.obj)
                0x00015fbc                nrf_modem_init
 .text.nrf_modem_platform_af_method_table_get
                0x00016018       0xa4 C:/Users/Imanol/ncs/v1.5.0/nrfxlib/nrf_modem/lib/cortex-m33/hard-float/libmodem.a(nrf_modem_platform.c.obj)
                0x00016018                nrf_modem_platform_af_method_table_get
 .text.nrf_modem_platform_fd_method_table_get
                0x000160bc       0x60 C:/Users/Imanol/ncs/v1.5.0/nrfxlib/nrf_modem/lib/cortex-m33/hard-float/libmodem.a(nrf_modem_platform.c.obj)
                0x000160bc                nrf_modem_platform_fd_method_table_get
 .text.nrf_modem_platform_fcntl
                0x0001611c       0x20 C:/Users/Imanol/ncs/v1.5.0/nrfxlib/nrf_modem/lib/cortex-m33/hard-float/libmodem.a(nrf_modem_platform_util.c.obj)
                0x0001611c                nrf_modem_platform_fcntl
 .text.nrf_modem_busy_wait_us
                0x0001613c       0x3c C:/Users/Imanol/ncs/v1.5.0/nrfxlib/nrf_modem/lib/cortex-m33/hard-float/libmodem.a(nrf_modem_busy_wait.c.obj)
                0x0001613c                nrf_modem_busy_wait_us
 .text.SystemInit
                0x00016178       0x2c modules/hal_nordic/libmodules__hal_nordic.a(system_nrf9160.c.obj)
                0x00016178                SystemInit
 .text.nrfx_clock_init
                0x000161a4       0x20 modules/hal_nordic/libmodules__hal_nordic.a(nrfx_clock.c.obj)
                0x000161a4                nrfx_clock_init
 .text.nrfx_clock_start
                0x000161c4       0x64 modules/hal_nordic/libmodules__hal_nordic.a(nrfx_clock.c.obj)
                0x000161c4                nrfx_clock_start
 .text.nrfx_clock_stop
                0x00016228       0x80 modules/hal_nordic/libmodules__hal_nordic.a(nrfx_clock.c.obj)
                0x00016228                nrfx_clock_stop
 .text.nrfx_power_clock_irq_handler
                0x000162a8       0x68 modules/hal_nordic/libmodules__hal_nordic.a(nrfx_clock.c.obj)
                0x000162a8                nrfx_power_clock_irq_handler
 .text.nrfx_dppi_channel_alloc
                0x00016310       0x3c modules/hal_nordic/libmodules__hal_nordic.a(nrfx_dppi.c.obj)
                0x00016310                nrfx_dppi_channel_alloc
 .text.nrfx_gpiote_channel_free
                0x0001634c       0x44 modules/hal_nordic/libmodules__hal_nordic.a(nrfx_gpiote.c.obj)
                0x0001634c                nrfx_gpiote_channel_free
 .text.nrfx_gpiote_channel_alloc
                0x00016390       0x70 modules/hal_nordic/libmodules__hal_nordic.a(nrfx_gpiote.c.obj)
                0x00016390                nrfx_gpiote_channel_alloc
 .text.nrfx_ipc_init
                0x00016400       0x30 modules/hal_nordic/libmodules__hal_nordic.a(nrfx_ipc.c.obj)
                0x00016400                nrfx_ipc_init
 .text.nrfx_ipc_config_load
                0x00016430       0x40 modules/hal_nordic/libmodules__hal_nordic.a(nrfx_ipc.c.obj)
                0x00016430                nrfx_ipc_config_load
 .text.nrfx_ipc_uninit
                0x00016470       0x60 modules/hal_nordic/libmodules__hal_nordic.a(nrfx_ipc.c.obj)
                0x00016470                nrfx_ipc_uninit
 .text.nrfx_ipc_irq_handler
                0x000164d0       0x40 modules/hal_nordic/libmodules__hal_nordic.a(nrfx_ipc.c.obj)
                0x000164d0                nrfx_ipc_irq_handler
 .text.z_sys_init_run_level
                0x00016510       0x50 zephyr/kernel/libkernel.a(device.c.obj)
                0x00016510                z_sys_init_run_level
 .text.z_device_ready
                0x00016560       0x2c zephyr/kernel/libkernel.a(device.c.obj)
                0x00016560                z_device_ready
 .text.z_impl_device_get_binding
                0x0001658c       0x50 zephyr/kernel/libkernel.a(device.c.obj)
                0x0001658c                z_impl_device_get_binding
 .text.z_impl_z_errno
                0x000165dc        0xc zephyr/kernel/libkernel.a(errno.c.obj)
                0x000165dc                z_impl_z_errno
 .text.z_fatal_error
                0x000165e8       0xc4 zephyr/kernel/libkernel.a(fatal.c.obj)
                0x000165e8                z_fatal_error
 .text.idle     0x000166ac       0x60 zephyr/kernel/libkernel.a(idle.c.obj)
                0x000166ac                idle
 .text.z_bss_zero
                0x0001670c       0x14 zephyr/kernel/libkernel.a(init.c.obj)
                0x0001670c                z_bss_zero
 .text.bg_thread_main
                0x00016720       0x34 zephyr/kernel/libkernel.a(init.c.obj)
 .text.z_cstart
                0x00016754      0x104 zephyr/kernel/libkernel.a(init.c.obj)
                0x00016754                z_cstart
 .text.statics_init
                0x00016858       0x24 zephyr/kernel/libkernel.a(kheap.c.obj)
 .text.init_mem_slab_module
                0x0001687c       0x44 zephyr/kernel/libkernel.a(mem_slab.c.obj)
 .text.k_mem_slab_alloc
                0x000168c0       0x64 zephyr/kernel/libkernel.a(mem_slab.c.obj)
                0x000168c0                k_mem_slab_alloc
 .text.k_mem_slab_free
                0x00016924       0x58 zephyr/kernel/libkernel.a(mem_slab.c.obj)
                0x00016924                k_mem_slab_free
 .text.z_impl_k_msgq_put
                0x0001697c       0xa8 zephyr/kernel/libkernel.a(msg_q.c.obj)
                0x0001697c                z_impl_k_msgq_put
 .text.z_impl_k_msgq_get
                0x00016a24       0xbc zephyr/kernel/libkernel.a(msg_q.c.obj)
                0x00016a24                z_impl_k_msgq_get
 .text.z_impl_k_mutex_lock
                0x00016ae0       0xf0 zephyr/kernel/libkernel.a(mutex.c.obj)
                0x00016ae0                z_impl_k_mutex_lock
 .text.z_impl_k_mutex_unlock
                0x00016bd0       0x90 zephyr/kernel/libkernel.a(mutex.c.obj)
                0x00016bd0                z_impl_k_mutex_unlock
 .text.z_impl_k_queue_get
                0x00016c60       0x68 zephyr/kernel/libkernel.a(queue.c.obj)
                0x00016c60                z_impl_k_queue_get
 .text.z_reset_time_slice
                0x00016cc8       0x2c zephyr/kernel/libkernel.a(sched.c.obj)
                0x00016cc8                z_reset_time_slice
 .text.k_sched_time_slice_set
                0x00016cf4       0x58 zephyr/kernel/libkernel.a(sched.c.obj)
                0x00016cf4                k_sched_time_slice_set
 .text.z_reschedule
                0x00016d4c       0x24 zephyr/kernel/libkernel.a(sched.c.obj)
                0x00016d4c                z_reschedule
 .text.k_sched_lock
                0x00016d70       0x28 zephyr/kernel/libkernel.a(sched.c.obj)
                0x00016d70                k_sched_lock
 .text.z_priq_dumb_remove
                0x00016d98       0x2c zephyr/kernel/libkernel.a(sched.c.obj)
                0x00016d98                z_priq_dumb_remove
 .text.update_cache
                0x00016dc4       0x50 zephyr/kernel/libkernel.a(sched.c.obj)
 .text.k_sched_unlock
                0x00016e14       0x38 zephyr/kernel/libkernel.a(sched.c.obj)
                0x00016e14                k_sched_unlock
 .text.ready_thread
                0x00016e4c       0x70 zephyr/kernel/libkernel.a(sched.c.obj)
 .text.z_sched_start
                0x00016ebc       0x3c zephyr/kernel/libkernel.a(sched.c.obj)
                0x00016ebc                z_sched_start
 .text.move_thread_to_end_of_prio_q
                0x00016ef8       0x74 zephyr/kernel/libkernel.a(sched.c.obj)
 .text.z_time_slice
                0x00016f6c       0x84 zephyr/kernel/libkernel.a(sched.c.obj)
                0x00016f6c                z_time_slice
 .text.z_impl_k_thread_suspend
                0x00016ff0       0x68 zephyr/kernel/libkernel.a(sched.c.obj)
                0x00016ff0                z_impl_k_thread_suspend
 .text.z_thread_single_abort
                0x00017058      0x104 zephyr/kernel/libkernel.a(sched.c.obj)
                0x00017058                z_thread_single_abort
 .text.unready_thread
                0x0001715c       0x34 zephyr/kernel/libkernel.a(sched.c.obj)
 .text.pend     0x00017190       0x4c zephyr/kernel/libkernel.a(sched.c.obj)
 .text.z_pend_curr
                0x000171dc       0x28 zephyr/kernel/libkernel.a(sched.c.obj)
                0x000171dc                z_pend_curr
 .text.z_tick_sleep.part.0
                0x00017204       0x74 zephyr/kernel/libkernel.a(sched.c.obj)
 .text.z_set_prio
                0x00017278       0x88 zephyr/kernel/libkernel.a(sched.c.obj)
                0x00017278                z_set_prio
 .text.z_sched_init
                0x00017300       0x18 zephyr/kernel/libkernel.a(sched.c.obj)
                0x00017300                z_sched_init
 .text.z_impl_k_yield
                0x00017318       0x9c zephyr/kernel/libkernel.a(sched.c.obj)
                0x00017318                z_impl_k_yield
 .text.z_impl_k_sleep
                0x000173b4       0x44 zephyr/kernel/libkernel.a(sched.c.obj)
                0x000173b4                z_impl_k_sleep
 .text.z_impl_k_current_get
                0x000173f8        0xc zephyr/kernel/libkernel.a(sched.c.obj)
                0x000173f8                z_impl_k_current_get
 .text.z_impl_k_sem_give
                0x00017404       0x4c zephyr/kernel/libkernel.a(sem.c.obj)
                0x00017404                z_impl_k_sem_give
 .text.z_impl_k_sem_take
                0x00017450       0x54 zephyr/kernel/libkernel.a(sem.c.obj)
                0x00017450                z_impl_k_sem_take
 .text.k_sys_work_q_init
                0x000174a4       0x30 zephyr/kernel/libkernel.a(system_work_q.c.obj)
 .text.z_setup_new_thread
                0x000174d4       0x60 zephyr/kernel/libkernel.a(thread.c.obj)
                0x000174d4                z_setup_new_thread
 .text.z_impl_k_thread_create
                0x00017534       0x58 zephyr/kernel/libkernel.a(thread.c.obj)
                0x00017534                z_impl_k_thread_create
 .text.z_init_static_threads
                0x0001758c       0xbc zephyr/kernel/libkernel.a(thread.c.obj)
                0x0001758c                z_init_static_threads
 .text.z_self_abort
                0x00017648       0x28 zephyr/kernel/libkernel.a(thread_abort.c.obj)
                0x00017648                z_self_abort
 .text.k_work_q_start
                0x00017670       0x50 zephyr/kernel/libkernel.a(work_q.c.obj)
                0x00017670                k_work_q_start
 .text.boot_banner
                0x000176c0       0x18 zephyr/kernel/libkernel.a(banner.c.obj)
                0x000176c0                boot_banner
 .text.z_data_copy
                0x000176d8       0x34 zephyr/kernel/libkernel.a(xip.c.obj)
                0x000176d8                z_data_copy
 .text.elapsed  0x0001770c       0x14 zephyr/kernel/libkernel.a(timeout.c.obj)
 .text.remove_timeout
                0x00017720       0x34 zephyr/kernel/libkernel.a(timeout.c.obj)
 .text.next_timeout
                0x00017754       0x58 zephyr/kernel/libkernel.a(timeout.c.obj)
 .text.z_add_timeout
                0x000177ac      0x11c zephyr/kernel/libkernel.a(timeout.c.obj)
                0x000177ac                z_add_timeout
 .text.z_clock_announce
                0x000178c8       0xd4 zephyr/kernel/libkernel.a(timeout.c.obj)
                0x000178c8                z_clock_announce
 .text.z_tick_get
                0x0001799c       0x34 zephyr/kernel/libkernel.a(timeout.c.obj)
                0x0001799c                z_tick_get
 .text.z_timer_expiration_handler
                0x000179d0       0x4c zephyr/kernel/libkernel.a(timer.c.obj)
                0x000179d0                z_timer_expiration_handler
 .text.z_impl_k_timer_start
                0x00017a1c       0xb8 zephyr/kernel/libkernel.a(timer.c.obj)
                0x00017a1c                z_impl_k_timer_start
 .text.z_impl_k_poll_signal_raise
                0x00017ad4       0x50 zephyr/kernel/libkernel.a(poll.c.obj)
                0x00017ad4                z_impl_k_poll_signal_raise
 .text.k_aligned_alloc
                0x00017b24       0x10 zephyr/kernel/libkernel.a(mempool.c.obj)
                0x00017b24                k_aligned_alloc
 .text.z_thread_aligned_alloc
                0x00017b34       0x34 zephyr/kernel/libkernel.a(mempool.c.obj)
                0x00017b34                z_thread_aligned_alloc
 .text._free_r  0x00017b68       0xa0 C:/Users/Imanol/ncs/v1.5.0/toolchain/opt/arm-none-eabi/lib/thumb/v8-m.main+fp/hard\libc_nano.a(lib_a-nano-freer.o)
                0x00017b68                _free_r
 .text._malloc_r
                0x00017c08       0xb4 C:/Users/Imanol/ncs/v1.5.0/toolchain/opt/arm-none-eabi/lib/thumb/v8-m.main+fp/hard\libc_nano.a(lib_a-nano-mallocr.o)
                0x00017c08                _malloc_r
 .text._sbrk_r  0x00017cbc       0x20 C:/Users/Imanol/ncs/v1.5.0/toolchain/opt/arm-none-eabi/lib/thumb/v8-m.main+fp/hard\libc_nano.a(lib_a-sbrkr.o)
                0x00017cbc                _sbrk_r
 .text.snprintf
                0x00017cdc       0x68 C:/Users/Imanol/ncs/v1.5.0/toolchain/opt/arm-none-eabi/lib/thumb/v8-m.main+fp/hard\libc_nano.a(lib_a-snprintf.o)
                0x00017cdc                sniprintf
                0x00017cdc                snprintf
 .text._strtol_l.isra.0
                0x00017d44       0xf0 C:/Users/Imanol/ncs/v1.5.0/toolchain/opt/arm-none-eabi/lib/thumb/v8-m.main+fp/hard\libc_nano.a(lib_a-strtol.o)
 .text.strtol   0x00017e34       0x14 C:/Users/Imanol/ncs/v1.5.0/toolchain/opt/arm-none-eabi/lib/thumb/v8-m.main+fp/hard\libc_nano.a(lib_a-strtol.o)
                0x00017e34                strtol
 .text.vsnprintf
                0x00017e48       0x1c C:/Users/Imanol/ncs/v1.5.0/toolchain/opt/arm-none-eabi/lib/thumb/v8-m.main+fp/hard\libc_nano.a(lib_a-vsnprintf.o)
                0x00017e48                vsniprintf
                0x00017e48                vsnprintf
 .text._vsprintf_r
                0x00017e64       0x2c C:/Users/Imanol/ncs/v1.5.0/toolchain/opt/arm-none-eabi/lib/thumb/v8-m.main+fp/hard\libc_nano.a(lib_a-vsprintf.o)
                0x00017e64                _vsprintf_r
                0x00017e64                _vsiprintf_r
 .text.vsprintf
                0x00017e90       0x14 C:/Users/Imanol/ncs/v1.5.0/toolchain/opt/arm-none-eabi/lib/thumb/v8-m.main+fp/hard\libc_nano.a(lib_a-vsprintf.o)
                0x00017e90                vsiprintf
                0x00017e90                vsprintf
 .text.__malloc_lock
                0x00017ea4        0xc C:/Users/Imanol/ncs/v1.5.0/toolchain/opt/arm-none-eabi/lib/thumb/v8-m.main+fp/hard\libc_nano.a(lib_a-mlock.o)
                0x00017ea4                __malloc_lock
 .text.__malloc_unlock
                0x00017eb0        0xc C:/Users/Imanol/ncs/v1.5.0/toolchain/opt/arm-none-eabi/lib/thumb/v8-m.main+fp/hard\libc_nano.a(lib_a-mlock.o)
                0x00017eb0                __malloc_unlock
 .text._svfprintf_r
                0x00017ebc      0x200 C:/Users/Imanol/ncs/v1.5.0/toolchain/opt/arm-none-eabi/lib/thumb/v8-m.main+fp/hard\libc_nano.a(lib_a-nano-svfprintf.o)
                0x00017ebc                _svfiprintf_r
                0x00017ebc                _svfprintf_r
 .text._printf_i
                0x000180bc      0x24c C:/Users/Imanol/ncs/v1.5.0/toolchain/opt/arm-none-eabi/lib/thumb/v8-m.main+fp/hard\libc_nano.a(lib_a-nano-vfprintf_i.o)
                0x000180bc                _printf_i
 .text.dn_read_uint16_t
                0x00018308       0x12 app/libapp.a(dn_endianness.c.obj)
                0x00018308                dn_read_uint16_t
 .text.dn_read_uint32_t
                0x0001831a       0x22 app/libapp.a(dn_endianness.c.obj)
                0x0001831a                dn_read_uint32_t
 .text.dn_ipmg_initiateConnect
                0x0001833c       0x18 app/libapp.a(dn_ipmg.c.obj)
                0x0001833c                dn_ipmg_initiateConnect
 .text.dn_lock  0x00018354        0x2 app/libapp.a(dn_lock.c.obj)
                0x00018354                dn_lock
 .text.dn_unlock
                0x00018356        0x2 app/libapp.a(dn_lock.c.obj)
                0x00018356                dn_unlock
 .text.sys_notify_validate
                0x00018358       0x28 zephyr/libzephyr.a(notify.c.obj)
                0x00018358                sys_notify_validate
 .text.sys_notify_finalize
                0x00018380       0x32 zephyr/libzephyr.a(notify.c.obj)
                0x00018380                sys_notify_finalize
 .text.arch_printk_char_out
                0x000183b2        0x4 zephyr/libzephyr.a(printk.c.obj)
                0x000183b2                arch_printk_char_out
 .text.str_out  0x000183b6       0x26 zephyr/libzephyr.a(printk.c.obj)
 .text.printk   0x000183dc       0x1a zephyr/libzephyr.a(printk.c.obj)
                0x000183dc                printk
 .text.snprintk
                0x000183f6       0x1a zephyr/libzephyr.a(printk.c.obj)
                0x000183f6                snprintk
 .text.process_recheck
                0x00018410       0x38 zephyr/libzephyr.a(onoff.c.obj)
 .text.notify_one
                0x00018448       0x2c zephyr/libzephyr.a(onoff.c.obj)
 .text.transition_complete
                0x00018474       0x1e zephyr/libzephyr.a(onoff.c.obj)
 .text.validate_args
                0x00018492       0x1e zephyr/libzephyr.a(onoff.c.obj)
 .text.onoff_manager_init
                0x000184b0       0x26 zephyr/libzephyr.a(onoff.c.obj)
                0x000184b0                onoff_manager_init
 .text.onoff_request
                0x000184d6       0x92 zephyr/libzephyr.a(onoff.c.obj)
                0x000184d6                onoff_request
 .text.sys_sem_give
                0x00018568        0xa zephyr/libzephyr.a(sem.c.obj)
                0x00018568                sys_sem_give
 .text.sys_sem_take
                0x00018572       0x1e zephyr/libzephyr.a(sem.c.obj)
                0x00018572                sys_sem_take
 .text.z_thread_entry
                0x00018590       0x14 zephyr/libzephyr.a(thread_entry.c.obj)
                0x00018590                z_thread_entry
 .text.z_work_q_main
                0x000185a4       0x3a zephyr/libzephyr.a(work_q.c.obj)
                0x000185a4                z_work_q_main
 .text.chunk_field
                0x000185de       0x16 zephyr/libzephyr.a(heap.c.obj)
 .text.chunk_set
                0x000185f4       0x16 zephyr/libzephyr.a(heap.c.obj)
 .text.chunk_size
                0x0001860a        0xc zephyr/libzephyr.a(heap.c.obj)
 .text.set_chunk_used
                0x00018616       0x30 zephyr/libzephyr.a(heap.c.obj)
 .text.set_chunk_size
                0x00018646        0x8 zephyr/libzephyr.a(heap.c.obj)
 .text.bucket_idx
                0x0001864e       0x1a zephyr/libzephyr.a(heap.c.obj)
 .text.merge_chunks
                0x00018668       0x3e zephyr/libzephyr.a(heap.c.obj)
 .text.split_chunks
                0x000186a6       0x4e zephyr/libzephyr.a(heap.c.obj)
 .text.free_list_remove_bidx
                0x000186f4       0x5e zephyr/libzephyr.a(heap.c.obj)
 .text.alloc_chunk
                0x00018752       0x86 zephyr/libzephyr.a(heap.c.obj)
 .text.free_list_add
                0x000187d8       0x8a zephyr/libzephyr.a(heap.c.obj)
 .text.free_list_remove
                0x00018862       0x2e zephyr/libzephyr.a(heap.c.obj)
 .text.free_chunk
                0x00018890       0x88 zephyr/libzephyr.a(heap.c.obj)
 .text.sys_heap_free
                0x00018918       0x32 zephyr/libzephyr.a(heap.c.obj)
                0x00018918                sys_heap_free
 .text.sys_heap_alloc
                0x0001894a       0x6e zephyr/libzephyr.a(heap.c.obj)
                0x0001894a                sys_heap_alloc
 .text.sys_heap_aligned_alloc
                0x000189b8       0xba zephyr/libzephyr.a(heap.c.obj)
                0x000189b8                sys_heap_aligned_alloc
 .text.sys_heap_init
                0x00018a72       0xa4 zephyr/libzephyr.a(heap.c.obj)
                0x00018a72                sys_heap_init
 .text._ldiv5   0x00018b16       0x3e zephyr/libzephyr.a(cbprintf_complete.c.obj)
 .text._get_digit
                0x00018b54       0x2e zephyr/libzephyr.a(cbprintf_complete.c.obj)
 .text.outs     0x00018b82       0x32 zephyr/libzephyr.a(cbprintf_complete.c.obj)
 .text._ConfigAbsSyms
                0x00018bb4        0x2 zephyr/libzephyr.a(configs.c.obj)
                0x00018bb4                _ConfigAbsSyms
 .text.z_platform_init
                0x00018bb6        0x4 zephyr/libzephyr.a(soc.c.obj)
                0x00018bb6                z_platform_init
 .text.log_list_init
                0x00018bba        0x8 zephyr/libzephyr.a(log_list.c.obj)
                0x00018bba                log_list_init
 .text.log_list_add_tail
                0x00018bc2       0x14 zephyr/libzephyr.a(log_list.c.obj)
                0x00018bc2                log_list_add_tail
 .text.log_list_head_peek
                0x00018bd6        0x4 zephyr/libzephyr.a(log_list.c.obj)
                0x00018bd6                log_list_head_peek
 .text.log_list_head_get
                0x00018bda        0xc zephyr/libzephyr.a(log_list.c.obj)
                0x00018bda                log_list_head_get
 .text.z_log_msg_std_alloc
                0x00018be6       0x12 zephyr/libzephyr.a(log_core.c.obj)
 .text.k_cycle_get_32_wrapper
                0x00018bf8        0x4 zephyr/libzephyr.a(log_core.c.obj)
 .text.dummy_timestamp
                0x00018bfc        0x4 zephyr/libzephyr.a(log_core.c.obj)
 .text.log_0    0x00018c00       0x1e zephyr/libzephyr.a(log_core.c.obj)
                0x00018c00                log_0
 .text.log_1    0x00018c1e       0x2e zephyr/libzephyr.a(log_core.c.obj)
                0x00018c1e                log_1
 .text.log_2    0x00018c4c       0x32 zephyr/libzephyr.a(log_core.c.obj)
                0x00018c4c                log_2
 .text.log_3    0x00018c7e       0x3e zephyr/libzephyr.a(log_core.c.obj)
                0x00018c7e                log_3
 .text.log_n    0x00018cbc       0x16 zephyr/libzephyr.a(log_core.c.obj)
                0x00018cbc                log_n
 .text.log_msg_hexdump_data_op
                0x00018cd2       0xac zephyr/libzephyr.a(log_msg.c.obj)
 .text.log_msg_get
                0x00018d7e       0x12 zephyr/libzephyr.a(log_msg.c.obj)
                0x00018d7e                log_msg_get
 .text.log_msg_nargs_get
                0x00018d90        0x6 zephyr/libzephyr.a(log_msg.c.obj)
                0x00018d90                log_msg_nargs_get
 .text.log_msg_arg_get
                0x00018d96       0x3e zephyr/libzephyr.a(log_msg.c.obj)
                0x00018d96                log_msg_arg_get
 .text.log_msg_put
                0x00018dd4       0x1e zephyr/libzephyr.a(log_msg.c.obj)
                0x00018dd4                log_msg_put
 .text.log_msg_str_get
                0x00018df2        0x4 zephyr/libzephyr.a(log_msg.c.obj)
                0x00018df2                log_msg_str_get
 .text.log_msg_create_n
                0x00018df6       0xa8 zephyr/libzephyr.a(log_msg.c.obj)
                0x00018df6                log_msg_create_n
 .text.log_msg_hexdump_data_get
                0x00018e9e        0xe zephyr/libzephyr.a(log_msg.c.obj)
                0x00018e9e                log_msg_hexdump_data_get
 .text.buffer_write
                0x00018eac       0x1a zephyr/libzephyr.a(log_output.c.obj)
 .text.std_print
                0x00018ec6      0x2ba zephyr/libzephyr.a(log_output.c.obj)
 .text.log_output_flush
                0x00019180       0x1a zephyr/libzephyr.a(log_output.c.obj)
                0x00019180                log_output_flush
 .text.out_func
                0x0001919a       0x2e zephyr/libzephyr.a(log_output.c.obj)
 .text.z_impl_zsock_close
                0x000191c8       0x2e zephyr/libzephyr.a(sockets.c.obj)
                0x000191c8                z_impl_zsock_close
 .text.z_impl_zsock_sendto
                0x000191f6       0x3a zephyr/libzephyr.a(sockets.c.obj)
                0x000191f6                z_impl_zsock_sendto
 .text.z_impl_zsock_recvfrom
                0x00019230       0x3a zephyr/libzephyr.a(sockets.c.obj)
                0x00019230                z_impl_zsock_recvfrom
 .text.get_status
                0x0001926a       0x12 zephyr/libzephyr.a(clock_control_nrf.c.obj)
 .text.set_off_state
                0x0001927c       0x32 zephyr/libzephyr.a(clock_control_nrf.c.obj)
 .text.set_starting_state
                0x000192ae       0x3c zephyr/libzephyr.a(clock_control_nrf.c.obj)
 .text.set_on_state
                0x000192ea       0x26 zephyr/libzephyr.a(clock_control_nrf.c.obj)
 .text.onoff_started_callback
                0x00019310       0x14 zephyr/libzephyr.a(clock_control_nrf.c.obj)
 .text.lfclk_start
                0x00019324        0x6 zephyr/libzephyr.a(clock_control_nrf.c.obj)
 .text.lfclk_stop
                0x0001932a        0x6 zephyr/libzephyr.a(clock_control_nrf.c.obj)
 .text.blocking_start_callback
                0x00019330        0x6 zephyr/libzephyr.a(clock_control_nrf.c.obj)
 .text.api_stop
                0x00019336       0x28 zephyr/libzephyr.a(clock_control_nrf.c.obj)
 .text.api_start
                0x0001935e       0x34 zephyr/libzephyr.a(clock_control_nrf.c.obj)
 .text.z_clock_isr
                0x00019392        0x2 zephyr/libzephyr.a(sys_clock_init.c.obj)
                0x00019392                z_clock_isr
 .text.z_clock_idle_exit
                0x00019394        0x2 zephyr/libzephyr.a(sys_clock_init.c.obj)
                0x00019394                z_clock_idle_exit
 .text.spm_request_random_number
                0x00019396       0x18 zephyr/libzephyr.a(secure_services_ns.c.obj)
                0x00019396                spm_request_random_number
 .text.z_irq_spurious
                0x000193ae        0x8 zephyr/arch/arch/arm/core/aarch32/libarch__arm__core__aarch32.a(irq_manage.c.obj)
                0x000193ae                z_irq_spurious
 .text.configure_builtin_stack_guard
                0x000193b6        0x8 zephyr/arch/arch/arm/core/aarch32/libarch__arm__core__aarch32.a(thread.c.obj)
                0x000193b6                configure_builtin_stack_guard
 .text.z_do_kernel_oops
                0x000193be        0x8 zephyr/arch/arch/arm/core/aarch32/libarch__arm__core__aarch32.a(fatal.c.obj)
                0x000193be                z_do_kernel_oops
 .text.z_arm_nmi
                0x000193c6        0xe zephyr/arch/arch/arm/core/aarch32/libarch__arm__core__aarch32.a(nmi.c.obj)
                0x000193c6                z_arm_nmi
 .text.mpu_configure_region
                0x000193d4       0x32 zephyr/arch/arch/arm/core/aarch32/cortex_m/mpu/libarch__arm__core__aarch32__cortex_m__mpu.a(arm_mpu.c.obj)
 .text.arm_cmse_mpu_region_get
                0x00019406       0x14 zephyr/arch/arch/arm/core/aarch32/cortex_m/cmse/libarch__arm__core__aarch32__cortex_m__cmse.a(arm_core_cmse.c.obj)
                0x00019406                arm_cmse_mpu_region_get
 .text._stdout_hook_default
                0x0001941a        0x6 zephyr/lib/libc/newlib/liblib__libc__newlib.a(libc-hooks.c.obj)
 .text.__errno  0x00019420        0x4 zephyr/lib/libc/newlib/liblib__libc__newlib.a(libc-hooks.c.obj)
                0x00019420                __errno
 .text.net_init
                0x00019424        0xe zephyr/subsys/net/ip/libsubsys__net__ip.a(net_core.c.obj)
 .text.net_if_l2
                0x00019432        0xa zephyr/subsys/net/ip/libsubsys__net__ip.a(net_if.c.obj)
 .text.l2_flags_get
                0x0001943c       0x1a zephyr/subsys/net/ip/libsubsys__net__ip.a(net_if.c.obj)
 .text.net_if_up
                0x00019456       0x62 zephyr/subsys/net/ip/libsubsys__net__ip.a(net_if.c.obj)
                0x00019456                net_if_up
 .text.gpio_nrfx_port_get_raw
                0x000194b8        0xc zephyr/drivers/gpio/libdrivers__gpio.a(gpio_nrfx.c.obj)
 .text.gpio_nrfx_port_set_masked_raw
                0x000194c4       0x12 zephyr/drivers/gpio/libdrivers__gpio.a(gpio_nrfx.c.obj)
 .text.gpio_nrfx_port_set_bits_raw
                0x000194d6        0xa zephyr/drivers/gpio/libdrivers__gpio.a(gpio_nrfx.c.obj)
 .text.gpio_nrfx_port_clear_bits_raw
                0x000194e0        0xa zephyr/drivers/gpio/libdrivers__gpio.a(gpio_nrfx.c.obj)
 .text.gpio_nrfx_port_toggle_bits
                0x000194ea        0xe zephyr/drivers/gpio/libdrivers__gpio.a(gpio_nrfx.c.obj)
 .text.gpio_nrfx_manage_callback
                0x000194f8       0x56 zephyr/drivers/gpio/libdrivers__gpio.a(gpio_nrfx.c.obj)
 .text.uarte_nrfx_isr_int
                0x0001954e       0x82 zephyr/drivers/serial/libdrivers__serial.a(uart_nrfx_uarte.c.obj)
 .text.uarte_nrfx_config_get
                0x000195d0       0x10 zephyr/drivers/serial/libdrivers__serial.a(uart_nrfx_uarte.c.obj)
 .text.uarte_nrfx_err_check
                0x000195e0        0xe zephyr/drivers/serial/libdrivers__serial.a(uart_nrfx_uarte.c.obj)
 .text.is_tx_ready
                0x000195ee       0x1e zephyr/drivers/serial/libdrivers__serial.a(uart_nrfx_uarte.c.obj)
 .text.uarte_nrfx_poll_in
                0x0001960c       0x26 zephyr/drivers/serial/libdrivers__serial.a(uart_nrfx_uarte.c.obj)
 .text.uarte_nrfx_fifo_fill
                0x00019632       0x90 zephyr/drivers/serial/libdrivers__serial.a(uart_nrfx_uarte.c.obj)
 .text.uarte_nrfx_fifo_read
                0x000196c2       0x24 zephyr/drivers/serial/libdrivers__serial.a(uart_nrfx_uarte.c.obj)
 .text.uarte_nrfx_irq_tx_enable
                0x000196e6       0x2e zephyr/drivers/serial/libdrivers__serial.a(uart_nrfx_uarte.c.obj)
 .text.uarte_nrfx_irq_tx_disable
                0x00019714        0xa zephyr/drivers/serial/libdrivers__serial.a(uart_nrfx_uarte.c.obj)
 .text.uarte_nrfx_irq_tx_ready_complete
                0x0001971e       0x2a zephyr/drivers/serial/libdrivers__serial.a(uart_nrfx_uarte.c.obj)
 .text.uarte_nrfx_irq_rx_ready
                0x00019748       0x10 zephyr/drivers/serial/libdrivers__serial.a(uart_nrfx_uarte.c.obj)
 .text.uarte_nrfx_irq_rx_enable
                0x00019758        0xc zephyr/drivers/serial/libdrivers__serial.a(uart_nrfx_uarte.c.obj)
 .text.uarte_nrfx_irq_rx_disable
                0x00019764        0xc zephyr/drivers/serial/libdrivers__serial.a(uart_nrfx_uarte.c.obj)
 .text.uarte_nrfx_irq_err_enable
                0x00019770        0xe zephyr/drivers/serial/libdrivers__serial.a(uart_nrfx_uarte.c.obj)
 .text.uarte_nrfx_irq_err_disable
                0x0001977e        0xe zephyr/drivers/serial/libdrivers__serial.a(uart_nrfx_uarte.c.obj)
 .text.uarte_nrfx_irq_update
                0x0001978c        0x4 zephyr/drivers/serial/libdrivers__serial.a(uart_nrfx_uarte.c.obj)
 .text.uarte_nrfx_irq_callback_set
                0x00019790        0xa zephyr/drivers/serial/libdrivers__serial.a(uart_nrfx_uarte.c.obj)
 .text.uarte_nrfx_irq_is_pending
                0x0001979a       0x36 zephyr/drivers/serial/libdrivers__serial.a(uart_nrfx_uarte.c.obj)
 .text.entropy_cc3xx_rng_init
                0x000197d0        0x4 zephyr/drivers/entropy/libdrivers__entropy.a(entropy_cc310.c.obj)
 .text.entropy_cc3xx_rng_get_entropy
                0x000197d4       0x52 zephyr/drivers/entropy/libdrivers__entropy.a(entropy_cc310.c.obj)
 .text.trace_proxy_irq_handler
                0x00019826       0x1e modules/nrf/lib/nrf_modem_lib/lib..__nrf__lib__nrf_modem_lib.a(nrf_modem_os.c.obj)
                0x00019826                trace_proxy_irq_handler
 .text.trace_task_create
                0x00019844       0x16 modules/nrf/lib/nrf_modem_lib/lib..__nrf__lib__nrf_modem_lib.a(nrf_modem_os.c.obj)
                0x00019844                trace_task_create
 .text.read_task_create
                0x0001985a       0x16 modules/nrf/lib/nrf_modem_lib/lib..__nrf__lib__nrf_modem_lib.a(nrf_modem_os.c.obj)
                0x0001985a                read_task_create
 .text.nrf_modem_os_trace_put
                0x00019870        0x4 modules/nrf/lib/nrf_modem_lib/lib..__nrf__lib__nrf_modem_lib.a(nrf_modem_os.c.obj)
                0x00019870                nrf_modem_os_trace_put
 .text.z_to_nrf_flags
                0x00019874       0x24 modules/nrf/lib/nrf_modem_lib/lib..__nrf__lib__nrf_modem_lib.a(nrf91_sockets.c.obj)
 .text.z_to_nrf_family
                0x00019898       0x38 modules/nrf/lib/nrf_modem_lib/lib..__nrf__lib__nrf_modem_lib.a(nrf91_sockets.c.obj)
 .text.z_to_nrf_protocol
                0x000198d0       0x5a modules/nrf/lib/nrf_modem_lib/lib..__nrf__lib__nrf_modem_lib.a(nrf91_sockets.c.obj)
 .text.nrf91_socket_is_supported
                0x0001992a        0x4 modules/nrf/lib/nrf_modem_lib/lib..__nrf__lib__nrf_modem_lib.a(nrf91_sockets.c.obj)
 .text.nrf91_nrf_modem_lib_socket_offload_init
                0x0001992e        0x4 modules/nrf/lib/nrf_modem_lib/lib..__nrf__lib__nrf_modem_lib.a(nrf91_sockets.c.obj)
 .text.nrf91_socket_offload_getsockopt
                0x00019932       0xbe modules/nrf/lib/nrf_modem_lib/lib..__nrf__lib__nrf_modem_lib.a(nrf91_sockets.c.obj)
 .text.nrf91_socket_offload_listen
                0x000199f0        0x6 modules/nrf/lib/nrf_modem_lib/lib..__nrf__lib__nrf_modem_lib.a(nrf91_sockets.c.obj)
 .text.nrf91_socket_offload_close
                0x000199f6        0x6 modules/nrf/lib/nrf_modem_lib/lib..__nrf__lib__nrf_modem_lib.a(nrf91_sockets.c.obj)
 .text.nrf91_socket_offload_freeaddrinfo
                0x000199fc       0x1a modules/nrf/lib/nrf_modem_lib/lib..__nrf__lib__nrf_modem_lib.a(nrf91_sockets.c.obj)
 .text.z_to_nrf_addrinfo_hints
                0x00019a16       0x4a modules/nrf/lib/nrf_modem_lib/lib..__nrf__lib__nrf_modem_lib.a(nrf91_sockets.c.obj)
 .text.nrf_to_z_ipv6
                0x00019a60       0x28 modules/nrf/lib/nrf_modem_lib/lib..__nrf__lib__nrf_modem_lib.a(nrf91_sockets.c.obj)
 .text.nrf91_socket_offload_recvfrom
                0x00019a88       0x6c modules/nrf/lib/nrf_modem_lib/lib..__nrf__lib__nrf_modem_lib.a(nrf91_sockets.c.obj)
 .text.nrf91_socket_offload_read
                0x00019af4       0x12 modules/nrf/lib/nrf_modem_lib/lib..__nrf__lib__nrf_modem_lib.a(nrf91_sockets.c.obj)
 .text.z_to_nrf_ipv6
                0x00019b06       0x32 modules/nrf/lib/nrf_modem_lib/lib..__nrf__lib__nrf_modem_lib.a(nrf91_sockets.c.obj)
 .text.nrf91_socket_offload_sendto
                0x00019b38       0x8c modules/nrf/lib/nrf_modem_lib/lib..__nrf__lib__nrf_modem_lib.a(nrf91_sockets.c.obj)
 .text.nrf91_socket_offload_write
                0x00019bc4       0x12 modules/nrf/lib/nrf_modem_lib/lib..__nrf__lib__nrf_modem_lib.a(nrf91_sockets.c.obj)
 .text.nrf91_socket_offload_connect
                0x00019bd6       0x56 modules/nrf/lib/nrf_modem_lib/lib..__nrf__lib__nrf_modem_lib.a(nrf91_sockets.c.obj)
 .text.nrf91_socket_offload_setsockopt
                0x00019c2c       0x82 modules/nrf/lib/nrf_modem_lib/lib..__nrf__lib__nrf_modem_lib.a(nrf91_sockets.c.obj)
 .text.nrf91_socket_offload_bind
                0x00019cae       0x4e modules/nrf/lib/nrf_modem_lib/lib..__nrf__lib__nrf_modem_lib.a(nrf91_sockets.c.obj)
 .text.z_impl_uart_irq_rx_enable
                0x00019cfc        0xa modules/nrf/lib/at_host/lib..__nrf__lib__at_host.a(at_host.c.obj)
 .text.response_handler
                0x00019d06        0x6 modules/nrf/lib/at_host/lib..__nrf__lib__at_host.a(at_host.c.obj)
 .text.rpc_handle_ctrl_message
                0x00019d0c       0x30 C:/Users/Imanol/ncs/v1.5.0/nrfxlib/nrf_modem/lib/cortex-m33/hard-float/libmodem.a(rpc_framework.c.obj)
                0x00019d0c                rpc_handle_ctrl_message
 .text.rpc_message_send
                0x00019d3c       0x20 C:/Users/Imanol/ncs/v1.5.0/nrfxlib/nrf_modem/lib/cortex-m33/hard-float/libmodem.a(rpc_framework.c.obj)
                0x00019d3c                rpc_message_send
 .text.rpc_message_alloc
                0x00019d5c       0x48 C:/Users/Imanol/ncs/v1.5.0/nrfxlib/nrf_modem/lib/cortex-m33/hard-float/libmodem.a(rpc_framework.c.obj)
                0x00019d5c                rpc_message_alloc
 .text.rpc_message_free
                0x00019da4       0x18 C:/Users/Imanol/ncs/v1.5.0/nrfxlib/nrf_modem/lib/cortex-m33/hard-float/libmodem.a(rpc_framework.c.obj)
                0x00019da4                rpc_message_free
 .text.rpc_message_data_free
                0x00019dbc       0x18 C:/Users/Imanol/ncs/v1.5.0/nrfxlib/nrf_modem/lib/cortex-m33/hard-float/libmodem.a(rpc_framework.c.obj)
                0x00019dbc                rpc_message_data_free
 .text.rpc_transport_data_msg_alloc
                0x00019dd4        0x4 C:/Users/Imanol/ncs/v1.5.0/nrfxlib/nrf_modem/lib/cortex-m33/hard-float/libmodem.a(rpc_transport.c.obj)
                0x00019dd4                rpc_transport_data_msg_alloc
 .text.rpc_transport_msg_free
                0x00019dd8        0x4 C:/Users/Imanol/ncs/v1.5.0/nrfxlib/nrf_modem/lib/cortex-m33/hard-float/libmodem.a(rpc_transport.c.obj)
                0x00019dd8                rpc_transport_msg_free
 .text.rpc_transport_data_alloc
                0x00019ddc        0x4 C:/Users/Imanol/ncs/v1.5.0/nrfxlib/nrf_modem/lib/cortex-m33/hard-float/libmodem.a(rpc_transport.c.obj)
                0x00019ddc                rpc_transport_data_alloc
 .text.rpc_transport_data_free
                0x00019de0        0x4 C:/Users/Imanol/ncs/v1.5.0/nrfxlib/nrf_modem/lib/cortex-m33/hard-float/libmodem.a(rpc_transport.c.obj)
                0x00019de0                rpc_transport_data_free
 .text.rpc_transport_data_msg_send
                0x00019de4        0x4 C:/Users/Imanol/ncs/v1.5.0/nrfxlib/nrf_modem/lib/cortex-m33/hard-float/libmodem.a(rpc_transport.c.obj)
                0x00019de4                rpc_transport_data_msg_send
 .text.trace_write