Archive member included to satisfy reference by file (symbol)

app/libapp.a(main.c.obj)      (--whole-archive)
zephyr/libzephyr.a(crc32_sw.c.obj)
                              (--whole-archive)
zephyr/libzephyr.a(crc16_sw.c.obj)
                              (--whole-archive)
zephyr/libzephyr.a(crc8_sw.c.obj)
                              (--whole-archive)
zephyr/libzephyr.a(crc7_sw.c.obj)
                              (--whole-archive)
zephyr/libzephyr.a(dec.c.obj)
                              (--whole-archive)
zephyr/libzephyr.a(fdtable.c.obj)
                              (--whole-archive)
zephyr/libzephyr.a(hex.c.obj)
                              (--whole-archive)
zephyr/libzephyr.a(mempool.c.obj)
                              (--whole-archive)
zephyr/libzephyr.a(notify.c.obj)
                              (--whole-archive)
zephyr/libzephyr.a(printk.c.obj)
                              (--whole-archive)
zephyr/libzephyr.a(onoff.c.obj)
                              (--whole-archive)
zephyr/libzephyr.a(rb.c.obj)  (--whole-archive)
zephyr/libzephyr.a(sem.c.obj)
                              (--whole-archive)
zephyr/libzephyr.a(thread_entry.c.obj)
                              (--whole-archive)
zephyr/libzephyr.a(timeutil.c.obj)
                              (--whole-archive)
zephyr/libzephyr.a(work_q.c.obj)
                              (--whole-archive)
zephyr/libzephyr.a(heap.c.obj)
                              (--whole-archive)
zephyr/libzephyr.a(heap-validate.c.obj)
                              (--whole-archive)
zephyr/libzephyr.a(configs.c.obj)
                              (--whole-archive)
zephyr/libzephyr.a(soc.c.obj)
                              (--whole-archive)
zephyr/libzephyr.a(power.c.obj)
                              (--whole-archive)
zephyr/libzephyr.a(validate_base_addresses.c.obj)
                              (--whole-archive)
zephyr/libzephyr.a(validate_enabled_instances.c.obj)
                              (--whole-archive)
zephyr/libzephyr.a(power.c.obj)
                              (--whole-archive)
zephyr/libzephyr.a(policy_residency.c.obj)
                              (--whole-archive)
zephyr/libzephyr.a(uart_console.c.obj)
                              (--whole-archive)
zephyr/libzephyr.a(nrf_power_clock.c.obj)
                              (--whole-archive)
zephyr/libzephyr.a(sys_clock_init.c.obj)
                              (--whole-archive)
zephyr/libzephyr.a(nrf_rtc_timer.c.obj)
                              (--whole-archive)
zephyr/libzephyr.a(nrf_cc310_platform_abort_zephyr.c.obj)
                              (--whole-archive)
zephyr/libzephyr.a(nrf_cc310_platform_mutex_zephyr.c.obj)
                              (--whole-archive)
zephyr/arch/common/libarch__common.a(isr_tables.c.obj)
                              (--whole-archive)
zephyr/arch/common/libarch__common.a(sw_isr_common.c.obj)
                              (--whole-archive)
zephyr/arch/arch/arm/core/aarch32/libarch__arm__core__aarch32.a(swap.c.obj)
                              (--whole-archive)
zephyr/arch/arch/arm/core/aarch32/libarch__arm__core__aarch32.a(irq_manage.c.obj)
                              (--whole-archive)
zephyr/arch/arch/arm/core/aarch32/libarch__arm__core__aarch32.a(thread.c.obj)
                              (--whole-archive)
zephyr/arch/arch/arm/core/aarch32/libarch__arm__core__aarch32.a(fatal.c.obj)
                              (--whole-archive)
zephyr/arch/arch/arm/core/aarch32/libarch__arm__core__aarch32.a(nmi.c.obj)
                              (--whole-archive)
zephyr/arch/arch/arm/core/aarch32/libarch__arm__core__aarch32.a(prep_c.c.obj)
                              (--whole-archive)
zephyr/arch/arch/arm/core/aarch32/libarch__arm__core__aarch32.a(swap_helper.S.obj)
                              (--whole-archive)
zephyr/arch/arch/arm/core/aarch32/libarch__arm__core__aarch32.a(cpu_idle.S.obj)
                              (--whole-archive)
zephyr/arch/arch/arm/core/aarch32/libarch__arm__core__aarch32.a(nmi_on_reset.S.obj)
                              (--whole-archive)
zephyr/arch/arch/arm/core/aarch32/libarch__arm__core__aarch32.a(isr_wrapper.S.obj)
                              (--whole-archive)
zephyr/arch/arch/arm/core/aarch32/cortex_m/libarch__arm__core__aarch32__cortex_m.a(vector_table.S.obj)
                              (--whole-archive)
zephyr/arch/arch/arm/core/aarch32/cortex_m/libarch__arm__core__aarch32__cortex_m.a(reset.S.obj)
                              (--whole-archive)
zephyr/arch/arch/arm/core/aarch32/cortex_m/libarch__arm__core__aarch32__cortex_m.a(fault_s.S.obj)
                              (--whole-archive)
zephyr/arch/arch/arm/core/aarch32/cortex_m/libarch__arm__core__aarch32__cortex_m.a(exc_exit.S.obj)
                              (--whole-archive)
zephyr/arch/arch/arm/core/aarch32/cortex_m/libarch__arm__core__aarch32__cortex_m.a(fault.c.obj)
                              (--whole-archive)
[...]
Memory Configuration

Name             Origin             Length             Attributes
FLASH            0x00000000         0x00100000         xr
SRAM             0x20000000         0x00010000         xw
IDT_LIST         0x20010000         0x00000800         xw
*default*        0x00000000         0xffffffff

Linker script and memory map

LOAD zephyr/CMakeFiles/zephyr_prebuilt.dir/misc/empty_file.c.obj
                0x00000020                _region_min_align = 0x20

.rel.plt        0x00000000        0x0
 *(SORT_BY_ALIGNMENT(.rel.plt))
                [!provide]                PROVIDE (__rel_iplt_start = .)
 *(SORT_BY_ALIGNMENT(.rel.iplt))
 .rel.iplt      0x00000000        0x0 app/libapp.a(main.c.obj)
                [!provide]                PROVIDE (__rel_iplt_end = .)

.rela.plt       0x00000000        0x0
 *(SORT_BY_ALIGNMENT(.rela.plt))
                [!provide]                PROVIDE (__rela_iplt_start = .)
 *(SORT_BY_ALIGNMENT(.rela.iplt))
                [!provide]                PROVIDE (__rela_iplt_end = .)

.rel.dyn
 *(SORT_BY_ALIGNMENT(.rel.*))

.rela.dyn
 *(SORT_BY_ALIGNMENT(.rela.*))

/DISCARD/
 *(SORT_BY_ALIGNMENT(.plt))
 *(SORT_BY_ALIGNMENT(.iplt))
 *(SORT_BY_ALIGNMENT(.got.plt))
 *(SORT_BY_ALIGNMENT(.igot.plt))
 *(SORT_BY_ALIGNMENT(.got))
 *(SORT_BY_ALIGNMENT(.igot))
 *(SORT_BY_ALIGNMENT(.note.GNU-stack))
                0x00000000                _image_rom_start = 0x0

rom_start       0x00000000      0x144
                0x00000000                . = 0x0
                0x00000000                . = ALIGN (0x4)
                0x00000000                _vector_start = .
 *(SORT_BY_ALIGNMENT(.exc_vector_table))
 *(SORT_BY_ALIGNMENT(.exc_vector_table.*))
 .exc_vector_table._vector_table_section
                0x00000000       0x40 zephyr/arch/arch/arm/core/aarch32/cortex_m/libarch__arm__core__aarch32__cortex_m.a(vector_table.S.obj)
                0x00000000                _vector_table
 *(SORT_BY_ALIGNMENT(.gnu.linkonce.irq_vector_table))
 .gnu.linkonce.irq_vector_table
                0x00000040      0x104 zephyr/arch/common/libarch__common.a(isr_tables.c.obj)
                0x00000040                _irq_vector_table
 *(SORT_BY_ALIGNMENT(.vectors))
                0x00000144                _vector_end = .
 *(SORT_BY_ALIGNMENT(.openocd_dbg))
 *(SORT_BY_ALIGNMENT(.openocd_dbg.*))

text            0x00000144     0x35c6
                0x00000144                _image_text_start = .
 *(SORT_BY_ALIGNMENT(.text))
 .text          0x00000144       0x30 c:/users/imanol/ncs/v1.3.1/toolchain/opt/bin/../lib/gcc/arm-none-eabi/9.2.1/thumb/v8-m.main/nofp\libgcc.a(_aeabi_uldivmod.o)
                0x00000144                __aeabi_uldivmod
 .text          0x00000174      0x2c8 c:/users/imanol/ncs/v1.3.1/toolchain/opt/bin/../lib/gcc/arm-none-eabi/9.2.1/thumb/v8-m.main/nofp\libgcc.a(_udivmoddi4.o)
                0x00000174                __udivmoddi4
 .text          0x0000043c        0x4 c:/users/imanol/ncs/v1.3.1/toolchain/opt/bin/../lib/gcc/arm-none-eabi/9.2.1/thumb/v8-m.main/nofp\libgcc.a(_dvmd_tls.o)
                0x0000043c                __aeabi_idiv0
                0x0000043c                __aeabi_ldiv0
 *(SORT_BY_ALIGNMENT(.text.*))
 .text.main     0x00000440       0x88 app/libapp.a(main.c.obj)
                0x00000440                main
 .text.char_out
                0x000004c8       0x10 zephyr/libzephyr.a(printk.c.obj)
 .text._printk_dec_ulong
                0x000004d8       0x9c zephyr/libzephyr.a(printk.c.obj)
 .text.__printk_hook_install
                0x00000574        0xc zephyr/libzephyr.a(printk.c.obj)
                0x00000574                __printk_hook_install
 .text.z_vprintk
                0x00000580      0x328 zephyr/libzephyr.a(printk.c.obj)
                0x00000580                z_vprintk
 .text.vprintk  0x000008a8       0x1c zephyr/libzephyr.a(printk.c.obj)
                0x000008a8                vprintk
 .text.nordicsemi_nrf91_init
                0x000008c4       0x28 zephyr/libzephyr.a(soc.c.obj)
 .text.arch_busy_wait
                0x000008ec       0x14 zephyr/libzephyr.a(soc.c.obj)
                0x000008ec                arch_busy_wait
 .text.uart_console_init
                0x00000900       0x2c zephyr/libzephyr.a(uart_console.c.obj)
 .text.console_out
                0x0000092c       0x28 zephyr/libzephyr.a(uart_console.c.obj)
 .text.clkstarted_handle.constprop.0
                0x00000954       0x50 zephyr/libzephyr.a(nrf_power_clock.c.obj)
 .text.nrf_power_clock_isr
                0x000009a4       0x54 zephyr/libzephyr.a(nrf_power_clock.c.obj)
                0x000009a4                nrf_power_clock_isr
 .text.handle_next_tick_case
                0x000009f8       0x28 zephyr/libzephyr.a(nrf_rtc_timer.c.obj)
 .text.rtc1_nrf_isr
                0x00000a20       0x24 zephyr/libzephyr.a(nrf_rtc_timer.c.obj)
                0x00000a20                rtc1_nrf_isr
 .text.z_clock_driver_init
                0x00000a44       0x68 zephyr/libzephyr.a(nrf_rtc_timer.c.obj)
                0x00000a44                z_clock_driver_init
 .text.z_clock_set_timeout
                0x00000aac       0xc8 zephyr/libzephyr.a(nrf_rtc_timer.c.obj)
                0x00000aac                z_clock_set_timeout
 .text.z_clock_elapsed
                0x00000b74       0x34 zephyr/libzephyr.a(nrf_rtc_timer.c.obj)
                0x00000b74                z_clock_elapsed
 .text.nrf_cc310_platform_abort_init
                0x00000ba8        0xc zephyr/libzephyr.a(nrf_cc310_platform_abort_zephyr.c.obj)
                0x00000ba8                nrf_cc310_platform_abort_init
 .text.mutex_unlock
                0x00000bb4       0x20 zephyr/libzephyr.a(nrf_cc310_platform_mutex_zephyr.c.obj)
 .text.mutex_free
                0x00000bd4       0x40 zephyr/libzephyr.a(nrf_cc310_platform_mutex_zephyr.c.obj)
 .text.mutex_init
                0x00000c14       0x68 zephyr/libzephyr.a(nrf_cc310_platform_mutex_zephyr.c.obj)
 .text.mutex_lock
                0x00000c7c       0x34 zephyr/libzephyr.a(nrf_cc310_platform_mutex_zephyr.c.obj)
 .text.nrf_cc310_platform_mutex_init
                0x00000cb0       0x2c zephyr/libzephyr.a(nrf_cc310_platform_mutex_zephyr.c.obj)
                0x00000cb0                nrf_cc310_platform_mutex_init
 .text.arch_swap
                0x00000cdc       0x34 zephyr/arch/arch/arm/core/aarch32/libarch__arm__core__aarch32.a(swap.c.obj)
                0x00000cdc                arch_swap
 .text.arch_irq_enable
                0x00000d10       0x20 zephyr/arch/arch/arm/core/aarch32/libarch__arm__core__aarch32.a(irq_manage.c.obj)
                0x00000d10                arch_irq_enable
 .text.z_arm_irq_priority_set
                0x00000d30       0x2c zephyr/arch/arch/arm/core/aarch32/libarch__arm__core__aarch32.a(irq_manage.c.obj)
                0x00000d30                z_arm_irq_priority_set
 .text.arch_new_thread
                0x00000d5c       0x34 zephyr/arch/arch/arm/core/aarch32/libarch__arm__core__aarch32.a(thread.c.obj)
                0x00000d5c                arch_new_thread
 .text.arch_switch_to_main_thread
                0x00000d90       0x3c zephyr/arch/arch/arm/core/aarch32/libarch__arm__core__aarch32.a(thread.c.obj)
                0x00000d90                arch_switch_to_main_thread
 .text.z_arm_prep_c
                0x00000dcc       0x44 zephyr/arch/arch/arm/core/aarch32/libarch__arm__core__aarch32.a(prep_c.c.obj)
                0x00000dcc                z_arm_prep_c
 .text.z_arm_pendsv
                0x00000e10       0x58 zephyr/arch/arch/arm/core/aarch32/libarch__arm__core__aarch32.a(swap_helper.S.obj)
                0x00000e10                z_arm_pendsv
 .text.z_arm_svc
                0x00000e68       0x20 zephyr/arch/arch/arm/core/aarch32/libarch__arm__core__aarch32.a(swap_helper.S.obj)
                0x00000e68                z_arm_svc
 .text.z_arm_cpu_idle_init
                0x00000e88        0xc zephyr/arch/arch/arm/core/aarch32/libarch__arm__core__aarch32.a(cpu_idle.S.obj)
                0x00000e88                z_arm_cpu_idle_init
 .text.arch_cpu_idle
                0x00000e94       0x1c zephyr/arch/arch/arm/core/aarch32/libarch__arm__core__aarch32.a(cpu_idle.S.obj)
                0x00000e94                arch_cpu_idle
 .text.z_SysNmiOnReset
                0x00000eb0        0x8 zephyr/arch/arch/arm/core/aarch32/libarch__arm__core__aarch32.a(nmi_on_reset.S.obj)
                0x00000eb0                z_SysNmiOnReset
 .text._isr_wrapper
                0x00000eb8       0x40 zephyr/arch/arch/arm/core/aarch32/libarch__arm__core__aarch32.a(isr_wrapper.S.obj)
                0x00000eb8                _isr_wrapper
 .text._reset_section
                0x00000ef8       0x30 zephyr/arch/arch/arm/core/aarch32/cortex_m/libarch__arm__core__aarch32__cortex_m.a(reset.S.obj)
                0x00000ef8                __start
                0x00000ef8                z_arm_reset
 .text.__fault  0x00000f28       0x14 zephyr/arch/arch/arm/core/aarch32/cortex_m/libarch__arm__core__aarch32__cortex_m.a(fault_s.S.obj)
                0x00000f28                z_arm_usage_fault
                0x00000f28                z_arm_mpu_fault
                0x00000f28                z_arm_exc_spurious
                0x00000f28                z_arm_debug_monitor
                0x00000f28                z_arm_hard_fault
                0x00000f28                z_arm_bus_fault
 .text._HandlerModeExit
                0x00000f3c       0x1c zephyr/arch/arch/arm/core/aarch32/cortex_m/libarch__arm__core__aarch32__cortex_m.a(exc_exit.S.obj)
                0x00000f3c                z_arm_int_exit
                0x00000f3c                z_arm_exc_exit
 .text.mem_manage_fault.isra.0
                0x00000f58       0x38 zephyr/arch/arch/arm/core/aarch32/cortex_m/libarch__arm__core__aarch32__cortex_m.a(fault.c.obj)
 .text.bus_fault.isra.0
                0x00000f90       0x3c zephyr/arch/arch/arm/core/aarch32/cortex_m/libarch__arm__core__aarch32__cortex_m.a(fault.c.obj)
 .text.usage_fault.isra.0
                0x00000fcc       0x2c zephyr/arch/arch/arm/core/aarch32/cortex_m/libarch__arm__core__aarch32__cortex_m.a(fault.c.obj)
 .text.z_arm_fault
                0x00000ff8       0xe8 zephyr/arch/arch/arm/core/aarch32/cortex_m/libarch__arm__core__aarch32__cortex_m.a(fault.c.obj)
                0x00000ff8                z_arm_fault
 .text.z_arm_fault_init
                0x000010e0       0x18 zephyr/arch/arch/arm/core/aarch32/cortex_m/libarch__arm__core__aarch32__cortex_m.a(fault.c.obj)
                0x000010e0                z_arm_fault_init
 .text.sys_arch_reboot
                0x000010f8       0x24 zephyr/arch/arch/arm/core/aarch32/cortex_m/libarch__arm__core__aarch32__cortex_m.a(scb.c.obj)
                0x000010f8                sys_arch_reboot
 .text.z_arm_interrupt_init
                0x0000111c       0x18 zephyr/arch/arch/arm/core/aarch32/cortex_m/libarch__arm__core__aarch32__cortex_m.a(irq_init.c.obj)
                0x0000111c                z_arm_interrupt_init
 .text.z_impl_k_thread_abort
                0x00001134       0x4c zephyr/arch/arch/arm/core/aarch32/cortex_m/libarch__arm__core__aarch32__cortex_m.a(thread_abort.c.obj)
                0x00001134                z_impl_k_thread_abort
 .text.z_arm_configure_static_mpu_regions
                0x00001180       0x54 zephyr/arch/arch/arm/core/aarch32/cortex_m/mpu/libarch__arm__core__aarch32__cortex_m__mpu.a(arm_core_mpu.c.obj)
                0x00001180                z_arm_configure_static_mpu_regions
 .text.region_init
                0x000011d4       0x30 zephyr/arch/arch/arm/core/aarch32/cortex_m/mpu/libarch__arm__core__aarch32__cortex_m__mpu.a(arm_mpu.c.obj)
 .text.mpu_configure_regions_and_partition.constprop.0
                0x00001204      0x13c zephyr/arch/arch/arm/core/aarch32/cortex_m/mpu/libarch__arm__core__aarch32__cortex_m__mpu.a(arm_mpu.c.obj)
 .text.arm_core_mpu_enable
                0x00001340       0x14 zephyr/arch/arch/arm/core/aarch32/cortex_m/mpu/libarch__arm__core__aarch32__cortex_m__mpu.a(arm_mpu.c.obj)
                0x00001340                arm_core_mpu_enable
 .text.arm_core_mpu_disable
                0x00001354       0x10 zephyr/arch/arch/arm/core/aarch32/cortex_m/mpu/libarch__arm__core__aarch32__cortex_m__mpu.a(arm_mpu.c.obj)
                0x00001354                arm_core_mpu_disable
 .text.arm_mpu_init
                0x00001364       0x4c zephyr/arch/arch/arm/core/aarch32/cortex_m/mpu/libarch__arm__core__aarch32__cortex_m__mpu.a(arm_mpu.c.obj)
 .text.arm_core_mpu_configure_static_mpu_regions
                0x000013b0       0x14 zephyr/arch/arch/arm/core/aarch32/cortex_m/mpu/libarch__arm__core__aarch32__cortex_m__mpu.a(arm_mpu.c.obj)
                0x000013b0                arm_core_mpu_configure_static_mpu_regions
 .text.arm_core_mpu_mark_areas_for_dynamic_regions
                0x000013c4       0xac zephyr/arch/arch/arm/core/aarch32/cortex_m/mpu/libarch__arm__core__aarch32__cortex_m__mpu.a(arm_mpu.c.obj)
                0x000013c4                arm_core_mpu_mark_areas_for_dynamic_regions
 .text.__stdout_hook_install
                0x00001470        0xc zephyr/lib/libc/minimal/liblib__libc__minimal.a(stdout_console.c.obj)
                0x00001470                __stdout_hook_install
 .text.gpio_nrfx_init
                0x0000147c       0x30 zephyr/drivers/gpio/libdrivers__gpio.a(gpio_nrfx.c.obj)
 .text.gpio_nrfx_config
                0x000014ac       0xb8 zephyr/drivers/gpio/libdrivers__gpio.a(gpio_nrfx.c.obj)
 .text.gpiote_pin_int_cfg
                0x00001564      0x140 zephyr/drivers/gpio/libdrivers__gpio.a(gpio_nrfx.c.obj)
 .text.gpio_nrfx_pin_interrupt_configure
                0x000016a4       0x90 zephyr/drivers/gpio/libdrivers__gpio.a(gpio_nrfx.c.obj)
 .text.gpiote_event_handler
                0x00001734      0x154 zephyr/drivers/gpio/libdrivers__gpio.a(gpio_nrfx.c.obj)
 .text.uarte_nrfx_configure
                0x00001888      0x168 zephyr/drivers/serial/libdrivers__serial.a(uart_nrfx_uarte.c.obj)
 .text.uarte_instance_init.isra.0
                0x000019f0       0x98 zephyr/drivers/serial/libdrivers__serial.a(uart_nrfx_uarte.c.obj)
 .text.uarte_0_init
                0x00001a88       0x20 zephyr/drivers/serial/libdrivers__serial.a(uart_nrfx_uarte.c.obj)
 .text.uarte_1_init
                0x00001aa8       0x20 zephyr/drivers/serial/libdrivers__serial.a(uart_nrfx_uarte.c.obj)
 .text.nrf91_errata_6
                0x00001ac8       0x20 modules/nordic/lib..__modules__hal__nordic.a(system_nrf9160.c.obj)
 .text.nrf91_errata_14
                0x00001ae8       0x1c modules/nordic/lib..__modules__hal__nordic.a(system_nrf9160.c.obj)
 .text.SystemInit
                0x00001b04      0x14c modules/nordic/lib..__modules__hal__nordic.a(system_nrf9160.c.obj)
                0x00001b04                SystemInit
 .text.z_sys_init_run_level
                0x00001c50       0x2c zephyr/kernel/libkernel.a(device.c.obj)
                0x00001c50                z_sys_init_run_level
 .text.z_impl_device_get_binding
                0x00001c7c       0x48 zephyr/kernel/libkernel.a(device.c.obj)
                0x00001c7c                z_impl_device_get_binding
 .text.idle     0x00001cc4       0x34 zephyr/kernel/libkernel.a(idle.c.obj)
                0x00001cc4                idle
 .text.z_bss_zero
                0x00001cf8       0x14 zephyr/kernel/libkernel.a(init.c.obj)
                0x00001cf8                z_bss_zero
 .text.z_data_copy
                0x00001d0c       0x34 zephyr/kernel/libkernel.a(init.c.obj)
                0x00001d0c                z_data_copy
 .text.bg_thread_main
                0x00001d40       0x48 zephyr/kernel/libkernel.a(init.c.obj)
 .text.z_cstart
                0x00001d88      0x108 zephyr/kernel/libkernel.a(init.c.obj)
                0x00001d88                z_cstart
 .text.init_mem_slab_module
                0x00001e90       0x44 zephyr/kernel/libkernel.a(mem_slab.c.obj)
 .text.k_mem_slab_alloc
                0x00001ed4       0x64 zephyr/kernel/libkernel.a(mem_slab.c.obj)
                0x00001ed4                k_mem_slab_alloc
 .text.k_mem_slab_free
                0x00001f38       0x54 zephyr/kernel/libkernel.a(mem_slab.c.obj)
                0x00001f38                k_mem_slab_free
 .text.z_impl_k_mutex_lock
                0x00001f8c       0xf0 zephyr/kernel/libkernel.a(mutex.c.obj)
                0x00001f8c                z_impl_k_mutex_lock
 .text.z_impl_k_mutex_unlock
                0x0000207c       0x8c zephyr/kernel/libkernel.a(mutex.c.obj)
                0x0000207c                z_impl_k_mutex_unlock
 .text.z_reset_time_slice
                0x00002108       0x2c zephyr/kernel/libkernel.a(sched.c.obj)
                0x00002108                z_reset_time_slice
 .text.k_sched_time_slice_set
                0x00002134       0x58 zephyr/kernel/libkernel.a(sched.c.obj)
                0x00002134                k_sched_time_slice_set
 .text.k_sched_lock
                0x0000218c       0x28 zephyr/kernel/libkernel.a(sched.c.obj)
                0x0000218c                k_sched_lock
 .text.z_priq_dumb_remove
                0x000021b4       0x2c zephyr/kernel/libkernel.a(sched.c.obj)
                0x000021b4                z_priq_dumb_remove
 .text.update_cache
                0x000021e0       0x48 zephyr/kernel/libkernel.a(sched.c.obj)
 .text.k_sched_unlock
                0x00002228       0x38 zephyr/kernel/libkernel.a(sched.c.obj)
                0x00002228                k_sched_unlock
 .text.ready_thread
                0x00002260       0x68 zephyr/kernel/libkernel.a(sched.c.obj)
 .text.z_sched_start
                0x000022c8       0x3c zephyr/kernel/libkernel.a(sched.c.obj)
                0x000022c8                z_sched_start
 .text.z_move_thread_to_end_of_prio_q
                0x00002304       0x8c zephyr/kernel/libkernel.a(sched.c.obj)
                0x00002304                z_move_thread_to_end_of_prio_q
 .text.z_time_slice
                0x00002390       0x6c zephyr/kernel/libkernel.a(sched.c.obj)
                0x00002390                z_time_slice
 .text.z_impl_k_thread_suspend
                0x000023fc       0x68 zephyr/kernel/libkernel.a(sched.c.obj)
                0x000023fc                z_impl_k_thread_suspend
 .text.z_thread_single_abort
                0x00002464       0xb8 zephyr/kernel/libkernel.a(sched.c.obj)
                0x00002464                z_thread_single_abort
 .text.unready_thread
                0x0000251c       0x34 zephyr/kernel/libkernel.a(sched.c.obj)
 .text.z_tick_sleep.part.0
                0x00002550       0x5c zephyr/kernel/libkernel.a(sched.c.obj)
 .text.pend     0x000025ac       0x4c zephyr/kernel/libkernel.a(sched.c.obj)
 .text.z_pend_curr
                0x000025f8       0x28 zephyr/kernel/libkernel.a(sched.c.obj)
                0x000025f8                z_pend_curr
 .text.z_set_prio
                0x00002620       0x88 zephyr/kernel/libkernel.a(sched.c.obj)
                0x00002620                z_set_prio
 .text.z_sched_init
                0x000026a8       0x18 zephyr/kernel/libkernel.a(sched.c.obj)
                0x000026a8                z_sched_init
 .text.z_impl_k_yield
                0x000026c0       0x9c zephyr/kernel/libkernel.a(sched.c.obj)
                0x000026c0                z_impl_k_yield
 .text.z_impl_k_sleep
                0x0000275c       0x40 zephyr/kernel/libkernel.a(sched.c.obj)
                0x0000275c                z_impl_k_sleep
 .text.z_impl_k_current_get
                0x0000279c        0xc zephyr/kernel/libkernel.a(sched.c.obj)
                0x0000279c                z_impl_k_current_get
 .text.z_setup_new_thread
                0x000027a8       0x4c zephyr/kernel/libkernel.a(thread.c.obj)
                0x000027a8                z_setup_new_thread
 .text.z_init_static_threads
                0x000027f4       0xc4 zephyr/kernel/libkernel.a(thread.c.obj)
                0x000027f4                z_init_static_threads
 .text.elapsed  0x000028b8       0x14 zephyr/kernel/libkernel.a(timeout.c.obj)
 .text.remove_timeout
                0x000028cc       0x28 zephyr/kernel/libkernel.a(timeout.c.obj)
 .text.next_timeout
                0x000028f4       0x38 zephyr/kernel/libkernel.a(timeout.c.obj)
 .text.z_add_timeout
                0x0000292c       0xf4 zephyr/kernel/libkernel.a(timeout.c.obj)
                0x0000292c                z_add_timeout
 .text.z_clock_announce
                0x00002a20       0xa8 zephyr/kernel/libkernel.a(timeout.c.obj)
                0x00002a20                z_clock_announce
 .text.z_tick_get
                0x00002ac8       0x34 zephyr/kernel/libkernel.a(timeout.c.obj)
                0x00002ac8                z_tick_get
 .text.statics_init
                0x00002afc       0x24 zephyr/kernel/libkernel.a(kheap.c.obj)
 .text.nrf_cc310_platform_init_no_rng
                0x00002b20       0x34 C:/Users/Imanol/ncs/v1.3.1/nrfxlib/crypto/nrf_cc310_platform/lib/cortex-m33/soft-float/no-interrupts/libnrf_cc310_platform_0.9.2.a(nrf_cc310_platform.c.obj)
                0x00002b20                nrf_cc310_platform_init_no_rng
 .text.nrf_cc310_platform_abort
                0x00002b54       0x24 C:/Users/Imanol/ncs/v1.3.1/nrfxlib/crypto/nrf_cc310_platform/lib/cortex-m33/soft-float/no-interrupts/libnrf_cc310_platform_0.9.2.a(nrf_cc310_platform_abort.c.obj)
 .text.CC_PalAbort
                0x00002b78        0xc C:/Users/Imanol/ncs/v1.3.1/nrfxlib/crypto/nrf_cc310_platform/lib/cortex-m33/soft-float/no-interrupts/libnrf_cc310_platform_0.9.2.a(nrf_cc310_platform_abort.c.obj)
                0x00002b78                CC_PalAbort
 .text.nrf_cc310_platform_set_abort
                0x00002b84       0x10 C:/Users/Imanol/ncs/v1.3.1/nrfxlib/crypto/nrf_cc310_platform/lib/cortex-m33/soft-float/no-interrupts/libnrf_cc310_platform_0.9.2.a(nrf_cc310_platform_abort.c.obj)
                0x00002b84                nrf_cc310_platform_set_abort
 .text.mutex_free
                0x00002b94        0x4 C:/Users/Imanol/ncs/v1.3.1/nrfxlib/crypto/nrf_cc310_platform/lib/cortex-m33/soft-float/no-interrupts/libnrf_cc310_platform_0.9.2.a(nrf_cc310_platform_mutex.c.obj)
 .text.mutex_unlock
                0x00002b98       0x24 C:/Users/Imanol/ncs/v1.3.1/nrfxlib/crypto/nrf_cc310_platform/lib/cortex-m33/soft-float/no-interrupts/libnrf_cc310_platform_0.9.2.a(nrf_cc310_platform_mutex.c.obj)
 .text.mutex_init
                0x00002bbc       0x1c C:/Users/Imanol/ncs/v1.3.1/nrfxlib/crypto/nrf_cc310_platform/lib/cortex-m33/soft-float/no-interrupts/libnrf_cc310_platform_0.9.2.a(nrf_cc310_platform_mutex.c.obj)
 .text.mutex_lock
                0x00002bd8       0x1c C:/Users/Imanol/ncs/v1.3.1/nrfxlib/crypto/nrf_cc310_platform/lib/cortex-m33/soft-float/no-interrupts/libnrf_cc310_platform_0.9.2.a(nrf_cc310_platform_mutex.c.obj)
 .text.nrf_cc310_platform_set_mutexes
                0x00002bf4       0x38 C:/Users/Imanol/ncs/v1.3.1/nrfxlib/crypto/nrf_cc310_platform/lib/cortex-m33/soft-float/no-interrupts/libnrf_cc310_platform_0.9.2.a(nrf_cc310_platform_mutex.c.obj)
                0x00002bf4                nrf_cc310_platform_set_mutexes
 .text.CC_LibInitNoRng
                0x00002c2c       0x6c C:/Users/Imanol/ncs/v1.3.1/nrfxlib/crypto/nrf_cc310_platform/lib/cortex-m33/soft-float/no-interrupts/libnrf_cc310_platform_0.9.2.a(cc_lib.c.obj)
                0x00002c2c                CC_LibInitNoRng
 .text.CC_HalInit
                0x00002c98        0x4 C:/Users/Imanol/ncs/v1.3.1/nrfxlib/crypto/nrf_cc310_platform/lib/cortex-m33/soft-float/no-interrupts/libnrf_cc310_platform_0.9.2.a(cc_hal.c.obj)
                0x00002c98                CC_HalInit
 .text.CC_HalTerminate
                0x00002c9c        0x4 C:/Users/Imanol/ncs/v1.3.1/nrfxlib/crypto/nrf_cc310_platform/lib/cortex-m33/soft-float/no-interrupts/libnrf_cc310_platform_0.9.2.a(cc_hal.c.obj)
                0x00002c9c                CC_HalTerminate
 .text.CC_HalMaskInterrupt
                0x00002ca0        0xc C:/Users/Imanol/ncs/v1.3.1/nrfxlib/crypto/nrf_cc310_platform/lib/cortex-m33/soft-float/no-interrupts/libnrf_cc310_platform_0.9.2.a(cc_hal.c.obj)
                0x00002ca0                CC_HalMaskInterrupt
 .text.CC_PalInit
                0x00002cac       0x5c C:/Users/Imanol/ncs/v1.3.1/nrfxlib/crypto/nrf_cc310_platform/lib/cortex-m33/soft-float/no-interrupts/libnrf_cc310_platform_0.9.2.a(cc_pal.c.obj)
                0x00002cac                CC_PalInit
 .text.CC_PalTerminate
                0x00002d08       0x34 C:/Users/Imanol/ncs/v1.3.1/nrfxlib/crypto/nrf_cc310_platform/lib/cortex-m33/soft-float/no-interrupts/libnrf_cc310_platform_0.9.2.a(cc_pal.c.obj)
                0x00002d08                CC_PalTerminate
 .text.CC_PalDmaInit
                0x00002d3c        0x4 C:/Users/Imanol/ncs/v1.3.1/nrfxlib/crypto/nrf_cc310_platform/lib/cortex-m33/soft-float/no-interrupts/libnrf_cc310_platform_0.9.2.a(cc_pal_dma.c.obj)
                0x00002d3c                CC_PalDmaInit
 .text.CC_PalDmaTerminate
                0x00002d40        0x4 C:/Users/Imanol/ncs/v1.3.1/nrfxlib/crypto/nrf_cc310_platform/lib/cortex-m33/soft-float/no-interrupts/libnrf_cc310_platform_0.9.2.a(cc_pal_dma.c.obj)
                0x00002d40                CC_PalDmaTerminate
 .text.CC_PalMutexCreate
                0x00002d44       0x14 C:/Users/Imanol/ncs/v1.3.1/nrfxlib/crypto/nrf_cc310_platform/lib/cortex-m33/soft-float/no-interrupts/libnrf_cc310_platform_0.9.2.a(cc_pal_mutex.c.obj)
                0x00002d44                CC_PalMutexCreate
 .text.CC_PalMutexDestroy
                0x00002d58       0x14 C:/Users/Imanol/ncs/v1.3.1/nrfxlib/crypto/nrf_cc310_platform/lib/cortex-m33/soft-float/no-interrupts/libnrf_cc310_platform_0.9.2.a(cc_pal_mutex.c.obj)
                0x00002d58                CC_PalMutexDestroy
 .text.CC_PalPowerSaveModeInit
                0x00002d6c       0x3c C:/Users/Imanol/ncs/v1.3.1/nrfxlib/crypto/nrf_cc310_platform/lib/cortex-m33/soft-float/no-interrupts/libnrf_cc310_platform_0.9.2.a(cc_pal_pm.c.obj)
                0x00002d6c                CC_PalPowerSaveModeInit
 .text.CC_PalPowerSaveModeSelect
                0x00002da8       0x84 C:/Users/Imanol/ncs/v1.3.1/nrfxlib/crypto/nrf_cc310_platform/lib/cortex-m33/soft-float/no-interrupts/libnrf_cc310_platform_0.9.2.a(cc_pal_pm.c.obj)
                0x00002da8                CC_PalPowerSaveModeSelect
 .text.gpio_pin_configure
                0x00002e2c       0x26 app/libapp.a(main.c.obj)
 .text.arch_printk_char_out
                0x00002e52        0x4 zephyr/libzephyr.a(printk.c.obj)
                0x00002e52                arch_printk_char_out
 .text.print_err
                0x00002e56       0x1c zephyr/libzephyr.a(printk.c.obj)
 .text.printk   0x00002e72       0x1a zephyr/libzephyr.a(printk.c.obj)
                0x00002e72                printk
 .text.z_thread_entry
                0x00002e8c       0x14 zephyr/libzephyr.a(thread_entry.c.obj)
                0x00002e8c                z_thread_entry
 .text.chunk_field
                0x00002ea0       0x18 zephyr/libzephyr.a(heap.c.obj)
 .text.chunk_set
                0x00002eb8       0x1a zephyr/libzephyr.a(heap.c.obj)
 .text.free_list_add
                0x00002ed2       0x9a zephyr/libzephyr.a(heap.c.obj)
 .text.sys_heap_init
                0x00002f6c       0x88 zephyr/libzephyr.a(heap.c.obj)
                0x00002f6c                sys_heap_init
 .text._ConfigAbsSyms
                0x00002ff4        0x2 zephyr/libzephyr.a(configs.c.obj)
                0x00002ff4                _ConfigAbsSyms
 .text.z_platform_init
                0x00002ff6        0x4 zephyr/libzephyr.a(soc.c.obj)
                0x00002ff6                z_platform_init
 .text.get_status
                0x00002ffa       0x1c zephyr/libzephyr.a(nrf_power_clock.c.obj)
 .text.clock_stop
                0x00003016       0x52 zephyr/libzephyr.a(nrf_power_clock.c.obj)
 .text.clock_async_start
                0x00003068       0xc8 zephyr/libzephyr.a(nrf_power_clock.c.obj)
 .text.clock_start
                0x00003130        0x6 zephyr/libzephyr.a(nrf_power_clock.c.obj)
 .text.clk_init
                0x00003136       0x34 zephyr/libzephyr.a(nrf_power_clock.c.obj)
 .text.z_clock_isr
                0x0000316a        0x2 zephyr/libzephyr.a(sys_clock_init.c.obj)
                0x0000316a                z_clock_isr
 .text.z_clock_idle_exit
                0x0000316c        0x2 zephyr/libzephyr.a(sys_clock_init.c.obj)
                0x0000316c                z_clock_idle_exit
 .text.abort_function
                0x0000316e        0x2 zephyr/libzephyr.a(nrf_cc310_platform_abort_zephyr.c.obj)
 .text.z_irq_spurious
                0x00003170        0x8 zephyr/arch/arch/arm/core/aarch32/libarch__arm__core__aarch32.a(irq_manage.c.obj)
                0x00003170                z_irq_spurious
 .text.configure_builtin_stack_guard
                0x00003178        0x8 zephyr/arch/arch/arm/core/aarch32/libarch__arm__core__aarch32.a(thread.c.obj)
                0x00003178                configure_builtin_stack_guard
 .text.z_arm_fatal_error
                0x00003180        0x4 zephyr/arch/arch/arm/core/aarch32/libarch__arm__core__aarch32.a(fatal.c.obj)
                0x00003180                z_arm_fatal_error
 .text.z_do_kernel_oops
                0x00003184        0x8 zephyr/arch/arch/arm/core/aarch32/libarch__arm__core__aarch32.a(fatal.c.obj)
                0x00003184                z_do_kernel_oops
 .text.z_arm_nmi
                0x0000318c        0xe zephyr/arch/arch/arm/core/aarch32/libarch__arm__core__aarch32.a(nmi.c.obj)
                0x0000318c                z_arm_nmi
 .text.mpu_configure_region
                0x0000319a       0x40 zephyr/arch/arch/arm/core/aarch32/cortex_m/mpu/libarch__arm__core__aarch32__cortex_m__mpu.a(arm_mpu.c.obj)
 .text.arm_cmse_mpu_region_get
                0x000031da       0x12 zephyr/arch/arch/arm/core/aarch32/cortex_m/cmse/libarch__arm__core__aarch32__cortex_m__cmse.a(arm_core_cmse.c.obj)
                0x000031da                arm_cmse_mpu_region_get
 .text.strcmp   0x000031ec       0x18 zephyr/lib/libc/minimal/liblib__libc__minimal.a(string.c.obj)
                0x000031ec                strcmp
 .text.memcpy   0x00003204       0x56 zephyr/lib/libc/minimal/liblib__libc__minimal.a(string.c.obj)
                0x00003204                memcpy
 .text.memset   0x0000325a       0x46 zephyr/lib/libc/minimal/liblib__libc__minimal.a(string.c.obj)
                0x0000325a                memset
 .text._stdout_hook_default
                0x000032a0        0x6 zephyr/lib/libc/minimal/liblib__libc__minimal.a(stdout_console.c.obj)
 .text.gpio_nrfx_port_get_raw
                0x000032a6        0xc zephyr/drivers/gpio/libdrivers__gpio.a(gpio_nrfx.c.obj)
 .text.gpio_nrfx_port_set_masked_raw
                0x000032b2       0x12 zephyr/drivers/gpio/libdrivers__gpio.a(gpio_nrfx.c.obj)
 .text.gpio_nrfx_port_set_bits_raw
                0x000032c4        0xa zephyr/drivers/gpio/libdrivers__gpio.a(gpio_nrfx.c.obj)
 .text.gpio_nrfx_port_clear_bits_raw
                0x000032ce        0xa zephyr/drivers/gpio/libdrivers__gpio.a(gpio_nrfx.c.obj)
 .text.gpio_nrfx_port_toggle_bits
                0x000032d8        0xe zephyr/drivers/gpio/libdrivers__gpio.a(gpio_nrfx.c.obj)
 .text.gpio_nrfx_manage_callback
                0x000032e6       0x56 zephyr/drivers/gpio/libdrivers__gpio.a(gpio_nrfx.c.obj)
 .text.gpio_nrfx_pin_disable_callback
                0x0000333c       0x18 zephyr/drivers/gpio/libdrivers__gpio.a(gpio_nrfx.c.obj)
 .text.gpio_nrfx_pin_enable_callback
                0x00003354       0x16 zephyr/drivers/gpio/libdrivers__gpio.a(gpio_nrfx.c.obj)
 .text.uarte_nrfx_config_get
                0x0000336a       0x10 zephyr/drivers/serial/libdrivers__serial.a(uart_nrfx_uarte.c.obj)
 .text.uarte_nrfx_err_check
                0x0000337a        0xe zephyr/drivers/serial/libdrivers__serial.a(uart_nrfx_uarte.c.obj)
 .text.uarte_nrfx_poll_in
                0x00003388       0x22 zephyr/drivers/serial/libdrivers__serial.a(uart_nrfx_uarte.c.obj)
 .text.uarte_nrfx_poll_out
                0x000033aa       0x7e zephyr/drivers/serial/libdrivers__serial.a(uart_nrfx_uarte.c.obj)
 .text.k_sys_fatal_error_handler
                0x00003428        0x8 modules/nrf/lib/fatal_error/lib..__nrf__lib__fatal_error.a(fatal_error.c.obj)
                0x00003428                k_sys_fatal_error_handler
 .text.hw_cc310_init
                0x00003430       0x12 modules/nrf/drivers/hw_cc310/lib..__nrf__drivers__hw_cc310.a(hw_cc310.c.obj)
 .text.nrfx_busy_wait
                0x00003442        0x4 modules/nordic/lib..__modules__hal__nordic.a(nrfx_glue.c.obj)
                0x00003442                nrfx_busy_wait
 .text.z_fatal_error
                0x00003446       0x36 zephyr/kernel/libkernel.a(fatal.c.obj)
                0x00003446                z_fatal_error
 .text.z_sys_power_save_idle_exit
                0x0000347c        0x4 zephyr/kernel/libkernel.a(idle.c.obj)
                0x0000347c                z_sys_power_save_idle_exit
 .text.k_mem_slab_init
                0x00003480       0x36 zephyr/kernel/libkernel.a(mem_slab.c.obj)
                0x00003480                k_mem_slab_init
 .text.z_impl_k_mutex_init
                0x000034b6        0xe zephyr/kernel/libkernel.a(mutex.c.obj)
                0x000034b6                z_impl_k_mutex_init
 .text.z_reschedule
                0x000034c4       0x16 zephyr/kernel/libkernel.a(sched.c.obj)
                0x000034c4                z_reschedule
 .text.z_reschedule_irqlock
                0x000034da       0x18 zephyr/kernel/libkernel.a(sched.c.obj)
                0x000034da                z_reschedule_irqlock
 .text.z_reschedule_unlocked
                0x000034f2       0x14 zephyr/kernel/libkernel.a(sched.c.obj)
 .text.z_priq_dumb_best
                0x00003506       0x14 zephyr/kernel/libkernel.a(sched.c.obj)
                0x00003506                z_priq_dumb_best
 .text.z_ready_thread
                0x0000351a       0x20 zephyr/kernel/libkernel.a(sched.c.obj)
                0x0000351a                z_ready_thread
 .text.z_thread_timeout
                0x0000353a       0x56 zephyr/kernel/libkernel.a(sched.c.obj)
                0x0000353a                z_thread_timeout
 .text.z_remove_thread_from_ready_q
                0x00003590       0x20 zephyr/kernel/libkernel.a(sched.c.obj)
                0x00003590                z_remove_thread_from_ready_q
 .text.add_to_waitq_locked
                0x000035b0       0x56 zephyr/kernel/libkernel.a(sched.c.obj)
 .text.z_unpend_first_thread
                0x00003606       0x5a zephyr/kernel/libkernel.a(sched.c.obj)
                0x00003606                z_unpend_first_thread
 .text.k_is_in_isr
                0x00003660        0xc zephyr/kernel/libkernel.a(thread.c.obj)
                0x00003660                k_is_in_isr
 .text.z_impl_k_busy_wait
                0x0000366c        0x4 zephyr/kernel/libkernel.a(thread.c.obj)
                0x0000366c                z_impl_k_busy_wait
 .text.z_abort_timeout
                0x00003670       0x2c zephyr/kernel/libkernel.a(timeout.c.obj)
                0x00003670                z_abort_timeout
 .text.z_get_next_timeout_expiry
                0x0000369c       0x20 zephyr/kernel/libkernel.a(timeout.c.obj)
                0x0000369c                z_get_next_timeout_expiry
 .text.z_set_timeout_expiry
                0x000036bc       0x34 zephyr/kernel/libkernel.a(timeout.c.obj)
                0x000036bc                z_set_timeout_expiry
 .text.z_tick_get_32
                0x000036f0        0x8 zephyr/kernel/libkernel.a(timeout.c.obj)
                0x000036f0                z_tick_get_32
 .text.k_heap_init
                0x000036f8       0x10 zephyr/kernel/libkernel.a(kheap.c.obj)
                0x000036f8                k_heap_init
 .text._OffsetAbsSyms
                0x00003708        0x2 zephyr/CMakeFiles/offsets.dir/arch/arm/core/offsets/offsets.c.obj
                0x00003708                _OffsetAbsSyms
 *(SORT_BY_ALIGNMENT(.gnu.linkonce.t.*))
 *(SORT_BY_ALIGNMENT(.glue_7t))
 .glue_7t       0x0000370a        0x0 linker stubs
 *(SORT_BY_ALIGNMENT(.glue_7))
 .glue_7        0x0000370a        0x0 linker stubs
 *(SORT_BY_ALIGNMENT(.vfp11_veneer))
 .vfp11_veneer  0x0000370a        0x0 linker stubs
 *(SORT_BY_ALIGNMENT(.v4_bx))
 .v4_bx         0x0000370a        0x0 linker stubs
                0x0000370a                _image_text_end = .

.ARM.exidx      0x0000370c        0x8
                0x0000370c                __exidx_start = .
 *(SORT_BY_ALIGNMENT(.ARM.exidx*) SORT_BY_ALIGNMENT(gnu.linkonce.armexidx.*))
 .ARM.exidx     0x0000370c        0x8 c:/users/imanol/ncs/v1.3.1/toolchain/opt/bin/../lib/gcc/arm-none-eabi/9.2.1/thumb/v8-m.main/nofp\libgcc.a(_udivmoddi4.o)
                0x00003714                __exidx_end = .
                0x00003714                _image_rodata_start = .

initlevel       0x00003714       0x58
                0x00003714                __init_start = .
                0x00003714                __init_PRE_KERNEL_1_start = .
 *(SORT_BY_NAME(SORT_BY_ALIGNMENT(.init_PRE_KERNEL_1[0-9])))
 .init_PRE_KERNEL_10
                0x00003714        0x8 zephyr/libzephyr.a(soc.c.obj)
 *(SORT_BY_NAME(SORT_BY_ALIGNMENT(.init_PRE_KERNEL_1[1-9][0-9])))
 .init_PRE_KERNEL_130
                0x0000371c        0x8 zephyr/kernel/libkernel.a(mem_slab.c.obj)
 .init_PRE_KERNEL_130
                0x00003724        0x8 zephyr/kernel/libkernel.a(kheap.c.obj)
 .init_PRE_KERNEL_140
                0x0000372c        0x8 zephyr/arch/arch/arm/core/aarch32/cortex_m/mpu/libarch__arm__core__aarch32__cortex_m__mpu.a(arm_mpu.c.obj)
 .init_PRE_KERNEL_150
                0x00003734        0x8 zephyr/libzephyr.a(nrf_power_clock.c.obj)
 .init_PRE_KERNEL_150
                0x0000373c       0x10 zephyr/drivers/serial/libdrivers__serial.a(uart_nrfx_uarte.c.obj)
 .init_PRE_KERNEL_160
                0x0000374c        0x8 zephyr/libzephyr.a(uart_console.c.obj)
                0x00003754                __init_PRE_KERNEL_2_start = .
 *(SORT_BY_NAME(SORT_BY_ALIGNMENT(.init_PRE_KERNEL_2[0-9])))
 .init_PRE_KERNEL_20
                0x00003754        0x8 zephyr/libzephyr.a(sys_clock_init.c.obj)
 *(SORT_BY_NAME(SORT_BY_ALIGNMENT(.init_PRE_KERNEL_2[1-9][0-9])))
                0x0000375c                __init_POST_KERNEL_start = .
 *(SORT_BY_NAME(SORT_BY_ALIGNMENT(.init_POST_KERNEL[0-9])))
 *(SORT_BY_NAME(SORT_BY_ALIGNMENT(.init_POST_KERNEL[1-9][0-9])))
 .init_POST_KERNEL40
                0x0000375c        0x8 zephyr/drivers/gpio/libdrivers__gpio.a(gpio_nrfx.c.obj)
 .init_POST_KERNEL40
                0x00003764        0x8 modules/nrf/drivers/hw_cc310/lib..__nrf__drivers__hw_cc310.a(hw_cc310.c.obj)
                0x0000376c                __init_APPLICATION_start = .
 *(SORT_BY_NAME(SORT_BY_ALIGNMENT(.init_APPLICATION[0-9])))
 *(SORT_BY_NAME(SORT_BY_ALIGNMENT(.init_APPLICATION[1-9][0-9])))
                0x0000376c                __init_SMP_start = .
 *(SORT_BY_NAME(SORT_BY_ALIGNMENT(.init_SMP[0-9])))
 *(SORT_BY_NAME(SORT_BY_ALIGNMENT(.init_SMP[1-9][0-9])))
                0x0000376c                __init_end = .

sw_isr_table    0x0000376c      0x208
                0x0000376c                . = ALIGN (0x0)
 *(SORT_BY_ALIGNMENT(.gnu.linkonce.sw_isr_table))
 .gnu.linkonce.sw_isr_table
                0x0000376c      0x208 zephyr/arch/common/libarch__common.a(isr_tables.c.obj)
                0x0000376c                _sw_isr_table

initlevel_error
                0x00003714        0x0
 *(SORT_BY_NAME(SORT_BY_ALIGNMENT(.init_[_A-Z0-9]*)))
                0x00000001                ASSERT ((SIZEOF (initlevel_error) == 0x0), Undefined initialization levels used.)

app_shmem_regions
                0x00003974        0x0
                0x00003974                __app_shmem_regions_start = .
 *(SORT_BY_NAME(SORT_BY_ALIGNMENT(.app_regions.*)))
                0x00003974                __app_shmem_regions_end = .

net_l2          0x00003974        0x0
                0x00003974                __net_l2_start = .
 *(SORT_BY_ALIGNMENT(.net_l2.init))
 *(SORT_BY_NAME(SORT_BY_ALIGNMENT(.net_l2.init*)))
                0x00003974                __net_l2_end = .

_bt_channels_area
                0x00003974        0x0
                0x00003974                _bt_l2cap_fixed_chan_list_start = .
 *(SORT_BY_NAME(SORT_BY_ALIGNMENT(._bt_l2cap_fixed_chan.static.*)))
                0x00003974                _bt_l2cap_fixed_chan_list_end = .

_bt_services_area
                0x00003974        0x0
                0x00003974                _bt_gatt_service_static_list_start = .
 *(SORT_BY_NAME(SORT_BY_ALIGNMENT(._bt_gatt_service_static.static.*)))
                0x00003974                _bt_gatt_service_static_list_end = .

log_const_sections
                0x00003974        0x0
                0x00003974                __log_const_start = .
 *(SORT_BY_NAME(SORT_BY_ALIGNMENT(.log_const_*)))
                0x00003974                __log_const_end = .

log_backends_sections
                0x00003974        0x0
                0x00003974                __log_backends_start = .
 *(SORT_BY_ALIGNMENT(._log_backend.*))
                0x00003974                __log_backends_end = .

shell_sections  0x00003974        0x0
                0x00003974                _shell_list_start = .
 *(SORT_BY_NAME(SORT_BY_ALIGNMENT(._shell.static.*)))
                0x00003974                _shell_list_end = .

shell_root_cmds_sections
                0x00003974        0x0
                0x00003974                __shell_root_cmds_start = .
 *(SORT_BY_NAME(SORT_BY_ALIGNMENT(.shell_root_cmd_*)))
                0x00003974                __shell_root_cmds_end = .

font_entry_sections
                0x00003974        0x0
                0x00003974                __font_entry_start = .
 *(SORT_BY_NAME(SORT_BY_ALIGNMENT(._cfb_font.*)))
                0x00003974                __font_entry_end = .

tracing_backends_sections
                0x00003974        0x0
                0x00003974                _tracing_backend_list_start = .
 *(SORT_BY_ALIGNMENT(._tracing_backend.*))
                0x00003974                _tracing_backend_list_end = .

rodata          0x00003980      0x260
 *(SORT_BY_ALIGNMENT(.rodata))
 .rodata        0x00003980       0x20 zephyr/drivers/serial/libdrivers__serial.a(uart_nrfx_uarte.c.obj)
 *(SORT_BY_ALIGNMENT(.rodata.*))
 .rodata.delay_machine_code.8487
                0x000039a0        0x6 zephyr/libzephyr.a(soc.c.obj)
 *fill*         0x000039a6        0x2 
 .rodata.clock_control_api
                0x000039a8       0x14 zephyr/libzephyr.a(nrf_power_clock.c.obj)
 .rodata.apis   0x000039bc        0x8 zephyr/libzephyr.a(nrf_cc310_platform_abort_zephyr.c.obj)
 .rodata.mutex_apis
                0x000039c4       0x10 zephyr/libzephyr.a(nrf_cc310_platform_mutex_zephyr.c.obj)
 .rodata.mutexes
                0x000039d4       0x14 zephyr/libzephyr.a(nrf_cc310_platform_mutex_zephyr.c.obj)
 .rodata.mpu_config
                0x000039e8        0x8 zephyr/soc/arm/common/cortex_m/libsoc__arm__common__cortex_m.a(arm_mpu_regions.c.obj)
                0x000039e8                mpu_config
 .rodata.mpu_regions
                0x000039f0       0x20 zephyr/soc/arm/common/cortex_m/libsoc__arm__common__cortex_m.a(arm_mpu_regions.c.obj)
 .rodata.gpio_nrfx_drv_api_funcs
                0x00003a10       0x2c zephyr/drivers/gpio/libdrivers__gpio.a(gpio_nrfx.c.obj)
 .rodata.gpio_nrfx_p0_cfg
                0x00003a3c        0xc zephyr/drivers/gpio/libdrivers__gpio.a(gpio_nrfx.c.obj)
 .rodata.uart_nrfx_uarte_driver_api
                0x00003a48       0x14 zephyr/drivers/serial/libdrivers__serial.a(uart_nrfx_uarte.c.obj)
 .rodata.uarte_0z_config
                0x00003a5c        0x8 zephyr/drivers/serial/libdrivers__serial.a(uart_nrfx_uarte.c.obj)
 .rodata.uarte_1z_config
                0x00003a64        0x8 zephyr/drivers/serial/libdrivers__serial.a(uart_nrfx_uarte.c.obj)
 .rodata.levels.8585
                0x00003a6c       0x14 zephyr/kernel/libkernel.a(device.c.obj)
 .rodata._k_neg_eagain
                0x00003a80        0x4 zephyr/kernel/libkernel.a(errno.c.obj)
                0x00003a80                _k_neg_eagain
 .rodata.CSWTCH.6
                0x00003a84       0x1c C:/Users/Imanol/ncs/v1.3.1/nrfxlib/crypto/nrf_cc310_platform/lib/cortex-m33/soft-float/no-interrupts/libnrf_cc310_platform_0.9.2.a(nrf_cc310_platform.c.obj)
 .rodata.mutex_init.str1.4
                0x00003aa0       0x23 C:/Users/Imanol/ncs/v1.3.1/nrfxlib/crypto/nrf_cc310_platform/lib/cortex-m33/soft-float/no-interrupts/libnrf_cc310_platform_0.9.2.a(nrf_cc310_platform_mutex.c.obj)
 *fill*         0x00003ac3        0x1 
 .rodata.mutex_unlock.str1.4
                0x00003ac4       0x1f C:/Users/Imanol/ncs/v1.3.1/nrfxlib/crypto/nrf_cc310_platform/lib/cortex-m33/soft-float/no-interrupts/libnrf_cc310_platform_0.9.2.a(nrf_cc310_platform_mutex.c.obj)
 *fill*         0x00003ae3        0x1 
 .rodata.CC_PalPowerSaveModeInit.str1.4
                0x00003ae4       0x20 C:/Users/Imanol/ncs/v1.3.1/nrfxlib/crypto/nrf_cc310_platform/lib/cortex-m33/soft-float/no-interrupts/libnrf_cc310_platform_0.9.2.a(cc_pal_pm.c.obj)
 .rodata.config
                0x00003b04        0x8 zephyr/libzephyr.a(nrf_power_clock.c.obj)
 .rodata.main.str1.1
                0x00003b0c        0xc app/libapp.a(main.c.obj)
 .rodata.uart_console_init.str1.1
                0x00003b18        0x7 zephyr/libzephyr.a(uart_console.c.obj)
 .rodata.str1.1
                0x00003b1f        0x6 zephyr/libzephyr.a(nrf_power_clock.c.obj)
 .rodata.str1.1
                0x00003b25        0xa zephyr/libzephyr.a(sys_clock_init.c.obj)
 .rodata.z_clock_driver_init.str1.1
                0x00003b2f        0x6 zephyr/libzephyr.a(nrf_rtc_timer.c.obj)
 .rodata.mutex_free.str1.1
                0x00003b2f       0x26 zephyr/libzephyr.a(nrf_cc310_platform_mutex_zephyr.c.obj)
 .rodata.mutex_init.str1.1
                0x00003b55       0x2d zephyr/libzephyr.a(nrf_cc310_platform_mutex_zephyr.c.obj)
 .rodata.str1.1
                0x00003b82        0xf zephyr/soc/arm/common/cortex_m/libsoc__arm__common__cortex_m.a(arm_mpu_regions.c.obj)
 .rodata.str1.1
                0x00003b91        0x7 zephyr/drivers/gpio/libdrivers__gpio.a(gpio_nrfx.c.obj)
 .rodata.str1.1
                0x00003b91        0x7 zephyr/drivers/serial/libdrivers__serial.a(uart_nrfx_uarte.c.obj)
                                  0xe (size before relaxing)
 .rodata.str1.1
                0x00003b98        0xb modules/nrf/drivers/hw_cc310/lib..__nrf__drivers__hw_cc310.a(hw_cc310.c.obj)
 .rodata.bg_thread_main.str1.1
                0x00003ba3       0x37 zephyr/kernel/libkernel.a(init.c.obj)
                                 0x38 (size before relaxing)
 .rodata.z_cstart.str1.1
                0x00003bda        0x5 zephyr/kernel/libkernel.a(init.c.obj)
 *(SORT_BY_ALIGNMENT(.gnu.linkonce.r.*))
                0x00003be0                . = ALIGN (0x4)
 *fill*         0x00003bdf        0x1 
                0x00003be0                _image_rodata_end = .
                0x00003be0                . = ALIGN (_region_min_align)
                0x00003be0                _image_rom_end = .
                0x20000000                . = 0x20000000
                0x20000000                . = ALIGN (_region_min_align)
                0x20000000                _image_ram_start = .

.ramfunc        0x20000000        0x0 load address 0x00003be0
                0x20000000                . = ALIGN (_region_min_align)
                0x20000000                _ramfunc_ram_start = .
 *(SORT_BY_ALIGNMENT(.ramfunc))
 *(SORT_BY_ALIGNMENT(.ramfunc.*))
                0x20000000                . = ALIGN (_region_min_align)
                0x20000000                _ramfunc_ram_end = .
                0x00000000                _ramfunc_ram_size = (_ramfunc_ram_end - _ramfunc_ram_start)
                0x00003be0                _ramfunc_rom_start = LOADADDR (.ramfunc)

datas           0x20000000       0x94 load address 0x00003be0
                0x20000000                __data_ram_start = .
 *(SORT_BY_ALIGNMENT(.data))
 *(SORT_BY_ALIGNMENT(.data.*))
 .data._char_out
                0x20000000        0x4 zephyr/libzephyr.a(printk.c.obj)
                0x20000000                _char_out
 .data.asym_mutex
                0x20000004        0x8 zephyr/libzephyr.a(nrf_cc310_platform_mutex_zephyr.c.obj)
                0x20000004                asym_mutex
 .data.power_mutex
                0x2000000c        0x8 zephyr/libzephyr.a(nrf_cc310_platform_mutex_zephyr.c.obj)
                0x2000000c                power_mutex
 .data.rng_mutex
                0x20000014        0x8 zephyr/libzephyr.a(nrf_cc310_platform_mutex_zephyr.c.obj)
                0x20000014                rng_mutex
 .data.sym_mutex
                0x2000001c        0x8 zephyr/libzephyr.a(nrf_cc310_platform_mutex_zephyr.c.obj)
                0x2000001c                sym_mutex
 .data._stdout_hook
                0x20000024        0x4 zephyr/lib/libc/minimal/liblib__libc__minimal.a(stdout_console.c.obj)
 .data.uarte_0_data
                0x20000028       0x10 zephyr/drivers/serial/libdrivers__serial.a(uart_nrfx_uarte.c.obj)
 .data.uarte_1_data
                0x20000038       0x10 zephyr/drivers/serial/libdrivers__serial.a(uart_nrfx_uarte.c.obj)
 .data.SystemCoreClock
                0x20000048        0x4 modules/nordic/lib..__modules__hal__nordic.a(system_nrf9160.c.obj)
                0x20000048                SystemCoreClock
 .data.timeout_list
                0x2000004c        0x8 zephyr/kernel/libkernel.a(timeout.c.obj)
 .data.platform_abort_apis
                0x20000054        0x8 C:/Users/Imanol/ncs/v1.3.1/nrfxlib/crypto/nrf_cc310_platform/lib/cortex-m33/soft-float/no-interrupts/libnrf_cc310_platform_0.9.2.a(nrf_cc310_platform_abort.c.obj)
                0x20000054                platform_abort_apis
 .data.platform_mutex_apis
                0x2000005c       0x10 C:/Users/Imanol/ncs/v1.3.1/nrfxlib/crypto/nrf_cc310_platform/lib/cortex-m33/soft-float/no-interrupts/libnrf_cc310_platform_0.9.2.a(nrf_cc310_platform_mutex.c.obj)
                0x2000005c                platform_mutex_apis
 .data.platform_mutexes
                0x2000006c       0x14 C:/Users/Imanol/ncs/v1.3.1/nrfxlib/crypto/nrf_cc310_platform/lib/cortex-m33/soft-float/no-interrupts/libnrf_cc310_platform_0.9.2.a(nrf_cc310_platform_mutex.c.obj)
                0x2000006c                platform_mutexes
 .data.CCAsymCryptoMutex
                0x20000080        0x4 C:/Users/Imanol/ncs/v1.3.1/nrfxlib/crypto/nrf_cc310_platform/lib/cortex-m33/soft-float/no-interrupts/libnrf_cc310_platform_0.9.2.a(cc_pal.c.obj)
                0x20000080                CCAsymCryptoMutex
 .data.CCPowerMutex
                0x20000084        0x4 C:/Users/Imanol/ncs/v1.3.1/nrfxlib/crypto/nrf_cc310_platform/lib/cortex-m33/soft-float/no-interrupts/libnrf_cc310_platform_0.9.2.a(cc_pal.c.obj)
                0x20000084                CCPowerMutex
 .data.CCRndCryptoMutex
                0x20000088        0x4 C:/Users/Imanol/ncs/v1.3.1/nrfxlib/crypto/nrf_cc310_platform/lib/cortex-m33/soft-float/no-interrupts/libnrf_cc310_platform_0.9.2.a(cc_pal.c.obj)
                0x20000088                CCRndCryptoMutex
 .data.CCSymCryptoMutex
                0x2000008c        0x4 C:/Users/Imanol/ncs/v1.3.1/nrfxlib/crypto/nrf_cc310_platform/lib/cortex-m33/soft-float/no-interrupts/libnrf_cc310_platform_0.9.2.a(cc_pal.c.obj)
                0x2000008c                CCSymCryptoMutex
 .data.pCCRndCryptoMutex
                0x20000090        0x4 C:/Users/Imanol/ncs/v1.3.1/nrfxlib/crypto/nrf_cc310_platform/lib/cortex-m33/soft-float/no-interrupts/libnrf_cc310_platform_0.9.2.a(cc_pal.c.obj)
                0x20000090                pCCRndCryptoMutex
 *(SORT_BY_ALIGNMENT(.kernel.*))
                0x00003be0                __data_rom_start = LOADADDR (datas)

devices         0x20000094       0x60 load address 0x00003c74
                0x20000094                __device_start = .
                0x20000094                __device_PRE_KERNEL_1_start = .
 *(SORT_BY_NAME(SORT_BY_ALIGNMENT(.device_PRE_KERNEL_1[0-9])))
 *(SORT_BY_NAME(SORT_BY_ALIGNMENT(.device_PRE_KERNEL_1[1-9][0-9])))
 .device_PRE_KERNEL_150
                0x20000094       0x10 zephyr/libzephyr.a(nrf_power_clock.c.obj)
 .device_PRE_KERNEL_150
                0x200000a4       0x20 zephyr/drivers/serial/libdrivers__serial.a(uart_nrfx_uarte.c.obj)
                0x200000c4                __device_PRE_KERNEL_2_start = .
 *(SORT_BY_NAME(SORT_BY_ALIGNMENT(.device_PRE_KERNEL_2[0-9])))
 .device_PRE_KERNEL_20
                0x200000c4       0x10 zephyr/libzephyr.a(sys_clock_init.c.obj)
 *(SORT_BY_NAME(SORT_BY_ALIGNMENT(.device_PRE_KERNEL_2[1-9][0-9])))
                0x200000d4                __device_POST_KERNEL_start = .
 *(SORT_BY_NAME(SORT_BY_ALIGNMENT(.device_POST_KERNEL[0-9])))
 *(SORT_BY_NAME(SORT_BY_ALIGNMENT(.device_POST_KERNEL[1-9][0-9])))
 .device_POST_KERNEL40
                0x200000d4       0x10 zephyr/drivers/gpio/libdrivers__gpio.a(gpio_nrfx.c.obj)
 .device_POST_KERNEL40
                0x200000e4       0x10 modules/nrf/drivers/hw_cc310/lib..__nrf__drivers__hw_cc310.a(hw_cc310.c.obj)
                0x200000f4                __device_APPLICATION_start = .
 *(SORT_BY_NAME(SORT_BY_ALIGNMENT(.device_APPLICATION[0-9])))
 *(SORT_BY_NAME(SORT_BY_ALIGNMENT(.device_APPLICATION[1-9][0-9])))
                0x200000f4                __device_SMP_start = .
 *(SORT_BY_NAME(SORT_BY_ALIGNMENT(.device_SMP[0-9])))
 *(SORT_BY_NAME(SORT_BY_ALIGNMENT(.device_SMP[1-9][0-9])))
                0x200000f4                __device_end = .

initshell       0x200000f4        0x0 load address 0x00003cd4
                0x200000f4                __shell_module_start = .
 *(SORT_BY_ALIGNMENT(.shell_module_*))
                0x200000f4                __shell_module_end = .
                0x200000f4                __shell_cmd_start = .
 *(SORT_BY_ALIGNMENT(.shell_cmd_*))
                0x200000f4                __shell_cmd_end = .

log_dynamic_sections
                0x200000f4        0x0 load address 0x00003cd4
                0x200000f4                __log_dynamic_start = .
 *(SORT_BY_NAME(SORT_BY_ALIGNMENT(.log_dynamic_*)))
                0x200000f4                __log_dynamic_end = .

_static_thread_area
                0x200000f4        0x0 load address 0x00003cd4
                0x200000f4                __static_thread_data_list_start = .
 *(SORT_BY_NAME(SORT_BY_ALIGNMENT(.__static_thread_data.static.*)))
                0x200000f4                __static_thread_data_list_end = .

_k_timer_area   0x200000f4        0x0 load address 0x00003cd4
                0x200000f4                _k_timer_list_start = .
 *(SORT_BY_ALIGNMENT(._k_timer.static.*))
                0x200000f4                _k_timer_list_end = .

_k_mem_slab_area
                0x200000f4        0x0 load address 0x00003cd4
                0x200000f4                _k_mem_slab_list_start = .
 *(SORT_BY_ALIGNMENT(._k_mem_slab.static.*))
                0x200000f4                _k_mem_slab_list_end = .

_k_mem_pool_area
                0x200000f4        0x0 load address 0x00003cd4
                0x200000f4                _k_mem_pool_list_start = .
 *(SORT_BY_ALIGNMENT(._k_mem_pool.static.*))
                0x200000f4                _k_mem_pool_list_end = .

_k_heap_area    0x200000f4        0x0 load address 0x00003cd4
                0x200000f4                _k_heap_list_start = .
 *(SORT_BY_ALIGNMENT(._k_heap.static.*))
                0x200000f4                _k_heap_list_end = .

_k_sem_area     0x200000f4        0x0 load address 0x00003cd4
                0x200000f4                _k_sem_list_start = .
 *(SORT_BY_ALIGNMENT(._k_sem.static.*))
 *(SORT_BY_ALIGNMENT(._sys_sem.static.*))
                0x200000f4                _k_sem_list_end = .

_k_mutex_area   0x200000f4       0x64 load address 0x00003cd4
                0x200000f4                _k_mutex_list_start = .
 *(SORT_BY_ALIGNMENT(._k_mutex.static.*))
 ._k_mutex.static.fdtable_lock
                0x200000f4       0x14 zephyr/libzephyr.a(fdtable.c.obj)
 ._k_mutex.static.asym_mutex_int
                0x20000108       0x14 zephyr/libzephyr.a(nrf_cc310_platform_mutex_zephyr.c.obj)
                0x20000108                asym_mutex_int
 ._k_mutex.static.power_mutex_int
                0x2000011c       0x14 zephyr/libzephyr.a(nrf_cc310_platform_mutex_zephyr.c.obj)
                0x2000011c                power_mutex_int
 ._k_mutex.static.rng_mutex_int
                0x20000130       0x14 zephyr/libzephyr.a(nrf_cc310_platform_mutex_zephyr.c.obj)
                0x20000130                rng_mutex_int
 ._k_mutex.static.sym_mutex_int
                0x20000144       0x14 zephyr/libzephyr.a(nrf_cc310_platform_mutex_zephyr.c.obj)
                0x20000144                sym_mutex_int
                0x20000158                _k_mutex_list_end = .

_k_queue_area   0x20000158        0x0 load address 0x00003d38
                0x20000158                _k_queue_list_start = .
 *(SORT_BY_ALIGNMENT(._k_queue.static.*))
 *(SORT_BY_ALIGNMENT(._k_fifo.static.*))
 *(SORT_BY_ALIGNMENT(._k_lifo.static.*))
                0x20000158                _k_queue_list_end = .

_k_stack_area   0x20000158        0x0 load address 0x00003d38
                0x20000158                _k_stack_list_start = .
 *(SORT_BY_ALIGNMENT(._k_stack.static.*))
                0x20000158                _k_stack_list_end = .

_k_msgq_area    0x20000158        0x0 load address 0x00003d38
                0x20000158                _k_msgq_list_start = .
 *(SORT_BY_ALIGNMENT(._k_msgq.static.*))
                0x20000158                _k_msgq_list_end = .

_k_mbox_area    0x20000158        0x0 load address 0x00003d38
                0x20000158                _k_mbox_list_start = .
 *(SORT_BY_ALIGNMENT(._k_mbox.static.*))
                0x20000158                _k_mbox_list_end = .

_k_pipe_area    0x20000158        0x0 load address 0x00003d38
                0x20000158                _k_pipe_list_start = .
 *(SORT_BY_ALIGNMENT(._k_pipe.static.*))
                0x20000158                _k_pipe_list_end = .

_net_buf_pool_area
                0x20000158        0x0 load address 0x00003d38
                0x20000158                _net_buf_pool_list = .
 *(SORT_BY_NAME(SORT_BY_ALIGNMENT(._net_buf_pool.static.*)))

net_if          0x20000158        0x0 load address 0x00003d38
                0x20000158                __net_if_start = .
 *(SORT_BY_ALIGNMENT(.net_if.*))
 *(SORT_BY_NAME(SORT_BY_ALIGNMENT(.net_if.*)))
                0x20000158                __net_if_end = .

net_if_dev      0x20000158        0x0 load address 0x00003d38
                0x20000158                __net_if_dev_start = .
 *(SORT_BY_ALIGNMENT(.net_if_dev.*))
 *(SORT_BY_NAME(SORT_BY_ALIGNMENT(.net_if_dev.*)))
                0x20000158                __net_if_dev_end = .

net_l2_data     0x20000158        0x0 load address 0x00003d38
                0x20000158                __net_l2_data_start = .
 *(SORT_BY_ALIGNMENT(.net_l2.data))
 *(SORT_BY_NAME(SORT_BY_ALIGNMENT(.net_l2.data*)))
                0x20000158                __net_l2_data_end = .
                0x20000158                __data_ram_end = .

bss             0x20000158      0x6bf
                0x20000158                . = ALIGN (0x4)
                0x20000158                __bss_start = .
                0x20000158                __kernel_ram_start = .
 *(SORT_BY_ALIGNMENT(.bss))
 *(SORT_BY_ALIGNMENT(.bss.*))
 .bss.curr_tick
                0x20000158        0x8 zephyr/kernel/libkernel.a(timeout.c.obj)
 .bss.lectura   0x20000160        0x4 app/libapp.a(main.c.obj)
                0x20000160                lectura
 .bss.uart_console_dev
                0x20000164        0x4 zephyr/libzephyr.a(uart_console.c.obj)
 .bss.data      0x20000168       0x18 zephyr/libzephyr.a(nrf_power_clock.c.obj)
 .bss.last_count
                0x20000180        0x4 zephyr/libzephyr.a(nrf_rtc_timer.c.obj)
 .bss.mutex_slab
                0x20000184       0x1c zephyr/libzephyr.a(nrf_cc310_platform_mutex_zephyr.c.obj)
                0x20000184                mutex_slab
 .bss.mutex_slab_buffer
                0x200001a0      0x500 zephyr/libzephyr.a(nrf_cc310_platform_mutex_zephyr.c.obj)
                0x200001a0                mutex_slab_buffer
 .bss.dyn_reg_info
                0x200006a0       0x14 zephyr/arch/arch/arm/core/aarch32/cortex_m/mpu/libarch__arm__core__aarch32__cortex_m__mpu.a(arm_mpu.c.obj)
 .bss.gpio_nrfx_p0_data
                0x200006b4       0x20 zephyr/drivers/gpio/libdrivers__gpio.a(gpio_nrfx.c.obj)
 .bss.z_idle_threads
                0x200006d4       0x74 zephyr/kernel/libkernel.a(init.c.obj)
                0x200006d4                z_idle_threads
 .bss.z_main_thread
                0x20000748       0x74 zephyr/kernel/libkernel.a(init.c.obj)
                0x20000748                z_main_thread
 .bss._kernel   0x200007bc       0x30 zephyr/kernel/libkernel.a(sched.c.obj)
                0x200007bc                _kernel
 .bss.pending_current
                0x200007ec        0x4 zephyr/kernel/libkernel.a(sched.c.obj)
 .bss.slice_max_prio
                0x200007f0        0x4 zephyr/kernel/libkernel.a(sched.c.obj)
 .bss.slice_time
                0x200007f4        0x4 zephyr/kernel/libkernel.a(sched.c.obj)
 .bss.announce_remaining
                0x200007f8        0x4 zephyr/kernel/libkernel.a(timeout.c.obj)
 .bss.nrf_cc310_platform_initialized
                0x200007fc        0x4 C:/Users/Imanol/ncs/v1.3.1/nrfxlib/crypto/nrf_cc310_platform/lib/cortex-m33/soft-float/no-interrupts/libnrf_cc310_platform_0.9.2.a(nrf_cc310_platform.c.obj)
 .bss.asym_mutex
                0x20000800        0x4 C:/Users/Imanol/ncs/v1.3.1/nrfxlib/crypto/nrf_cc310_platform/lib/cortex-m33/soft-float/no-interrupts/libnrf_cc310_platform_0.9.2.a(nrf_cc310_platform_mutex.c.obj)
 .bss.power_mutex
                0x20000804        0x4 C:/Users/Imanol/ncs/v1.3.1/nrfxlib/crypto/nrf_cc310_platform/lib/cortex-m33/soft-float/no-interrupts/libnrf_cc310_platform_0.9.2.a(nrf_cc310_platform_mutex.c.obj)
 .bss.rng_mutex
                0x20000808        0x4 C:/Users/Imanol/ncs/v1.3.1/nrfxlib/crypto/nrf_cc310_platform/lib/cortex-m33/soft-float/no-interrupts/libnrf_cc310_platform_0.9.2.a(nrf_cc310_platform_mutex.c.obj)
 .bss.sym_mutex
                0x2000080c        0x4 C:/Users/Imanol/ncs/v1.3.1/nrfxlib/crypto/nrf_cc310_platform/lib/cortex-m33/soft-float/no-interrupts/libnrf_cc310_platform_0.9.2.a(nrf_cc310_platform_mutex.c.obj)
 .bss.use_count
                0x20000810        0x4 C:/Users/Imanol/ncs/v1.3.1/nrfxlib/crypto/nrf_cc310_platform/lib/cortex-m33/soft-float/no-interrupts/libnrf_cc310_platform_0.9.2.a(cc_pal_pm.c.obj)
 .bss.static_regions_num
                0x20000814        0x1 zephyr/arch/arch/arm/core/aarch32/cortex_m/mpu/libarch__arm__core__aarch32__cortex_m__mpu.a(arm_mpu.c.obj)
 .bss.gpio_initialized.9630
                0x20000815        0x1 zephyr/drivers/gpio/libdrivers__gpio.a(gpio_nrfx.c.obj)
 .bss.z_sys_post_kernel
                0x20000816        0x1 zephyr/kernel/libkernel.a(init.c.obj)
                0x20000816                z_sys_post_kernel
 .bss.lock      0x20000817        0x0 zephyr/kernel/libkernel.a(mem_slab.c.obj)
 .bss.lock      0x20000817        0x0 zephyr/kernel/libkernel.a(mutex.c.obj)
 .bss.sched_spinlock
                0x20000817        0x0 zephyr/kernel/libkernel.a(sched.c.obj)
 *(SORT_BY_ALIGNMENT(COMMON))
 *(SORT_BY_ALIGNMENT(.kernel_bss.*))
                0x20000818                __bss_end = ALIGN (0x4)

noinit          0x20000818      0xd40
 *(SORT_BY_ALIGNMENT(.noinit))
 *(SORT_BY_ALIGNMENT(.noinit.*))
 .noinit."WEST_TOPDIR/zephyr/kernel/init.c".2
                0x20000818      0x400 zephyr/kernel/libkernel.a(init.c.obj)
                0x20000818                z_main_stack
 .noinit."WEST_TOPDIR/zephyr/kernel/init.c".3
                0x20000c18      0x140 zephyr/kernel/libkernel.a(init.c.obj)
 .noinit."WEST_TOPDIR/zephyr/kernel/init.c".4
                0x20000d58      0x800 zephyr/kernel/libkernel.a(init.c.obj)
                0x20000d58                z_interrupt_stacks
 *(SORT_BY_ALIGNMENT(.kernel_noinit.*))
                0x20001558                _image_ram_end = .
                0x20001558                _end = .
                0x20010000                __kernel_ram_end = 0x20010000
                0x0000fea8                __kernel_ram_size = (__kernel_ram_end - __kernel_ram_start)

.intList        0x20010000       0x38
 *(SORT_BY_ALIGNMENT(.irq_info))
 .irq_info      0x20010000        0x8 zephyr/arch/common/libarch__common.a(isr_tables.c.obj)
                0x20010000                _iheader
 *(SORT_BY_ALIGNMENT(.intList))
 .intList       0x20010008       0x10 zephyr/libzephyr.a(nrf_power_clock.c.obj)
 .intList       0x20010018       0x10 zephyr/libzephyr.a(nrf_rtc_timer.c.obj)
 .intList       0x20010028       0x10 zephyr/drivers/gpio/libdrivers__gpio.a(gpio_nrfx.c.obj)

.stab
 *(SORT_BY_ALIGNMENT(.stab))

.stabstr
 *(SORT_BY_ALIGNMENT(.stabstr))

.stab.excl
 *(SORT_BY_ALIGNMENT(.stab.excl))

.stab.exclstr
 *(SORT_BY_ALIGNMENT(.stab.exclstr))

.stab.index
 *(SORT_BY_ALIGNMENT(.stab.index))

.stab.indexstr
 *(SORT_BY_ALIGNMENT(.stab.indexstr))

.gnu.build.attributes
 *(SORT_BY_ALIGNMENT(.gnu.build.attributes) SORT_BY_ALIGNMENT(.gnu.build.attributes.*))

.comment        0x00000000       0xf8
 *(SORT_BY_ALIGNMENT(.comment))
 .comment       0x00000000       0x79 app/libapp.a(main.c.obj)
                                 0x7a (size before relaxing)
 .comment       0x00000079       0x7a zephyr/libzephyr.a(fdtable.c.obj)
 .comment       0x00000079       0x7a zephyr/libzephyr.a(printk.c.obj)
 .comment       0x00000079       0x7a zephyr/libzephyr.a(thread_entry.c.obj)
 .comment       0x00000079       0x7a zephyr/libzephyr.a(heap.c.obj)
 .comment       0x00000079       0x7a zephyr/libzephyr.a(configs.c.obj)
 .comment       0x00000079       0x7a zephyr/libzephyr.a(soc.c.obj)
 .comment       0x00000079       0x7a zephyr/libzephyr.a(uart_console.c.obj)
 .comment       0x00000079       0x7a zephyr/libzephyr.a(nrf_power_clock.c.obj)
 .comment       0x00000079       0x7a zephyr/libzephyr.a(sys_clock_init.c.obj)
 .comment       0x00000079       0x7a zephyr/libzephyr.a(nrf_rtc_timer.c.obj)
 .comment       0x00000079       0x7a zephyr/libzephyr.a(nrf_cc310_platform_abort_zephyr.c.obj)
 .comment       0x00000079       0x7a zephyr/libzephyr.a(nrf_cc310_platform_mutex_zephyr.c.obj)
 .comment       0x00000079       0x7a zephyr/arch/common/libarch__common.a(isr_tables.c.obj)
 .comment       0x00000079       0x7a zephyr/arch/arch/arm/core/aarch32/libarch__arm__core__aarch32.a(swap.c.obj)
 .comment       0x00000079       0x7a zephyr/arch/arch/arm/core/aarch32/libarch__arm__core__aarch32.a(irq_manage.c.obj)
 .comment       0x00000079       0x7a zephyr/arch/arch/arm/core/aarch32/libarch__arm__core__aarch32.a(thread.c.obj)
 .comment       0x00000079       0x7a zephyr/arch/arch/arm/core/aarch32/libarch__arm__core__aarch32.a(fatal.c.obj)
 .comment       0x00000079       0x7a zephyr/arch/arch/arm/core/aarch32/libarch__arm__core__aarch32.a(nmi.c.obj)
 .comment       0x00000079       0x7a zephyr/arch/arch/arm/core/aarch32/libarch__arm__core__aarch32.a(prep_c.c.obj)
 .comment       0x00000079       0x7a zephyr/arch/arch/arm/core/aarch32/cortex_m/libarch__arm__core__aarch32__cortex_m.a(fault.c.obj)
 .comment       0x00000079       0x7a zephyr/arch/arch/arm/core/aarch32/cortex_m/libarch__arm__core__aarch32__cortex_m.a(scb.c.obj)
 .comment       0x00000079       0x7a zephyr/arch/arch/arm/core/aarch32/cortex_m/libarch__arm__core__aarch32__cortex_m.a(irq_init.c.obj)
 .comment       0x00000079       0x7a zephyr/arch/arch/arm/core/aarch32/cortex_m/libarch__arm__core__aarch32__cortex_m.a(thread_abort.c.obj)
 .comment       0x00000079       0x7a zephyr/arch/arch/arm/core/aarch32/cortex_m/mpu/libarch__arm__core__aarch32__cortex_m__mpu.a(arm_core_mpu.c.obj)
 .comment       0x00000079       0x7a zephyr/arch/arch/arm/core/aarch32/cortex_m/mpu/libarch__arm__core__aarch32__cortex_m__mpu.a(arm_mpu.c.obj)
 .comment       0x00000079       0x7a zephyr/arch/arch/arm/core/aarch32/cortex_m/cmse/libarch__arm__core__aarch32__cortex_m__cmse.a(arm_core_cmse.c.obj)
 .comment       0x00000079       0x7a zephyr/lib/libc/minimal/liblib__libc__minimal.a(string.c.obj)
 .comment       0x00000079       0x7a zephyr/lib/libc/minimal/liblib__libc__minimal.a(stdout_console.c.obj)
 .comment       0x00000079       0x7a zephyr/soc/arm/common/cortex_m/libsoc__arm__common__cortex_m.a(arm_mpu_regions.c.obj)
 .comment       0x00000079       0x7a zephyr/drivers/gpio/libdrivers__gpio.a(gpio_nrfx.c.obj)
 .comment       0x00000079       0x7a zephyr/drivers/serial/libdrivers__serial.a(uart_nrfx_uarte.c.obj)
 .comment       0x00000079       0x7a modules/nrf/lib/fatal_error/lib..__nrf__lib__fatal_error.a(fatal_error.c.obj)
 .comment       0x00000079       0x7a modules/nrf/drivers/hw_cc310/lib..__nrf__drivers__hw_cc310.a(hw_cc310.c.obj)
 .comment       0x00000079       0x7a modules/nordic/lib..__modules__hal__nordic.a(system_nrf9160.c.obj)
 .comment       0x00000079       0x7a modules/nordic/lib..__modules__hal__nordic.a(nrfx_glue.c.obj)
 .comment       0x00000079       0x7a zephyr/kernel/libkernel.a(device.c.obj)
 .comment       0x00000079       0x7a zephyr/kernel/libkernel.a(errno.c.obj)
 .comment       0x00000079       0x7a zephyr/kernel/libkernel.a(fatal.c.obj)
 .comment       0x00000079       0x7a zephyr/kernel/libkernel.a(idle.c.obj)
 .comment       0x00000079       0x7a zephyr/kernel/libkernel.a(init.c.obj)
 .comment       0x00000079       0x7a zephyr/kernel/libkernel.a(mem_slab.c.obj)
 .comment       0x00000079       0x7a zephyr/kernel/libkernel.a(mutex.c.obj)
 .comment       0x00000079       0x7a zephyr/kernel/libkernel.a(sched.c.obj)
 .comment       0x00000079       0x7a zephyr/kernel/libkernel.a(thread.c.obj)
 .comment       0x00000079       0x7a zephyr/kernel/libkernel.a(timeout.c.obj)
 .comment       0x00000079       0x7a zephyr/kernel/libkernel.a(kheap.c.obj)
 .comment       0x00000079       0x7a zephyr/CMakeFiles/offsets.dir/arch/arm/core/offsets/offsets.c.obj
 .comment       0x00000079       0x7f C:/Users/Imanol/ncs/v1.3.1/nrfxlib/crypto/nrf_cc310_platform/lib/cortex-m33/soft-float/no-interrupts/libnrf_cc310_platform_0.9.2.a(nrf_cc310_platform.c.obj)
                                 0x80 (size before relaxing)
 .comment       0x000000f8       0x80 C:/Users/Imanol/ncs/v1.3.1/nrfxlib/crypto/nrf_cc310_platform/lib/cortex-m33/soft-float/no-interrupts/libnrf_cc310_platform_0.9.2.a(nrf_cc310_platform_abort.c.obj)
 .comment       0x000000f8       0x80 C:/Users/Imanol/ncs/v1.3.1/nrfxlib/crypto/nrf_cc310_platform/lib/cortex-m33/soft-float/no-interrupts/libnrf_cc310_platform_0.9.2.a(nrf_cc310_platform_mutex.c.obj)
 .comment       0x000000f8       0x80 C:/Users/Imanol/ncs/v1.3.1/nrfxlib/crypto/nrf_cc310_platform/lib/cortex-m33/soft-float/no-interrupts/libnrf_cc310_platform_0.9.2.a(cc_lib.c.obj)
 .comment       0x000000f8       0x80 C:/Users/Imanol/ncs/v1.3.1/nrfxlib/crypto/nrf_cc310_platform/lib/cortex-m33/soft-float/no-interrupts/libnrf_cc310_platform_0.9.2.a(cc_hal.c.obj)
 .comment       0x000000f8       0x80 C:/Users/Imanol/ncs/v1.3.1/nrfxlib/crypto/nrf_cc310_platform/lib/cortex-m33/soft-float/no-interrupts/libnrf_cc310_platform_0.9.2.a(cc_pal.c.obj)
 .comment       0x000000f8       0x80 C:/Users/Imanol/ncs/v1.3.1/nrfxlib/crypto/nrf_cc310_platform/lib/cortex-m33/soft-float/no-interrupts/libnrf_cc310_platform_0.9.2.a(cc_pal_dma.c.obj)
 .comment       0x000000f8       0x80 C:/Users/Imanol/ncs/v1.3.1/nrfxlib/crypto/nrf_cc310_platform/lib/cortex-m33/soft-float/no-interrupts/libnrf_cc310_platform_0.9.2.a(cc_pal_mutex.c.obj)
 .comment       0x000000f8       0x80 C:/Users/Imanol/ncs/v1.3.1/nrfxlib/crypto/nrf_cc310_platform/lib/cortex-m33/soft-float/no-interrupts/libnrf_cc310_platform_0.9.2.a(cc_pal_pm.c.obj)

.debug
 *(SORT_BY_ALIGNMENT(.debug))

.line
 *(SORT_BY_ALIGNMENT(.line))

.debug_srcinfo
 *(SORT_BY_ALIGNMENT(.debug_srcinfo))

.debug_sfnames
 *(SORT_BY_ALIGNMENT(.debug_sfnames))

.debug_aranges  0x00000000      0xde0
 *(SORT_BY_ALIGNMENT(.debug_aranges))
 .debug_aranges
                0x00000000       0x28 zephyr/arch/arch/arm/core/aarch32/libarch__arm__core__aarch32.a(swap_helper.S.obj)
 .debug_aranges
                0x00000028       0x30 zephyr/arch/arch/arm/core/aarch32/libarch__arm__core__aarch32.a(cpu_idle.S.obj)
 .debug_aranges
                0x00000058       0x20 zephyr/arch/arch/arm/core/aarch32/libarch__arm__core__aarch32.a(nmi_on_reset.S.obj)
 .debug_aranges
                0x00000078       0x20 zephyr/arch/arch/arm/core/aarch32/libarch__arm__core__aarch32.a(isr_wrapper.S.obj)
 .debug_aranges
                0x00000098       0x20 zephyr/arch/arch/arm/core/aarch32/cortex_m/libarch__arm__core__aarch32__cortex_m.a(reset.S.obj)
 .debug_aranges
                0x000000b8       0x20 zephyr/arch/arch/arm/core/aarch32/cortex_m/libarch__arm__core__aarch32__cortex_m.a(fault_s.S.obj)
 .debug_aranges
                0x000000d8       0x20 zephyr/arch/arch/arm/core/aarch32/cortex_m/libarch__arm__core__aarch32__cortex_m.a(exc_exit.S.obj)
 .debug_aranges
                0x000000f8       0x28 app/libapp.a(main.c.obj)
 .debug_aranges
                0x00000120       0x50 zephyr/libzephyr.a(fdtable.c.obj)
 .debug_aranges
                0x00000170       0x80 zephyr/libzephyr.a(printk.c.obj)
 .debug_aranges
                0x000001f0       0x20 zephyr/libzephyr.a(thread_entry.c.obj)
 .debug_aranges
                0x00000210       0x60 zephyr/libzephyr.a(heap.c.obj)
 .debug_aranges
                0x00000270       0x20 zephyr/libzephyr.a(configs.c.obj)
 .debug_aranges
                0x00000290       0x30 zephyr/libzephyr.a(soc.c.obj)
 .debug_aranges
                0x000002c0       0x28 zephyr/libzephyr.a(uart_console.c.obj)
 .debug_aranges
                0x000002e8       0x50 zephyr/libzephyr.a(nrf_power_clock.c.obj)
 .debug_aranges
                0x00000338       0x40 zephyr/libzephyr.a(sys_clock_init.c.obj)
 .debug_aranges
                0x00000378       0x48 zephyr/libzephyr.a(nrf_rtc_timer.c.obj)
 .debug_aranges
                0x000003c0       0x28 zephyr/libzephyr.a(nrf_cc310_platform_abort_zephyr.c.obj)
 .debug_aranges
                0x000003e8       0x40 zephyr/libzephyr.a(nrf_cc310_platform_mutex_zephyr.c.obj)
 .debug_aranges
                0x00000428       0x18 zephyr/arch/common/libarch__common.a(isr_tables.c.obj)
 .debug_aranges
                0x00000440       0x20 zephyr/arch/arch/arm/core/aarch32/libarch__arm__core__aarch32.a(swap.c.obj)
 .debug_aranges
                0x00000460       0x48 zephyr/arch/arch/arm/core/aarch32/libarch__arm__core__aarch32.a(irq_manage.c.obj)
 .debug_aranges
                0x000004a8       0x30 zephyr/arch/arch/arm/core/aarch32/libarch__arm__core__aarch32.a(thread.c.obj)
 .debug_aranges
                0x000004d8       0x30 zephyr/arch/arch/arm/core/aarch32/libarch__arm__core__aarch32.a(fatal.c.obj)
 .debug_aranges
                0x00000508       0x20 zephyr/arch/arch/arm/core/aarch32/libarch__arm__core__aarch32.a(nmi.c.obj)
 .debug_aranges
                0x00000528       0x20 zephyr/arch/arch/arm/core/aarch32/libarch__arm__core__aarch32.a(prep_c.c.obj)
 .debug_aranges
                0x00000548       0x40 zephyr/arch/arch/arm/core/aarch32/cortex_m/libarch__arm__core__aarch32__cortex_m.a(fault.c.obj)
 .debug_aranges
                0x00000588       0x20 zephyr/arch/arch/arm/core/aarch32/cortex_m/libarch__arm__core__aarch32__cortex_m.a(scb.c.obj)
 .debug_aranges
                0x000005a8       0x20 zephyr/arch/arch/arm/core/aarch32/cortex_m/libarch__arm__core__aarch32__cortex_m.a(irq_init.c.obj)
 .debug_aranges
                0x000005c8       0x20 zephyr/arch/arch/arm/core/aarch32/cortex_m/libarch__arm__core__aarch32__cortex_m.a(thread_abort.c.obj)
 .debug_aranges
                0x000005e8       0x28 zephyr/arch/arch/arm/core/aarch32/cortex_m/mpu/libarch__arm__core__aarch32__cortex_m__mpu.a(arm_core_mpu.c.obj)
 .debug_aranges
                0x00000610       0x60 zephyr/arch/arch/arm/core/aarch32/cortex_m/mpu/libarch__arm__core__aarch32__cortex_m__mpu.a(arm_mpu.c.obj)
 .debug_aranges
                0x00000670       0x40 zephyr/arch/arch/arm/core/aarch32/cortex_m/cmse/libarch__arm__core__aarch32__cortex_m__cmse.a(arm_core_cmse.c.obj)
 .debug_aranges
                0x000006b0       0x90 zephyr/lib/libc/minimal/liblib__libc__minimal.a(string.c.obj)
 .debug_aranges
                0x00000740       0x58 zephyr/lib/libc/minimal/liblib__libc__minimal.a(stdout_console.c.obj)
 .debug_aranges
                0x00000798       0x18 zephyr/soc/arm/common/cortex_m/libsoc__arm__common__cortex_m.a(arm_mpu_regions.c.obj)
 .debug_aranges
                0x000007b0       0x80 zephyr/drivers/gpio/libdrivers__gpio.a(gpio_nrfx.c.obj)
 .debug_aranges
                0x00000830       0x58 zephyr/drivers/serial/libdrivers__serial.a(uart_nrfx_uarte.c.obj)
 .debug_aranges
                0x00000888       0x20 modules/nrf/lib/fatal_error/lib..__nrf__lib__fatal_error.a(fatal_error.c.obj)
 .debug_aranges
                0x000008a8       0x20 modules/nrf/drivers/hw_cc310/lib..__nrf__drivers__hw_cc310.a(hw_cc310.c.obj)
 .debug_aranges
                0x000008c8       0x38 modules/nordic/lib..__modules__hal__nordic.a(system_nrf9160.c.obj)
 .debug_aranges
                0x00000900       0x30 modules/nordic/lib..__modules__hal__nordic.a(nrfx_glue.c.obj)
 .debug_aranges
                0x00000930       0x30 zephyr/kernel/libkernel.a(device.c.obj)
 .debug_aranges
                0x00000960       0x20 zephyr/kernel/libkernel.a(errno.c.obj)
 .debug_aranges
                0x00000980       0x38 zephyr/kernel/libkernel.a(fatal.c.obj)
 .debug_aranges
                0x000009b8       0x28 zephyr/kernel/libkernel.a(idle.c.obj)
 .debug_aranges
                0x000009e0       0x40 zephyr/kernel/libkernel.a(init.c.obj)
 .debug_aranges
                0x00000a20       0x38 zephyr/kernel/libkernel.a(mem_slab.c.obj)
 .debug_aranges
                0x00000a58       0x30 zephyr/kernel/libkernel.a(mutex.c.obj)
 .debug_aranges
                0x00000a88      0x1c0 zephyr/kernel/libkernel.a(sched.c.obj)
 .debug_aranges
                0x00000c48       0xa0 zephyr/kernel/libkernel.a(thread.c.obj)
 .debug_aranges
                0x00000ce8       0x90 zephyr/kernel/libkernel.a(timeout.c.obj)
 .debug_aranges
                0x00000d78       0x48 zephyr/kernel/libkernel.a(kheap.c.obj)
 .debug_aranges
                0x00000dc0       0x20 zephyr/CMakeFiles/offsets.dir/arch/arm/core/offsets/offsets.c.obj

.debug_pubnames
 *(SORT_BY_ALIGNMENT(.debug_pubnames))

.debug_info     0x00000000    0x3512e
 *(SORT_BY_ALIGNMENT(.debug_info) SORT_BY_ALIGNMENT(.gnu.linkonce.wi.*))
 .debug_info    0x00000000     0x171e app/libapp.a(main.c.obj)
 .debug_info    0x0000171e      0xe97 zephyr/libzephyr.a(fdtable.c.obj)
 .debug_info    0x000025b5     0x12ee zephyr/libzephyr.a(printk.c.obj)
 .debug_info    0x000038a3      0x950 zephyr/libzephyr.a(thread_entry.c.obj)
 .debug_info    0x000041f3     0x1e48 zephyr/libzephyr.a(heap.c.obj)
 .debug_info    0x0000603b       0x38 zephyr/libzephyr.a(configs.c.obj)
 .debug_info    0x00006073      0xd34 zephyr/libzephyr.a(soc.c.obj)
 .debug_info    0x00006da7      0xcc3 zephyr/libzephyr.a(uart_console.c.obj)
 .debug_info    0x00007a6a     0x2210 zephyr/libzephyr.a(nrf_power_clock.c.obj)
 .debug_info    0x00009c7a      0xa6a zephyr/libzephyr.a(sys_clock_init.c.obj)
 .debug_info    0x0000a6e4     0x21c5 zephyr/libzephyr.a(nrf_rtc_timer.c.obj)
 .debug_info    0x0000c8a9      0x958 zephyr/libzephyr.a(nrf_cc310_platform_abort_zephyr.c.obj)
 .debug_info    0x0000d201      0xf7f zephyr/libzephyr.a(nrf_cc310_platform_mutex_zephyr.c.obj)
 .debug_info    0x0000e180      0x240 zephyr/arch/common/libarch__common.a(isr_tables.c.obj)
 .debug_info    0x0000e3c0      0xc0b zephyr/arch/arch/arm/core/aarch32/libarch__arm__core__aarch32.a(swap.c.obj)
 .debug_info    0x0000efcb     0x1030 zephyr/arch/arch/arm/core/aarch32/libarch__arm__core__aarch32.a(irq_manage.c.obj)
 .debug_info    0x0000fffb      0xca9 zephyr/arch/arch/arm/core/aarch32/libarch__arm__core__aarch32.a(thread.c.obj)
 .debug_info    0x00010ca4      0xd82 zephyr/arch/arch/arm/core/aarch32/libarch__arm__core__aarch32.a(fatal.c.obj)
 .debug_info    0x00011a26      0x849 zephyr/arch/arch/arm/core/aarch32/libarch__arm__core__aarch32.a(nmi.c.obj)
 .debug_info    0x0001226f      0xe8a zephyr/arch/arch/arm/core/aarch32/libarch__arm__core__aarch32.a(prep_c.c.obj)
 .debug_info    0x000130f9       0x22 zephyr/arch/arch/arm/core/aarch32/libarch__arm__core__aarch32.a(swap_helper.S.obj)
 .debug_info    0x0001311b       0x22 zephyr/arch/arch/arm/core/aarch32/libarch__arm__core__aarch32.a(cpu_idle.S.obj)
 .debug_info    0x0001313d       0x26 zephyr/arch/arch/arm/core/aarch32/libarch__arm__core__aarch32.a(nmi_on_reset.S.obj)
 .debug_info    0x00013163       0x26 zephyr/arch/arch/arm/core/aarch32/libarch__arm__core__aarch32.a(isr_wrapper.S.obj)
 .debug_info    0x00013189       0x26 zephyr/arch/arch/arm/core/aarch32/cortex_m/libarch__arm__core__aarch32__cortex_m.a(reset.S.obj)
 .debug_info    0x000131af       0x26 zephyr/arch/arch/arm/core/aarch32/cortex_m/libarch__arm__core__aarch32__cortex_m.a(fault_s.S.obj)
 .debug_info    0x000131d5       0x26 zephyr/arch/arch/arm/core/aarch32/cortex_m/libarch__arm__core__aarch32__cortex_m.a(exc_exit.S.obj)
 .debug_info    0x000131fb     0x1893 zephyr/arch/arch/arm/core/aarch32/cortex_m/libarch__arm__core__aarch32__cortex_m.a(fault.c.obj)
 .debug_info    0x00014a8e      0xba6 zephyr/arch/arch/arm/core/aarch32/cortex_m/libarch__arm__core__aarch32__cortex_m.a(scb.c.obj)
 .debug_info    0x00015634      0x7d6 zephyr/arch/arch/arm/core/aarch32/cortex_m/libarch__arm__core__aarch32__cortex_m.a(irq_init.c.obj)
 .debug_info    0x00015e0a      0xcdd zephyr/arch/arch/arm/core/aarch32/cortex_m/libarch__arm__core__aarch32__cortex_m.a(thread_abort.c.obj)
 .debug_info    0x00016ae7      0xc4a zephyr/arch/arch/arm/core/aarch32/cortex_m/mpu/libarch__arm__core__aarch32__cortex_m__mpu.a(arm_core_mpu.c.obj)
 .debug_info    0x00017731     0x1c7f zephyr/arch/arch/arm/core/aarch32/cortex_m/mpu/libarch__arm__core__aarch32__cortex_m__mpu.a(arm_mpu.c.obj)
 .debug_info    0x000193b0      0xd6d zephyr/arch/arch/arm/core/aarch32/cortex_m/cmse/libarch__arm__core__aarch32__cortex_m__cmse.a(arm_core_cmse.c.obj)
 .debug_info    0x0001a11d      0x70d zephyr/lib/libc/minimal/liblib__libc__minimal.a(string.c.obj)
 .debug_info    0x0001a82a      0x68f zephyr/lib/libc/minimal/liblib__libc__minimal.a(stdout_console.c.obj)
 .debug_info    0x0001aeb9      0x20b zephyr/soc/arm/common/cortex_m/libsoc__arm__common__cortex_m.a(arm_mpu_regions.c.obj)
 .debug_info    0x0001b0c4     0x2f5f zephyr/drivers/gpio/libdrivers__gpio.a(gpio_nrfx.c.obj)
 .debug_info    0x0001e023     0x29ab zephyr/drivers/serial/libdrivers__serial.a(uart_nrfx_uarte.c.obj)
 .debug_info    0x000209ce     0x1043 modules/nrf/lib/fatal_error/lib..__nrf__lib__fatal_error.a(fatal_error.c.obj)
 .debug_info    0x00021a11      0xb69 modules/nrf/drivers/hw_cc310/lib..__nrf__drivers__hw_cc310.a(hw_cc310.c.obj)
 .debug_info    0x0002257a      0xef0 modules/nordic/lib..__modules__hal__nordic.a(system_nrf9160.c.obj)
 .debug_info    0x0002346a      0x9a7 modules/nordic/lib..__modules__hal__nordic.a(nrfx_glue.c.obj)
 .debug_info    0x00023e11      0xa7d zephyr/kernel/libkernel.a(device.c.obj)
 .debug_info    0x0002488e      0x8a5 zephyr/kernel/libkernel.a(errno.c.obj)
 .debug_info    0x00025133     0x13b9 zephyr/kernel/libkernel.a(fatal.c.obj)
 .debug_info    0x000264ec      0xa62 zephyr/kernel/libkernel.a(idle.c.obj)
 .debug_info    0x00026f4e     0x1db3 zephyr/kernel/libkernel.a(init.c.obj)
 .debug_info    0x00028d01     0x1084 zephyr/kernel/libkernel.a(mem_slab.c.obj)
 .debug_info    0x00029d85     0x11f9 zephyr/kernel/libkernel.a(mutex.c.obj)
 .debug_info    0x0002af7e     0x56a6 zephyr/kernel/libkernel.a(sched.c.obj)
 .debug_info    0x00030624     0x1657 zephyr/kernel/libkernel.a(thread.c.obj)
 .debug_info    0x00031c7b     0x1c2b zephyr/kernel/libkernel.a(timeout.c.obj)
 .debug_info    0x000338a6     0x102f zephyr/kernel/libkernel.a(kheap.c.obj)
 .debug_info    0x000348d5      0x859 zephyr/CMakeFiles/offsets.dir/arch/arm/core/offsets/offsets.c.obj

.debug_abbrev   0x00000000     0xa175
 *(SORT_BY_ALIGNMENT(.debug_abbrev))
 .debug_abbrev  0x00000000      0x462 app/libapp.a(main.c.obj)
 .debug_abbrev  0x00000462      0x3fe zephyr/libzephyr.a(fdtable.c.obj)
 .debug_abbrev  0x00000860      0x524 zephyr/libzephyr.a(printk.c.obj)
 .debug_abbrev  0x00000d84      0x27e zephyr/libzephyr.a(thread_entry.c.obj)
 .debug_abbrev  0x00001002      0x3da zephyr/libzephyr.a(heap.c.obj)
 .debug_abbrev  0x000013dc       0x2e zephyr/libzephyr.a(configs.c.obj)
 .debug_abbrev  0x0000140a      0x362 zephyr/libzephyr.a(soc.c.obj)
 .debug_abbrev  0x0000176c      0x393 zephyr/libzephyr.a(uart_console.c.obj)
 .debug_abbrev  0x00001aff      0x5cf zephyr/libzephyr.a(nrf_power_clock.c.obj)
 .debug_abbrev  0x000020ce      0x27f zephyr/libzephyr.a(sys_clock_init.c.obj)
 .debug_abbrev  0x0000234d      0x560 zephyr/libzephyr.a(nrf_rtc_timer.c.obj)
 .debug_abbrev  0x000028ad      0x23f zephyr/libzephyr.a(nrf_cc310_platform_abort_zephyr.c.obj)
 .debug_abbrev  0x00002aec      0x366 zephyr/libzephyr.a(nrf_cc310_platform_mutex_zephyr.c.obj)
 .debug_abbrev  0x00002e52      0x10c zephyr/arch/common/libarch__common.a(isr_tables.c.obj)
 .debug_abbrev  0x00002f5e      0x26c zephyr/arch/arch/arm/core/aarch32/libarch__arm__core__aarch32.a(swap.c.obj)
 .debug_abbrev  0x000031ca      0x387 zephyr/arch/arch/arm/core/aarch32/libarch__arm__core__aarch32.a(irq_manage.c.obj)
 .debug_abbrev  0x00003551      0x331 zephyr/arch/arch/arm/core/aarch32/libarch__arm__core__aarch32.a(thread.c.obj)
 .debug_abbrev  0x00003882      0x381 zephyr/arch/arch/arm/core/aarch32/libarch__arm__core__aarch32.a(fatal.c.obj)
 .debug_abbrev  0x00003c03      0x1e1 zephyr/arch/arch/arm/core/aarch32/libarch__arm__core__aarch32.a(nmi.c.obj)
 .debug_abbrev  0x00003de4      0x30a zephyr/arch/arch/arm/core/aarch32/libarch__arm__core__aarch32.a(prep_c.c.obj)
 .debug_abbrev  0x000040ee       0x12 zephyr/arch/arch/arm/core/aarch32/libarch__arm__core__aarch32.a(swap_helper.S.obj)
 .debug_abbrev  0x00004100       0x12 zephyr/arch/arch/arm/core/aarch32/libarch__arm__core__aarch32.a(cpu_idle.S.obj)
 .debug_abbrev  0x00004112       0x14 zephyr/arch/arch/arm/core/aarch32/libarch__arm__core__aarch32.a(nmi_on_reset.S.obj)
 .debug_abbrev  0x00004126       0x14 zephyr/arch/arch/arm/core/aarch32/libarch__arm__core__aarch32.a(isr_wrapper.S.obj)
 .debug_abbrev  0x0000413a       0x14 zephyr/arch/arch/arm/core/aarch32/cortex_m/libarch__arm__core__aarch32__cortex_m.a(reset.S.obj)
 .debug_abbrev  0x0000414e       0x14 zephyr/arch/arch/arm/core/aarch32/cortex_m/libarch__arm__core__aarch32__cortex_m.a(fault_s.S.obj)
 .debug_abbrev  0x00004162       0x14 zephyr/arch/arch/arm/core/aarch32/cortex_m/libarch__arm__core__aarch32__cortex_m.a(exc_exit.S.obj)
 .debug_abbrev  0x00004176      0x463 zephyr/arch/arch/arm/core/aarch32/cortex_m/libarch__arm__core__aarch32__cortex_m.a(fault.c.obj)
 .debug_abbrev  0x000045d9      0x257 zephyr/arch/arch/arm/core/aarch32/cortex_m/libarch__arm__core__aarch32__cortex_m.a(scb.c.obj)
 .debug_abbrev  0x00004830      0x1ee zephyr/arch/arch/arm/core/aarch32/cortex_m/libarch__arm__core__aarch32__cortex_m.a(irq_init.c.obj)
 .debug_abbrev  0x00004a1e      0x308 zephyr/arch/arch/arm/core/aarch32/cortex_m/libarch__arm__core__aarch32__cortex_m.a(thread_abort.c.obj)
 .debug_abbrev  0x00004d26      0x22b zephyr/arch/arch/arm/core/aarch32/cortex_m/mpu/libarch__arm__core__aarch32__cortex_m__mpu.a(arm_core_mpu.c.obj)
 .debug_abbrev  0x00004f51      0x549 zephyr/arch/arch/arm/core/aarch32/cortex_m/mpu/libarch__arm__core__aarch32__cortex_m__mpu.a(arm_mpu.c.obj)
 .debug_abbrev  0x0000549a      0x2ae zephyr/arch/arch/arm/core/aarch32/cortex_m/cmse/libarch__arm__core__aarch32__cortex_m__cmse.a(arm_core_cmse.c.obj)
 .debug_abbrev  0x00005748      0x1a2 zephyr/lib/libc/minimal/liblib__libc__minimal.a(string.c.obj)
 .debug_abbrev  0x000058ea      0x255 zephyr/lib/libc/minimal/liblib__libc__minimal.a(stdout_console.c.obj)
 .debug_abbrev  0x00005b3f      0x10a zephyr/soc/arm/common/cortex_m/libsoc__arm__common__cortex_m.a(arm_mpu_regions.c.obj)
 .debug_abbrev  0x00005c49      0x5cd zephyr/drivers/gpio/libdrivers__gpio.a(gpio_nrfx.c.obj)
 .debug_abbrev  0x00006216      0x4f6 zephyr/drivers/serial/libdrivers__serial.a(uart_nrfx_uarte.c.obj)
 .debug_abbrev  0x0000670c      0x2ad modules/nrf/lib/fatal_error/lib..__nrf__lib__fatal_error.a(fatal_error.c.obj)
 .debug_abbrev  0x000069b9      0x246 modules/nrf/drivers/hw_cc310/lib..__nrf__drivers__hw_cc310.a(hw_cc310.c.obj)
 .debug_abbrev  0x00006bff      0x2c2 modules/nordic/lib..__modules__hal__nordic.a(system_nrf9160.c.obj)
 .debug_abbrev  0x00006ec1      0x283 modules/nordic/lib..__modules__hal__nordic.a(nrfx_glue.c.obj)
 .debug_abbrev  0x00007144      0x2ef zephyr/kernel/libkernel.a(device.c.obj)
 .debug_abbrev  0x00007433      0x1e6 zephyr/kernel/libkernel.a(errno.c.obj)
 .debug_abbrev  0x00007619      0x429 zephyr/kernel/libkernel.a(fatal.c.obj)
 .debug_abbrev  0x00007a42      0x309 zephyr/kernel/libkernel.a(idle.c.obj)
 .debug_abbrev  0x00007d4b      0x5cc zephyr/kernel/libkernel.a(init.c.obj)
 .debug_abbrev  0x00008317      0x3d7 zephyr/kernel/libkernel.a(mem_slab.c.obj)
 .debug_abbrev  0x000086ee      0x41f zephyr/kernel/libkernel.a(mutex.c.obj)
 .debug_abbrev  0x00008b0d      0x660 zephyr/kernel/libkernel.a(sched.c.obj)
 .debug_abbrev  0x0000916d      0x56d zephyr/kernel/libkernel.a(thread.c.obj)
 .debug_abbrev  0x000096da      0x4fb zephyr/kernel/libkernel.a(timeout.c.obj)
 .debug_abbrev  0x00009bd5      0x3ce zephyr/kernel/libkernel.a(kheap.c.obj)
 .debug_abbrev  0x00009fa3      0x1d2 zephyr/CMakeFiles/offsets.dir/arch/arm/core/offsets/offsets.c.obj

.debug_line     0x00000000    0x15d52
 *(SORT_BY_ALIGNMENT(.debug_line) SORT_BY_ALIGNMENT(.debug_line.*) SORT_BY_ALIGNMENT(.debug_line_end))
 .debug_line    0x00000000      0x6b1 app/libapp.a(main.c.obj)
 .debug_line    0x000006b1      0x67e zephyr/libzephyr.a(fdtable.c.obj)
 .debug_line    0x00000d2f      0x9d1 zephyr/libzephyr.a(printk.c.obj)
 .debug_line    0x00001700      0x3d9 zephyr/libzephyr.a(thread_entry.c.obj)
 .debug_line    0x00001ad9      0xca1 zephyr/libzephyr.a(heap.c.obj)
 .debug_line    0x0000277a      0x14f zephyr/libzephyr.a(configs.c.obj)
 .debug_line    0x000028c9      0x4c6 zephyr/libzephyr.a(soc.c.obj)
 .debug_line    0x00002d8f      0x4c4 zephyr/libzephyr.a(uart_console.c.obj)
 .debug_line    0x00003253      0xbe3 zephyr/libzephyr.a(nrf_power_clock.c.obj)
 .debug_line    0x00003e36      0x3e3 zephyr/libzephyr.a(sys_clock_init.c.obj)
 .debug_line    0x00004219      0xcab zephyr/libzephyr.a(nrf_rtc_timer.c.obj)
 .debug_line    0x00004ec4      0x41b zephyr/libzephyr.a(nrf_cc310_platform_abort_zephyr.c.obj)
 .debug_line    0x000052df      0x603 zephyr/libzephyr.a(nrf_cc310_platform_mutex_zephyr.c.obj)
 .debug_line    0x000058e2      0x21a zephyr/arch/common/libarch__common.a(isr_tables.c.obj)
 .debug_line    0x00005afc      0x466 zephyr/arch/arch/arm/core/aarch32/libarch__arm__core__aarch32.a(swap.c.obj)
 .debug_line    0x00005f62      0x50f zephyr/arch/arch/arm/core/aarch32/libarch__arm__core__aarch32.a(irq_manage.c.obj)
 .debug_line    0x00006471      0x59b zephyr/arch/arch/arm/core/aarch32/libarch__arm__core__aarch32.a(thread.c.obj)
 .debug_line    0x00006a0c      0x472 zephyr/arch/arch/arm/core/aarch32/libarch__arm__core__aarch32.a(fatal.c.obj)
 .debug_line    0x00006e7e      0x387 zephyr/arch/arch/arm/core/aarch32/libarch__arm__core__aarch32.a(nmi.c.obj)
 .debug_line    0x00007205      0x4fe zephyr/arch/arch/arm/core/aarch32/libarch__arm__core__aarch32.a(prep_c.c.obj)
 .debug_line    0x00007703       0xc7 zephyr/arch/arch/arm/core/aarch32/libarch__arm__core__aarch32.a(swap_helper.S.obj)
 .debug_line    0x000077ca       0xa8 zephyr/arch/arch/arm/core/aarch32/libarch__arm__core__aarch32.a(cpu_idle.S.obj)
 .debug_line    0x00007872       0x77 zephyr/arch/arch/arm/core/aarch32/libarch__arm__core__aarch32.a(nmi_on_reset.S.obj)
 .debug_line    0x000078e9       0x9f zephyr/arch/arch/arm/core/aarch32/libarch__arm__core__aarch32.a(isr_wrapper.S.obj)
 .debug_line    0x00007988       0x89 zephyr/arch/arch/arm/core/aarch32/cortex_m/libarch__arm__core__aarch32__cortex_m.a(reset.S.obj)
 .debug_line    0x00007a11       0x80 zephyr/arch/arch/arm/core/aarch32/cortex_m/libarch__arm__core__aarch32__cortex_m.a(fault_s.S.obj)
 .debug_line    0x00007a91       0x8a zephyr/arch/arch/arm/core/aarch32/cortex_m/libarch__arm__core__aarch32__cortex_m.a(exc_exit.S.obj)
 .debug_line    0x00007b1b      0x918 zephyr/arch/arch/arm/core/aarch32/cortex_m/libarch__arm__core__aarch32__cortex_m.a(fault.c.obj)
 .debug_line    0x00008433      0x3d0 zephyr/arch/arch/arm/core/aarch32/cortex_m/libarch__arm__core__aarch32__cortex_m.a(scb.c.obj)
 .debug_line    0x00008803      0x2cf zephyr/arch/arch/arm/core/aarch32/cortex_m/libarch__arm__core__aarch32__cortex_m.a(irq_init.c.obj)
 .debug_line    0x00008ad2      0x4d4 zephyr/arch/arch/arm/core/aarch32/cortex_m/libarch__arm__core__aarch32__cortex_m.a(thread_abort.c.obj)
 .debug_line    0x00008fa6      0x4b3 zephyr/arch/arch/arm/core/aarch32/cortex_m/mpu/libarch__arm__core__aarch32__cortex_m__mpu.a(arm_core_mpu.c.obj)
 .debug_line    0x00009459      0xc10 zephyr/arch/arch/arm/core/aarch32/cortex_m/mpu/libarch__arm__core__aarch32__cortex_m__mpu.a(arm_mpu.c.obj)
 .debug_line    0x0000a069      0x4f2 zephyr/arch/arch/arm/core/aarch32/cortex_m/cmse/libarch__arm__core__aarch32__cortex_m__cmse.a(arm_core_cmse.c.obj)
 .debug_line    0x0000a55b      0x5a4 zephyr/lib/libc/minimal/liblib__libc__minimal.a(string.c.obj)
 .debug_line    0x0000aaff      0x300 zephyr/lib/libc/minimal/liblib__libc__minimal.a(stdout_console.c.obj)
 .debug_line    0x0000adff      0x22b zephyr/soc/arm/common/cortex_m/libsoc__arm__common__cortex_m.a(arm_mpu_regions.c.obj)
 .debug_line    0x0000b02a     0x1154 zephyr/drivers/gpio/libdrivers__gpio.a(gpio_nrfx.c.obj)
 .debug_line    0x0000c17e      0xc94 zephyr/drivers/serial/libdrivers__serial.a(uart_nrfx_uarte.c.obj)
 .debug_line    0x0000ce12      0x438 modules/nrf/lib/fatal_error/lib..__nrf__lib__fatal_error.a(fatal_error.c.obj)
 .debug_line    0x0000d24a      0x433 modules/nrf/drivers/hw_cc310/lib..__nrf__drivers__hw_cc310.a(hw_cc310.c.obj)